 GameMP

 Timestamp is 68e261b1 (Sun Oct 05 17:16:49 2025)

 Preferred load address is 10000000

 Start         Length     Name                   Class
 0001:00000000 0001d058H .text                   CODE
 0001:0001d060 0000236cH .text$x                 CODE
 0002:00000000 000004ecH .idata$5                DATA
 0002:000004f0 000002f4H .rdata                  DATA
 0002:000007e8 00000044H .rdata$r                DATA
 0002:00000830 00002e20H .xdata$x                DATA
 0002:00003650 00000064H .idata$2                DATA
 0002:000036b4 00000014H .idata$3                DATA
 0002:000036c8 000004ecH .idata$4                DATA
 0002:00003bb4 00002c32H .idata$6                DATA
 0002:000067f0 00000049H .edata                  DATA
 0003:00000000 00000004H .CRT$XCA                DATA
 0003:00000004 0000010cH .CRT$XCU                DATA
 0003:00000110 00000004H .CRT$XCZ                DATA
 0003:00000114 00000004H .CRT$XIA                DATA
 0003:00000118 00000004H .CRT$XIZ                DATA
 0003:00000120 00006940H .data                   DATA
 0003:00006a60 0000156cH .bss                    DATA

  Address         Publics by Value              Rva+Base     Lib:Object

 0001:000000a0       ?CAM_Init@@YAXXZ           100010a0 f   Camera.obj
 0001:000003f0       ?CAM_IsOn@@YAHXZ           100013f0 f   Camera.obj
 0001:00000400       ?ReadPos@@YAXAAVCCameraPos@@@Z 10001400 f   Camera.obj
 0001:000004c0       ?WritePos@@YAXAAVCCameraPos@@@Z 100014c0 f   Camera.obj
 0001:000005c0       ?SetSpeed@@YAXM@Z          100015c0 f   Camera.obj
 0001:00000640       ?CAM_Start@@YAXABVCTFileName@@@Z 10001640 f   Camera.obj
 0001:000007e0       ?CAM_Stop@@YAXXZ           100017e0 f   Camera.obj
 0001:00000800       ?CAM_Render@@YAXPAVCEntity@@PAVCDrawPort@@@Z 10001800 f   Camera.obj
 0001:000010a0       ??_H@YGXPAXIHP6EX0@Z@Z     100020a0 f i Camera.obj
 0001:000010d0       ??0CCompMessage@@QAE@XZ    100020d0 f   CompMessage.obj
 0001:00001180       ?Clear@CCompMessage@@QAEXXZ 10002180 f   CompMessage.obj
 0001:000011b0       ?SetMessage@CCompMessage@@QAEXPAVCCompMessageID@@@Z 100021b0 f   CompMessage.obj
 0001:000011f0       ?Load_t@CCompMessage@@QAEXXZ 100021f0 f   CompMessage.obj
 0001:00001440       ?Format@CCompMessage@@QAEXJ@Z 10002440 f   CompMessage.obj
 0001:00001580       ?PrepareMessage@CCompMessage@@QAEXJ@Z 10002580 f   CompMessage.obj
 0001:00001600       ?UnprepareMessage@CCompMessage@@QAEXXZ 10002600 f   CompMessage.obj
 0001:000016a0       ?MarkRead@CCompMessage@@QAEXXZ 100026a0 f   CompMessage.obj
 0001:000016b0       ?GetLine@CCompMessage@@QAE?AVCTString@@J@Z 100026b0 f   CompMessage.obj
 0001:000018e0       ?AddAttachment_t@@YAPAVCModelObject@@PAV1@JABVCTFileName@@J111@Z 100028e0 f   CompModels.obj
 0001:00001940       ?SetupCompModel_t@@YAXABVCTString@@@Z 10002940 f   CompModels.obj
 0001:00007960       ?RenderMessageModel@@YAXPAVCDrawPort@@ABVCTString@@@Z 10008960 f   CompModels.obj
 0001:000083f0       ?SyncScrollWithActive@@YAXXZ 100093f0 f   Computer.obj
 0001:00008420       ?LastUnreadMessage@@YAXXZ  10009420 f   Computer.obj
 0001:00008470       ?PrevMessage@@YAXXZ        10009470 f   Computer.obj
 0001:000084a0       ?NextMessage@@YAXXZ        100094a0 f   Computer.obj
 0001:000084d0       ?MessagesUpDn@@YAXJ@Z      100094d0 f   Computer.obj
 0001:00008530       ?SelectMessage@@YAXJ@Z     10009530 f   Computer.obj
 0001:00008570       ?MessageTextUp@@YAXJ@Z     10009570 f   Computer.obj
 0001:000085a0       ?MessageTextDn@@YAXJ@Z     100095a0 f   Computer.obj
 0001:00008610       ?MessageTextUpDn@@YAXJ@Z   10009610 f   Computer.obj
 0001:00008640       ?MarkCurrentRead@@YAXXZ    10009640 f   Computer.obj
 0001:000086b0       ?PrintButton@@YAXPAVCDrawPort@@J@Z 100096b0 f   Computer.obj
 0001:00008980       ?PrintTitle@@YAXPAVCDrawPort@@@Z 10009980 f   Computer.obj
 0001:00008a60       ?PrintExit@@YAXPAVCDrawPort@@@Z 10009a60 f   Computer.obj
 0001:00008b50       ?PrintMessageList@@YAXPAVCDrawPort@@@Z 10009b50 f   Computer.obj
 0001:00009190       ?PrintMessageText@@YAXPAVCDrawPort@@@Z 1000a190 f   Computer.obj
 0001:00009930       ?RenderMessagePicture@@YAXPAVCDrawPort@@@Z 1000a930 f   Computer.obj
 0001:00009c00       ?RenderLoadingScreen@@YAXPAVCDrawPort@@@Z 1000ac00 f   Computer.obj
 0001:00009df0       ?RenderMessageStats@@YAXPAVCDrawPort@@@Z 1000adf0 f   Computer.obj
 0001:00009ea0       ?RenderMessageImage@@YAXPAVCDrawPort@@@Z 1000aea0 f   Computer.obj
 0001:00009f80       ?ComputerMouseMove@CGame@@UAEXJJ@Z 1000af80 f   Computer.obj
 0001:0000a150       ?ComputerKeyDown@CGame@@UAEXUtagMSG@@@Z 1000b150 f   Computer.obj
 0001:0000a940       ?ComputerRender@CGame@@UAEXPAVCDrawPort@@@Z 1000b940 f   Computer.obj
 0001:0000be10       ?ComputerForceOff@CGame@@UAEXXZ 1000ce10 f   Computer.obj
 0001:0000be40       ??0?$CStaticStackArray@VCCompMessage@@@@QAE@XZ 1000ce40 f i Computer.obj
 0001:0000be60       ??1?$CStaticStackArray@VCCompMessage@@@@QAE@XZ 1000ce60 f i Computer.obj
 0001:0000bea0       ?SetToNormalizedEmpty@?$AABBox@J$01@@QAEXXZ 1000cea0 f i Computer.obj
 0001:0000bec0       ??N?$AABBox@J$01@@QBEHABV0@@Z 1000cec0 f i Computer.obj
 0001:0000bf10       ?Expand@?$CStaticArray@VCCompMessage@@@@QAEXJ@Z 1000cf10 f i Computer.obj
 0001:0000c150       ??_ECCompMessage@@QAEPAXI@Z 1000d150 f i Computer.obj
 0001:0000c1b0       ??1CCompMessage@@QAE@XZ    1000d1b0 f i Computer.obj
 0001:0000c430       ?GetLineCountBackward@@YAHPBD0JAAVCTString@@@Z 1000d430 f   Console.obj
 0001:0000c4d0       ?ConsoleRender@CGame@@UAEXPAVCDrawPort@@@Z 1000d4d0 f   Console.obj
 0001:0000ca50       ?ConsolePrintLastLines@CGame@@UAEXPAVCDrawPort@@@Z 1000da50 f   Console.obj
 0001:0000cb90       ?DoCheat@@YAXABVCTString@@0@Z 1000db90 f   Console.obj
 0001:0000cbf0       ?strrnonsym@@YAPADPBD@Z    1000dbf0 f   Console.obj
 0001:0000cc40       ?ConsoleKeyDown@CGame@@UAEXUtagMSG@@@Z 1000dc40 f   Console.obj
 0001:0000dce0       ?ConsoleChar@CGame@@UAEXUtagMSG@@@Z 1000ece0 f   Console.obj
 0001:0000dd70       ??1?$CDynamicArrayIterator@VCShellSymbol@@@@QAE@XZ 1000ed70 f i Console.obj
 0001:0000dd80       ??0CControls@@QAE@XZ       1000ed80 f   Controls.obj
 0001:0000dda0       ??1CControls@@UAE@XZ       1000eda0 f   Controls.obj
 0001:0000dde0       ??4CControls@@UAEAAV0@AAV0@@Z 1000ede0 f   Controls.obj
 0001:0000de90       ?SwitchAxesToDefaults@CControls@@UAEXXZ 1000ee90 f   Controls.obj
 0001:0000df10       ?SwitchToDefaults@CControls@@UAEXXZ 1000ef10 f   Controls.obj
 0001:0000dfd0       ?CalculateInfluencesForAllAxis@CControls@@UAEXXZ 1000efd0 f   Controls.obj
 0001:0000e060       ?DIKForName@@YAJVCTString@@@Z 1000f060 f   Controls.obj
 0001:0000e120       ?ReadTextLine@@YA?AVCTString@@AAVCTStream@@ABV1@H@Z 1000f120 f   Controls.obj
 0001:0000e230       ?Load_t@CControls@@UAEXVCTFileName@@@Z 1000f230 f   Controls.obj
 0001:0000e8e0       ?Save_t@CControls@@UAEXVCTFileName@@@Z 1000f8e0 f   Controls.obj
 0001:0000ec60       ?UsesJoystick@CControls@@UAEHXZ 1000fc60 f   Controls.obj
 0001:0000eca0       ??_ECControls@@UAEPAXI@Z   1000fca0 f i Controls.obj
 0001:0000eca0       ??_GCControls@@UAEPAXI@Z   1000fca0 f i Controls.obj
 0001:0000ecd0       ??1CButtonAction@@QAE@XZ   1000fcd0 f i Controls.obj
 0001:0000f100       _GAME_Create               10010100 f   Game.obj
 0001:0000f3a0       ?MaybeDiscardLastLines@@YAXXZ 100103a0 f   Game.obj
 0001:0000f3c0       ??0CEnableUserBreak@@QAE@XZ 100103c0 f   Game.obj
 0001:0000f3e0       ??1CEnableUserBreak@@QAE@XZ 100103e0 f   Game.obj
 0001:0000f3f0       ??0CButtonAction@@QAE@XZ   100103f0 f   Game.obj
 0001:0000f470       ??4CButtonAction@@UAEAAV0@AAV0@@Z 10010470 f   Game.obj
 0001:0000f4f0       ?Read_t@CButtonAction@@UAEXAAVCTStream@@@Z 100104f0 f   Game.obj
 0001:0000f550       ?Write_t@CButtonAction@@UAEXAAVCTStream@@@Z 10010550 f   Game.obj
 0001:0000f5b0       ?DoButtonActions@CControls@@UAEXXZ 100105b0 f   Game.obj
 0001:0000f670       ?GetAxisValue@CControls@@UAEMJ@Z 10010670 f   Game.obj
 0001:0000f750       ?CreateAction@CControls@@UAEXABVCPlayerCharacter@@AAVCPlayerAction@@H@Z 10010750 f   Game.obj
 0001:0000f7f0       ?AddButtonAction@CControls@@UAEAAVCButtonAction@@XZ 100107f0 f   Game.obj
 0001:0000f860       ?RemoveButtonAction@CControls@@UAEXAAVCButtonAction@@@Z 10010860 f   Game.obj
 0001:0000f890       ?DemoReportFragmentsProfile@CGame@@UAE?AVCTString@@J@Z 10010890 f   Game.obj
 0001:0000fed0       ?DemoReportAnalyzedProfile@CGame@@UAE?AVCTString@@XZ 10010ed0 f   Game.obj
 0001:00010450       ?HandleTimer@CGameTimerHandler@@UAEXXZ 10011450 f   Game.obj
 0001:00010460       ?GameHandleTimer@CGame@@QAEXXZ 10011460 f   Game.obj
 0001:000106c0       ?InitInternal@CGame@@QAEXXZ 100116c0 f   Game.obj
 0001:00012160       ?EndInternal@CGame@@QAEXXZ 10013160 f   Game.obj
 0001:000122b0       ?NewGame@CGame@@UAEHABVCTString@@ABVCTFileName@@AAVCSessionProperties@@@Z 100132b0 f   Game.obj
 0001:00012550       ?JoinGame@CGame@@UAEHAAVCNetworkSession@@@Z 10013550 f   Game.obj
 0001:00012680       ?LoadGame@CGame@@UAEHABVCTFileName@@@Z 10013680 f   Game.obj
 0001:00012800       ?StartDemoPlay@CGame@@UAEHABVCTFileName@@@Z 10013800 f   Game.obj
 0001:00012a80       ?StartDemoRec@CGame@@UAEHABVCTFileName@@@Z 10013a80 f   Game.obj
 0001:00012bd0       ?StopDemoRec@CGame@@UAEXXZ 10013bd0 f   Game.obj
 0001:00012c00       ?SaveGame@CGame@@UAEHABVCTFileName@@@Z 10013c00 f   Game.obj
 0001:00012d70       ?StopGame@CGame@@UAEXXZ    10013d70 f   Game.obj
 0001:00012df0       ?StartProviderFromName@CGame@@QAEHXZ 10013df0 f   Game.obj
 0001:00012f90       ??0CHighScoreEntry@@QAE@XZ 10013f90 f   Game.obj
 0001:00013010       ?PackHighScoreTable@CGame@@QAEJXZ 10014010 f   Game.obj
 0001:000130c0       ?UnpackHighScoreTable@CGame@@QAEXJ@Z 100140c0 f   Game.obj
 0001:000132c0       ?Load_t@CGame@@UAEXXZ      100142c0 f   Game.obj
 0001:00013450       ?Save_t@CGame@@UAEXXZ      10014450 f   Game.obj
 0001:000135c0       ?LoadControls@@YAXAAVCControls@@J@Z 100145c0 f   Game.obj
 0001:000136a0       ?LoadPlayer@@YAXAAVCPlayerCharacter@@J@Z 100146a0 f   Game.obj
 0001:00013810       ?LoadPlayersAndControls@CGame@@UAEXXZ 10014810 f   Game.obj
 0001:00013860       ?SavePlayersAndControls@CGame@@UAEXXZ 10014860 f   Game.obj
 0001:00013e40       ?SetupLocalPlayers@CGame@@QAEXXZ 10014e40 f   Game.obj
 0001:00013eb0       ?AddPlayers@CGame@@QAEHXZ  10014eb0 f   Game.obj
 0001:00014020       ?SaveThumbnail@CGame@@QAEXABVCTFileName@@@Z 10015020 f   Game.obj
 0001:00014100       ?GameRedrawView@CGame@@UAEXPAVCDrawPort@@K@Z 10015100 f   Game.obj
 0001:00017780       ?RecordHighScore@CGame@@QAEXXZ 10018780 f   Game.obj
 0001:00017940       ?GetLivePlayersCount@CGame@@UAEJXZ 10018940 f   Game.obj
 0001:00017970       ?GetPlayersCount@CGame@@UAEJXZ 10018970 f   Game.obj
 0001:000179a0       ?GetDefaultGameDescription@CGame@@UAE?AVCTString@@H@Z 100189a0 f   Game.obj
 0001:00017b40       ?qsort_CompareQuickSaves_FileUp@@YAHPBX0@Z 10018b40 f   Game.obj
 0001:00017b90       ?FixQuicksaveDir@@YAJABVCTFileName@@J@Z 10018b90 f   Game.obj
 0001:00017f40       ?GetQuickSaveName@CGame@@QAE?AVCTFileName@@H@Z 10018f40 f   Game.obj
 0001:00018100       ?GameMainLoop@CGame@@UAEXXZ 10019100 f   Game.obj
 0001:00018a30       ?TiledTextureSE@@YAXAAV?$AABBox@J$01@@MAAV?$Vector@J$01@@0@Z 10019a30 f   Game.obj
 0001:00018b30       ?LCDInit@CGame@@UAEXXZ     10019b30 f   Game.obj
 0001:00018d70       ?LCDEnd@CGame@@UAEXXZ      10019d70 f   Game.obj
 0001:00018d80       ?LCDPrepare@CGame@@UAEXM@Z 10019d80 f   Game.obj
 0001:00018dd0       ?LCDSetDrawport@CGame@@UAEXPAVCDrawPort@@@Z 10019dd0 f   Game.obj
 0001:00018e90       ?LCDDrawBox@CGame@@UAEXJJAAV?$AABBox@J$01@@K@Z 10019e90 f   Game.obj
 0001:00018eb0       ?LCDScreenBox@CGame@@UAEXK@Z 10019eb0 f   Game.obj
 0001:00018ec0       ?LCDScreenBoxOpenLeft@CGame@@UAEXK@Z 10019ec0 f   Game.obj
 0001:00018ed0       ?LCDScreenBoxOpenRight@CGame@@UAEXK@Z 10019ed0 f   Game.obj
 0001:00018ee0       ?LCDRenderClouds1@CGame@@UAEXXZ 10019ee0 f   Game.obj
 0001:000195b0       ?LCDRenderCloudsForComp@CGame@@QAEXXZ 1001a5b0 f   Game.obj
 0001:000196f0       ?LCDRenderClouds2@CGame@@UAEXXZ 1001a6f0 f   Game.obj
 0001:00019700       ?LCDRenderGrid@CGame@@UAEXXZ 1001a700 f   Game.obj
 0001:00019710       ?LCDRenderCompGrid@CGame@@QAEXXZ 1001a710 f   Game.obj
 0001:000197a0       ?LCDDrawPointer@CGame@@UAEXJJ@Z 1001a7a0 f   Game.obj
 0001:000198b0       ?LCDGetColor@CGame@@UAEKKPBD@Z 1001a8b0 f   Game.obj
 0001:00019c30       ?LCDFadedColor@CGame@@UAEKK@Z 1001ac30 f   Game.obj
 0001:00019c50       ?LCDBlinkingColor@CGame@@UAEKKK@Z 1001ac50 f   Game.obj
 0001:00019c70       ?MenuPreRenderMenu@CGame@@UAEXPBD@Z 1001ac70 f   Game.obj
 0001:00019c80       ?MenuPostRenderMenu@CGame@@UAEXPBD@Z 1001ac80 f   Game.obj
 0001:00019c90       ??1CHighScoreEntry@@QAE@XZ 1001ac90 f i Game.obj
 0001:00019ca0       ??_ECGameTimerHandler@@UAEPAXI@Z 1001aca0 f i Game.obj
 0001:00019ca0       ??_GCGameTimerHandler@@UAEPAXI@Z 1001aca0 f i Game.obj
 0001:00019cd0       ??1CGameTimerHandler@@UAE@XZ 1001acd0 f i Game.obj
 0001:00019cf0       ??_ECTimerHandler@@UAEPAXI@Z 1001acf0 f i Game.obj
 0001:00019cf0       ??_GCTimerHandler@@UAEPAXI@Z 1001acf0 f i Game.obj
 0001:00019d20       ??1CTimerHandler@@UAE@XZ   1001ad20 f i Game.obj
 0001:00019d40       ??1?$CDynamicStackArray@VCTFileName@@@@QAE@XZ 1001ad40 f i Game.obj
 0001:00019e00       ??0?$CStaticStackArray@J@@QAE@XZ 1001ae00 f i Game.obj
 0001:00019e20       ??1?$CStaticStackArray@J@@QAE@XZ 1001ae20 f i Game.obj
 0001:00019e50       ??0?$CStaticStackArray@M@@QAE@XZ 1001ae50 f i Game.obj
 0001:00019e70       ??1?$CStaticStackArray@M@@QAE@XZ 1001ae70 f i Game.obj
 0001:00019ea0       ??0?$CDynamicArray@VCTFileName@@@@QAE@XZ 1001aea0 f i Game.obj
 0001:00019ec0       ?New@?$CStaticArray@J@@QAEXJ@Z 1001aec0 f i Game.obj
 0001:00019ef0       ?New@?$CStaticArray@M@@QAEXJ@Z 1001aef0 f i Game.obj
 0001:0001a020       ?LCDInit@@YAXXZ            1001b020 f   LCDDrawing.obj
 0001:0001a110       ?LCDEnd@@YAXXZ             1001b110 f   LCDDrawing.obj
 0001:0001a140       ?LCDPrepare@@YAXM@Z        1001b140 f   LCDDrawing.obj
 0001:0001a180       ?LCDSetDrawport@@YAXPAVCDrawPort@@@Z 1001b180 f   LCDDrawing.obj
 0001:0001a200       ?TiledTexture@@YAXAAV?$AABBox@J$01@@MAAV?$Vector@J$01@@0@Z 1001b200 f   LCDDrawing.obj
 0001:0001a300       ?LCDDrawBox@@YAXJJAAV?$AABBox@J$01@@K@Z 1001b300 f   LCDDrawing.obj
 0001:0001a3b0       ?LCDScreenBoxOpenLeft@@YAXK@Z 1001b3b0 f   LCDDrawing.obj
 0001:0001a430       ?LCDScreenBoxOpenRight@@YAXK@Z 1001b430 f   LCDDrawing.obj
 0001:0001a4b0       ?LCDScreenBox@@YAXK@Z      1001b4b0 f   LCDDrawing.obj
 0001:0001a4d0       ?LCDRenderClouds1@@YAXXZ   1001b4d0 f   LCDDrawing.obj
 0001:0001a610       ?LCDRenderClouds2@@YAXXZ   1001b610 f   LCDDrawing.obj
 0001:0001a690       ?LCDRenderClouds2Light@@YAXXZ 1001b690 f   LCDDrawing.obj
 0001:0001a710       ?LCDRenderGrid@@YAXXZ      1001b710 f   LCDDrawing.obj
 0001:0001a780       ?LCDGetColor@@YAKKPBD@Z    1001b780 f   LCDDrawing.obj
 0001:0001a790       ?LCDFadedColor@@YAKK@Z     1001b790 f   LCDDrawing.obj
 0001:0001a7b0       ?LCDBlinkingColor@@YAKKK@Z 1001b7b0 f   LCDDrawing.obj
 0001:0001a7f0       ?LCDDrawPointer@@YAXJJ@Z   1001b7f0 f   LCDDrawing.obj
 0001:0001a8f0       ?RemapLevelNames@@YAXAAJ@Z 1001b8f0 f   LoadingHook.obj
 0001:0001a9d0       ?EnableLoadingHook@CGame@@UAEXPAVCDrawPort@@@Z 1001b9d0 f   LoadingHook.obj
 0001:0001af70       ?DisableLoadingHook@CGame@@UAEXXZ 1001bf70 f   LoadingHook.obj
 0001:0001b130       ?ObtainMapData@@YAHXZ      1001c130 f   Map.obj
 0001:0001b5b0       ?ReleaseMapData@@YAXXZ     1001c5b0 f   Map.obj
 0001:0001b660       ?RenderMap@@YAXPAVCDrawPort@@K@Z 1001c660 f   Map.obj
 0001:0001b700       ?SetSinglePlayerSession@CGame@@UAEXAAVCSessionProperties@@@Z 1001c700 f   SessionProperties.obj
 0001:0001b990       ?SetQuickStartSession@CGame@@UAEXAAVCSessionProperties@@@Z 1001c990 f   SessionProperties.obj
 0001:0001b9e0       ?SetMultiPlayerSession@CGame@@UAEXAAVCSessionProperties@@@Z 1001c9e0 f   SessionProperties.obj
 0001:0001bb80       ?IsMenuEnabled@@YAHABVCTString@@@Z 1001cb80 f   SessionProperties.obj
 0001:0001bbf0       ?GetGameTypeName@@YA?AVCTString@@J@Z 1001cbf0 f   SessionProperties.obj
 0001:0001bc80       ?GetCurrentGameTypeName@@YA?AVCTString@@XZ 1001cc80 f   SessionProperties.obj
 0001:0001bcb0       ?GetGameSpyRulesInfo@@YA?AVCTString@@XZ 1001ccb0 f   SessionProperties.obj
 0001:0001bff0       ?GetSpawnFlagsForGameType@@YAKJ@Z 1001cff0 f   SessionProperties.obj
 0001:0001c010       ?Initialize@CGame@@UAEXABVCTFileName@@@Z 1001d010 f   WEDInterface.obj
 0001:0001c050       ?End@CGame@@UAEXXZ         1001d050 f   WEDInterface.obj
 0001:0001c060       ?UpdateInputEnabledState@@YAXPAVCViewPort@@@Z 1001d060 f   WEDInterface.obj
 0001:0001c0c0       ?UpdatePauseState@@YAXXZ   1001d0c0 f   WEDInterface.obj
 0001:0001c110       ?QuickTest@CGame@@UAEXABVCTFileName@@PAVCDrawPort@@PAVCViewPort@@@Z 1001d110 f   WEDInterface.obj
 0001:0001c640       _GetKeyState@4             1001d640 f   user32:USER32.dll
 0001:0001c646       _ShowCursor@4              1001d646 f   user32:USER32.dll
 0001:0001c64c       _GetAsyncKeyState@4        1001d64c f   user32:USER32.dll
 0001:0001c652       _ScreenToClient@8          1001d652 f   user32:USER32.dll
 0001:0001c658       _GetCursorPos@4            1001d658 f   user32:USER32.dll
 0001:0001c65e       _MapVirtualKeyA@8          1001d65e f   user32:USER32.dll
 0001:0001c664       _DispatchMessageA@4        1001d664 f   user32:USER32.dll
 0001:0001c66a       _TranslateMessage@4        1001d66a f   user32:USER32.dll
 0001:0001c670       _PeekMessageA@20           1001d670 f   user32:USER32.dll
 0001:0001c676       _RegisterWindowMessageA@4  1001d676 f   user32:USER32.dll
 0001:0001c67c       ?Particles_AirElemental_Comp@@YAXPAVCModelObject@@MMVCPlacement3D@@@Z 1001d67c f   EntitiesMP:EntitiesMP.dll
 0001:0001c682       ?Particles_Burning_Comp@@YAXPAVCModelObject@@MVCPlacement3D@@@Z 1001d682 f   EntitiesMP:EntitiesMP.dll
 0001:0001c688       ?GetStats@CPlayer@@QAEXAAVCTString@@W4CompStatType@@J@Z 1001d688 f   EntitiesMP:EntitiesMP.dll
 0001:0001c68e       ?ctl_ComposeActionPacket@@YAXABVCPlayerCharacter@@AAVCPlayerAction@@H@Z 1001d68e f   EntitiesMP:EntitiesMP.dll
 0001:0001c694       ??0CTFileStream@@QAE@XZ    1001d694 f   Engine:Engine.dll
 0001:0001c69a       ??1CTFileStream@@UAE@XZ    1001d69a f   Engine:Engine.dll
 0001:0001c6a0       ??1CTString@@QAE@XZ        1001d6a0 f   Engine:Engine.dll
 0001:0001c6a6       ?FreeMemory@@YAXPAX@Z      1001d6a6 f   Engine:Engine.dll
 0001:0001c6ac       ?DeclareSymbol@CShell@@QAEXABVCTString@@PAX@Z 1001d6ac f   Engine:Engine.dll
 0001:0001c6b2       ?StringDuplicate@@YAPADPBD@Z 1001d6b2 f   Engine:Engine.dll
 0001:0001c6b8       ?CPrintF@@YAXPBDZZ         1001d6b8 f   Engine:Engine.dll
 0001:0001c6be       ?ScanF@CTString@@QAAJPBDZZ 1001d6be f   Engine:Engine.dll
 0001:0001c6c4       ?GetLine_t@CTStream@@QAEXAAVCTString@@D@Z 1001d6c4 f   Engine:Engine.dll
 0001:0001c6ca       ?PutLine_t@CTStream@@QAEXPBD@Z 1001d6ca f   Engine:Engine.dll
 0001:0001c6d0       ?PrintF@CTString@@QAAJPBDZZ 1001d6d0 f   Engine:Engine.dll
 0001:0001c6d6       ?GetLerpedCurrentTick@CTimer@@QBE?BMXZ 1001d6d6 f   Engine:Engine.dll
 0001:0001c6dc       ?Execute@CShell@@QAEXABVCTString@@@Z 1001d6dc f   Engine:Engine.dll
 0001:0001c6e2       ??1CTFileName@@QAE@XZ      1001d6e2 f   Engine:Engine.dll
 0001:0001c6e8       ?Open_t@CTFileStream@@QAEXABVCTFileName@@W4OpenMode@CTStream@@@Z 1001d6e8 f   Engine:Engine.dll
 0001:0001c6ee       ?Create_t@CTFileStream@@QAEXABVCTFileName@@W4CreateMode@CTStream@@@Z 1001d6ee f   Engine:Engine.dll
 0001:0001c6f4       ??HCTString@@QBE?AV0@ABV0@@Z 1001d6f4 f   Engine:Engine.dll
 0001:0001c6fa       ?NoExt@CTFileName@@QBE?AV1@XZ 1001d6fa f   Engine:Engine.dll
 0001:0001c700       ?Close@CTFileStream@@QAEXXZ 1001d700 f   Engine:Engine.dll
 0001:0001c706       ?RenderView@@YAXAAVCWorld@@AAVCEntity@@AAVCAnyProjection3D@@AAVCDrawPort@@@Z 1001d706 f   Engine:Engine.dll
 0001:0001c70c       ??4CProjection3D@@QAEAAV0@ABV0@@Z 1001d70c f   Engine:Engine.dll
 0001:0001c712       ??0CProjection3D@@QAE@XZ   1001d712 f   Engine:Engine.dll
 0001:0001c718       ??0CPerspectiveProjection3D@@QAE@XZ 1001d718 f   Engine:Engine.dll
 0001:0001c71e       ?MakeRotationMatrixFast@@YAXAAV?$Matrix@M$02$02@@ABV?$Vector@M$02@@@Z 1001d71e f   Engine:Engine.dll
 0001:0001c724       ?CurrentTick@CTimer@@QBE?BMXZ 1001d724 f   Engine:Engine.dll
 0001:0001c72a       ?Translate@@YAPADPADJ@Z    1001d72a f   Engine:Engine.dll
 0001:0001c730       ?ReadUntilEOF_t@CTString@@QAEXAAVCTStream@@@Z 1001d730 f   Engine:Engine.dll
 0001:0001c736       ?ReadFromText_t@CTString@@QAEXAAVCTStream@@ABV1@@Z 1001d736 f   Engine:Engine.dll
 0001:0001c73c       ?ReadFromText_t@CTFileName@@QAEXAAVCTStream@@ABVCTString@@@Z 1001d73c f   Engine:Engine.dll
 0001:0001c742       ??8CTString@@QBEHPBD@Z     1001d742 f   Engine:Engine.dll
 0001:0001c748       ?ExpectKeyword_t@CTStream@@QAEXABVCTString@@@Z 1001d748 f   Engine:Engine.dll
 0001:0001c74e       ?AllocMemory@@YAPAXJ@Z     1001d74e f   Engine:Engine.dll
 0001:0001c754       ??0CModelObject@@QAE@XZ    1001d754 f   Engine:Engine.dll
 0001:0001c75a       ??1CModelObject@@QAE@XZ    1001d75a f   Engine:Engine.dll
 0001:0001c760       ?SetData_t@CTextureObject@@QAEXABVCTFileName@@@Z 1001d760 f   Engine:Engine.dll
 0001:0001c766       ?PlayAnim@CAnimObject@@QAEXJK@Z 1001d766 f   Engine:Engine.dll
 0001:0001c76c       ?SetData_t@CModelObject@@QAEXABVCTFileName@@@Z 1001d76c f   Engine:Engine.dll
 0001:0001c772       ?AddAttachmentModel@CModelObject@@QAEPAVCAttachmentModelObject@@J@Z 1001d772 f   Engine:Engine.dll
 0001:0001c778       ?ThrowF_t@@YAXPADZZ        1001d778 f   Engine:Engine.dll
 0001:0001c77e       ?StretchModelRelative@CModelObject@@QAEXABV?$Vector@M$02@@@Z 1001d77e f   Engine:Engine.dll
 0001:0001c784       ?GetAttachmentModel@CModelObject@@QAEPAVCAttachmentModelObject@@J@Z 1001d784 f   Engine:Engine.dll
 0001:0001c78a       ??0CPlacement3D@@QAE@ABV?$Vector@M$02@@0@Z 1001d78a f   Engine:Engine.dll
 0001:0001c790       ??0CTFileName@@QAE@PBDH@Z  1001d790 f   Engine:Engine.dll
 0001:0001c796       ?StretchModel@CModelObject@@QAEXABV?$Vector@M$02@@@Z 1001d796 f   Engine:Engine.dll
 0001:0001c79c       ??1CRenderModel@@QAE@XZ    1001d79c f   Engine:Engine.dll
 0001:0001c7a2       ?EndModelRenderingView@@YAXH@Z 1001d7a2 f   Engine:Engine.dll
 0001:0001c7a8       ?Particle_EndSystem@@YAXH@Z 1001d7a8 f   Engine:Engine.dll
 0001:0001c7ae       ?Particle_PrepareEntity@@YAXMHHPAVCEntity@@@Z 1001d7ae f   Engine:Engine.dll
 0001:0001c7b4       ?Particle_PrepareSystem@@YAXPAVCDrawPort@@AAVCAnyProjection3D@@@Z 1001d7b4 f   Engine:Engine.dll
 0001:0001c7ba       ?RenderShadow@CModelObject@@QAEXAAVCRenderModel@@ABVCPlacement3D@@MMMABV?$Plane@M$02@@@Z 1001d7ba f   Engine:Engine.dll
 0001:0001c7c0       ?RenderModel@CModelObject@@QAEXAAVCRenderModel@@@Z 1001d7c0 f   Engine:Engine.dll
 0001:0001c7c6       ?SetupModelRendering@CModelObject@@QAEXAAVCRenderModel@@@Z 1001d7c6 f   Engine:Engine.dll
 0001:0001c7cc       ?SetObjectPlacement@CRenderModel@@QAEXABVCPlacement3D@@@Z 1001d7cc f   Engine:Engine.dll
 0001:0001c7d2       ?BeginModelRenderingView@@YAXAAVCAnyProjection3D@@PAVCDrawPort@@@Z 1001d7d2 f   Engine:Engine.dll
 0001:0001c7d8       ??4CPerspectiveProjection3D@@QAEAAV0@ABV0@@Z 1001d7d8 f   Engine:Engine.dll
 0001:0001c7de       ?FillZBuffer@CDrawPort@@QBEXM@Z 1001d7de f   Engine:Engine.dll
 0001:0001c7e4       ?Stereo_AdjustProjection@@YAXAAVCProjection3D@@JM@Z 1001d7e4 f   Engine:Engine.dll
 0001:0001c7ea       ?Stereo_SetBuffer@@YAXJ@Z  1001d7ea f   Engine:Engine.dll
 0001:0001c7f0       ??0CRenderModel@@QAE@XZ    1001d7f0 f   Engine:Engine.dll
 0001:0001c7f6       ?Stereo_IsEnabled@@YAHXZ   1001d7f6 f   Engine:Engine.dll
 0001:0001c7fc       ??9CTString@@QBEHABV0@@Z   1001d7fc f   Engine:Engine.dll
 0001:0001c802       ??0CTextureObject@@QAE@XZ  1001d802 f   Engine:Engine.dll
 0001:0001c808       ??1CTextureObject@@QAE@XZ  1001d808 f   Engine:Engine.dll
 0001:0001c80e       ??1CDrawPort@@QAE@XZ       1001d80e f   Engine:Engine.dll
 0001:0001c814       ?Remove@CListNode@@QAEXXZ  1001d814 f   Engine:Engine.dll
 0001:0001c81a       ?Unlock@CDrawPort@@QAEXXZ  1001d81a f   Engine:Engine.dll
 0001:0001c820       ?PutTextR@CDrawPort@@QBEXABVCTString@@JJK@Z 1001d820 f   Engine:Engine.dll
 0001:0001c826       ?IsLinked@CListNode@@QBEHXZ 1001d826 f   Engine:Engine.dll
 0001:0001c82c       ?Lock@CDrawPort@@QAEHXZ    1001d82c f   Engine:Engine.dll
 0001:0001c832       ??0CDrawPort@@QAE@PAV0@ABV?$AABBox@J$01@@@Z 1001d832 f   Engine:Engine.dll
 0001:0001c838       ?SetFont@CDrawPort@@QAEXPAVCFontData@@@Z 1001d838 f   Engine:Engine.dll
 0001:0001c83e       ?PutText@CDrawPort@@QBEXABVCTString@@JJK@Z 1001d83e f   Engine:Engine.dll
 0001:0001c844       ?GetPlayerName@CPlayerEntity@@QAE?AVCTString@@XZ 1001d844 f   Engine:Engine.dll
 0001:0001c84a       ?Fill@CDrawPort@@QBEXJJJJK@Z 1001d84a f   Engine:Engine.dll
 0001:0001c850       ?DrawLine@CDrawPort@@QBEXJJJJKK@Z 1001d850 f   Engine:Engine.dll
 0001:0001c856       ?LerpColor@@YAKKKM@Z       1001d856 f   Engine:Engine.dll
 0001:0001c85c       ?GetTextWidth@CDrawPort@@QBEKABVCTString@@@Z 1001d85c f   Engine:Engine.dll
 0001:0001c862       ??YCTString@@QAEAAV0@ABV0@@Z 1001d862 f   Engine:Engine.dll
 0001:0001c868       ?PutTexture@CDrawPort@@QBEXPAVCTextureObject@@ABV?$AABBox@J$01@@K@Z 1001d868 f   Engine:Engine.dll
 0001:0001c86e       ?GetHeight@CTextureObject@@QBEJXZ 1001d86e f   Engine:Engine.dll
 0001:0001c874       ?GetWidth@CTextureObject@@QBEJXZ 1001d874 f   Engine:Engine.dll
 0001:0001c87a       ?Force@CTextureData@@QAEXK@Z 1001d87a f   Engine:Engine.dll
 0001:0001c880       ??1CAnimObject@@QAE@XZ     1001d880 f   Engine:Engine.dll
 0001:0001c886       ?GetSessionProperties@CNetworkLibrary@@QAEPAXXZ 1001d886 f   Engine:Engine.dll
 0001:0001c88c       ?ClearInput@CInput@@QAEXXZ 1001d88c f   Engine:Engine.dll
 0001:0001c892       ?IsGameFinished@CNetworkLibrary@@QAEHXZ 1001d892 f   Engine:Engine.dll
 0001:0001c898       ?Fill@CDrawPort@@QBEXK@Z   1001d898 f   Engine:Engine.dll
 0001:0001c89e       ?SetLerp@CTimer@@QAEXM@Z   1001d89e f   Engine:Engine.dll
 0001:0001c8a4       ?SetCurrentTick@CTimer@@QAEXM@Z 1001d8a4 f   Engine:Engine.dll
 0001:0001c8aa       ?IsDualHead@CDisplayMode@@QAEHXZ 1001d8aa f   Engine:Engine.dll
 0001:0001c8b0       ?IsFullScreen@CDisplayMode@@QAEHXZ 1001d8b0 f   Engine:Engine.dll
 0001:0001c8b6       ??0CDisplayMode@@QAE@XZ    1001d8b6 f   Engine:Engine.dll
 0001:0001c8bc       ??0CDrawPort@@QAE@PAV0@H@Z 1001d8bc f   Engine:Engine.dll
 0001:0001c8c2       ?IsDualHead@CDrawPort@@QAEHXZ 1001d8c2 f   Engine:Engine.dll
 0001:0001c8c8       ?IsPlayerLocal@CNetworkLibrary@@QAEHPAVCEntity@@@Z 1001d8c8 f   Engine:Engine.dll
 0001:0001c8ce       ?IsPlayingDemo@CNetworkLibrary@@QAEHXZ 1001d8ce f   Engine:Engine.dll
 0001:0001c8d4       ??4CTString@@QAEAAV0@ABV0@@Z 1001d8d4 f   Engine:Engine.dll
 0001:0001c8da       ?CON_GetLastLine@@YA?AVCTString@@J@Z 1001d8da f   Engine:Engine.dll
 0001:0001c8e0       ?GetRealTimeTick@CTimer@@QBEMXZ 1001d8e0 f   Engine:Engine.dll
 0001:0001c8e6       ??0CDrawPort@@QAE@PAV0@NNNN@Z 1001d8e6 f   Engine:Engine.dll
 0001:0001c8ec       ?CON_DiscardLastLineTimes@@YAXXZ 1001d8ec f   Engine:Engine.dll
 0001:0001c8f2       ?IsNetworkEnabled@CNetworkLibrary@@QAEHXZ 1001d8f2 f   Engine:Engine.dll
 0001:0001c8f8       ?CON_NumberOfLinesAfter@@YAJM@Z 1001d8f8 f   Engine:Engine.dll
 0001:0001c8fe       ?SetINDEX@CShell@@QAEXABVCTString@@J@Z 1001d8fe f   Engine:Engine.dll
 0001:0001c904       ?GetINDEX@CShell@@QAEJABVCTString@@@Z 1001d904 f   Engine:Engine.dll
 0001:0001c90a       ?TrimLeft@CTString@@QAEJJ@Z 1001d90a f   Engine:Engine.dll
 0001:0001c910       ?DeleteChar@CTString@@QAEXJ@Z 1001d910 f   Engine:Engine.dll
 0001:0001c916       ?TrimRight@CTString@@QAEJJ@Z 1001d916 f   Engine:Engine.dll
 0001:0001c91c       ??9CTString@@QBEHPBD@Z     1001d91c f   Engine:Engine.dll
 0001:0001c922       ?SendChat@CNetworkLibrary@@QAEXKKABVCTString@@@Z 1001d922 f   Engine:Engine.dll
 0001:0001c928       ?RemovePrefix@CTString@@QAEHABV1@@Z 1001d928 f   Engine:Engine.dll
 0001:0001c92e       ?HasPrefix@CTString@@QBEHABV1@@Z 1001d92e f   Engine:Engine.dll
 0001:0001c934       ?TrimSpacesRight@CTString@@QAEJXZ 1001d934 f   Engine:Engine.dll
 0001:0001c93a       ?TrimSpacesLeft@CTString@@QAEJXZ 1001d93a f   Engine:Engine.dll
 0001:0001c940       ?GetCompletionString@CShellSymbol@@QBE?AVCTString@@XZ 1001d940 f   Engine:Engine.dll
 0001:0001c946       ?InsertChar@CTString@@QAEXJD@Z 1001d946 f   Engine:Engine.dll
 0001:0001c94c       ?Clear@CListHead@@QAEXXZ   1001d94c f   Engine:Engine.dll
 0001:0001c952       ??1CListNode@@QAE@XZ       1001d952 f   Engine:Engine.dll
 0001:0001c958       ??0CTString@@QAE@PBD@Z     1001d958 f   Engine:Engine.dll
 0001:0001c95e       ??8CTString@@QBEHABV0@@Z   1001d95e f   Engine:Engine.dll
 0001:0001c964       ?AtEOF@CTStream@@QAEHXZ    1001d964 f   Engine:Engine.dll
 0001:0001c96a       ?GetLine_t@CTStream@@QAEXPADJD@Z 1001d96a f   Engine:Engine.dll
 0001:0001c970       ?FPrintF_t@CTStream@@QAAXPBDZZ 1001d970 f   Engine:Engine.dll
 0001:0001c976       ??0CNetworkProvider@@QAE@XZ 1001d976 f   Engine:Engine.dll
 0001:0001c97c       ??0CPlayerCharacter@@QAE@XZ 1001d97c f   Engine:Engine.dll
 0001:0001c982       ??1CPlayerCharacter@@QAE@XZ 1001d982 f   Engine:Engine.dll
 0001:0001c988       ??0CTString@@QAE@XZ        1001d988 f   Engine:Engine.dll
 0001:0001c98e       ??5@YAAAVCTStream@@AAV0@AAVCTString@@@Z 1001d98e f   Engine:Engine.dll
 0001:0001c994       ??6@YAAAVCTStream@@AAV0@ABVCTString@@@Z 1001d994 f   Engine:Engine.dll
 0001:0001c99a       ?AddTail@CListHead@@QAEXAAVCListNode@@@Z 1001d99a f   Engine:Engine.dll
 0001:0001c9a0       ??H@YA?AVCTString@@PBDABV0@@Z 1001d9a0 f   Engine:Engine.dll
 0001:0001c9a6       ?SetAction@CPlayerSource@@QAEXABVCPlayerAction@@@Z 1001d9a6 f   Engine:Engine.dll
 0001:0001c9ac       ??0CPlayerAction@@QAE@XZ   1001d9ac f   Engine:Engine.dll
 0001:0001c9b2       ?GetLocalPause@CNetworkLibrary@@QAEHXZ 1001d9b2 f   Engine:Engine.dll
 0001:0001c9b8       ?IsPaused@CNetworkLibrary@@QAEHXZ 1001d9b8 f   Engine:Engine.dll
 0001:0001c9be       ?GetInput@CInput@@QAEXH@Z  1001d9be f   Engine:Engine.dll
 0001:0001c9c4       ?SetJoyPolling@CInput@@QAEXH@Z 1001d9c4 f   Engine:Engine.dll
 0001:0001c9ca       ?LoadKeepCRLF_t@CTString@@QAEXABVCTFileName@@@Z 1001d9ca f   Engine:Engine.dll
 0001:0001c9d0       ?FatalError@@YAXPBDZZ      1001d9d0 f   Engine:Engine.dll
 0001:0001c9d6       ?AddHandler@CTimer@@QAEXPAVCTimerHandler@@@Z 1001d9d6 f   Engine:Engine.dll
 0001:0001c9dc       ?Play_t@CSoundObject@@QAEXABVCTFileName@@J@Z 1001d9dc f   Engine:Engine.dll
 0001:0001c9e2       ??0CSoundObject@@QAE@XZ    1001d9e2 f   Engine:Engine.dll
 0001:0001c9e8       ?Stop@CSoundObject@@QAEXXZ 1001d9e8 f   Engine:Engine.dll
 0001:0001c9ee       ?CPutString@@YAXPBD@Z      1001d9ee f   Engine:Engine.dll
 0001:0001c9f4       ?WarningMessage@@YAXPBDZZ  1001d9f4 f   Engine:Engine.dll
 0001:0001c9fa       ?SaveKeepCRLF_t@CTString@@QAEXABVCTFileName@@@Z 1001d9fa f   Engine:Engine.dll
 0001:0001ca00       ??1CSoundObject@@QAE@XZ    1001da00 f   Engine:Engine.dll
 0001:0001ca06       ?StorePersistentSymbols@CShell@@QAEXABVCTFileName@@@Z 1001da06 f   Engine:Engine.dll
 0001:0001ca0c       ?RemHandler@CTimer@@QAEXPAVCTimerHandler@@@Z 1001da0c f   Engine:Engine.dll
 0001:0001ca12       ?StopProvider@CMessageDispatcher@@QAEXXZ 1001da12 f   Engine:Engine.dll
 0001:0001ca18       ?StopGame@CNetworkLibrary@@QAEXXZ 1001da18 f   Engine:Engine.dll
 0001:0001ca1e       ?StartPeerToPeer_t@CNetworkLibrary@@QAEXABVCTString@@ABVCTFileName@@KJHPAX@Z 1001da1e f   Engine:Engine.dll
 0001:0001ca24       ?StartDemoPlay_t@CNetworkLibrary@@QAEXABVCTFileName@@@Z 1001da24 f   Engine:Engine.dll
 0001:0001ca2a       ?JoinSession_t@CNetworkLibrary@@QAEXABVCNetworkSession@@J@Z 1001da2a f   Engine:Engine.dll
 0001:0001ca30       ?Matches@CTString@@QBEHPBD@Z 1001da30 f   Engine:Engine.dll
 0001:0001ca36       ?Load_t@CNetworkLibrary@@QAEXABVCTFileName@@@Z 1001da36 f   Engine:Engine.dll
 0001:0001ca3c       ?FileExists@@YAHABVCTFileName@@@Z 1001da3c f   Engine:Engine.dll
 0001:0001ca42       ?StartDemoRec_t@CNetworkLibrary@@QAEXABVCTFileName@@@Z 1001da42 f   Engine:Engine.dll
 0001:0001ca48       ?StopDemoRec@CNetworkLibrary@@QAEXXZ 1001da48 f   Engine:Engine.dll
 0001:0001ca4e       ?Save_t@CNetworkLibrary@@QAEXABVCTFileName@@@Z 1001da4e f   Engine:Engine.dll
 0001:0001ca54       ?StartProvider_t@CMessageDispatcher@@QAEXABVCNetworkProvider@@@Z 1001da54 f   Engine:Engine.dll
 0001:0001ca5a       ??4CListNode@@QAEAAV0@ABV0@@Z 1001da5a f   Engine:Engine.dll
 0001:0001ca60       ?GetDescription@CNetworkProvider@@QBEABVCTString@@XZ 1001da60 f   Engine:Engine.dll
 0001:0001ca66       ?EnumNetworkProviders@CMessageDispatcher@@QAEXAAVCListHead@@@Z 1001da66 f   Engine:Engine.dll
 0001:0001ca6c       ?GetID_t@CTStream@@QAE?AVCChunkID@@XZ 1001da6c f   Engine:Engine.dll
 0001:0001ca72       ?ExpectID_t@CTStream@@QAEXABVCChunkID@@@Z 1001da72 f   Engine:Engine.dll
 0001:0001ca78       ?WriteID_t@CTStream@@QAEXABVCChunkID@@@Z 1001da78 f   Engine:Engine.dll
 0001:0001ca7e       ??4CPlayerCharacter@@QAEAAV0@ABV0@@Z 1001da7e f   Engine:Engine.dll
 0001:0001ca84       ??0CPlayerCharacter@@QAE@ABVCTString@@@Z 1001da84 f   Engine:Engine.dll
 0001:0001ca8a       ?OnlyFirstLine@CTString@@QAEXXZ 1001da8a f   Engine:Engine.dll
 0001:0001ca90       ?LoadStringVar@@YAXABVCTFileName@@AAVCTString@@@Z 1001da90 f   Engine:Engine.dll
 0001:0001ca96       ?Load_t@CPlayerCharacter@@QAEXABVCTFileName@@@Z 1001da96 f   Engine:Engine.dll
 0001:0001ca9c       ?ChangeCharacter@CPlayerSource@@QAEXAAVCPlayerCharacter@@@Z 1001da9c f   Engine:Engine.dll
 0001:0001caa2       ?Save_t@CPlayerCharacter@@QAEXABVCTFileName@@@Z 1001daa2 f   Engine:Engine.dll
 0001:0001caa8       ?AddPlayer_t@CNetworkLibrary@@QAEPAVCPlayerSource@@AAVCPlayerCharacter@@@Z 1001daa8 f   Engine:Engine.dll
 0001:0001caae       ??_FCDrawPort@@QAEXXZ      1001daae f   Engine:Engine.dll
 0001:0001cab4       ?SaveTGA_t@CImageInfo@@QBEXABVCTFileName@@@Z 1001dab4 f   Engine:Engine.dll
 0001:0001caba       ?ExpandFilePath@@YAJKABVCTFileName@@AAV1@@Z 1001daba f   Engine:Engine.dll
 0001:0001cac0       ?UpdateSounds@CSoundLibrary@@QAEXXZ 1001dac0 f   Engine:Engine.dll
 0001:0001cac6       ?IsDemoPlayFinished@CNetworkLibrary@@QAEHXZ 1001dac6 f   Engine:Engine.dll
 0001:0001cacc       ?IsRecordingDemo@CNetworkLibrary@@QAEHXZ 1001dacc f   Engine:Engine.dll
 0001:0001cad2       ?PutTextCXY@CDrawPort@@QBEXABVCTString@@JJK@Z 1001dad2 f   Engine:Engine.dll
 0001:0001cad8       ?IsConnectionStable@CNetworkLibrary@@QAEHXZ 1001dad8 f   Engine:Engine.dll
 0001:0001cade       ?IsWaitingForServer@CNetworkLibrary@@QAEHXZ 1001dade f   Engine:Engine.dll
 0001:0001cae4       ?IsWaitingForPlayers@CNetworkLibrary@@QAEHXZ 1001dae4 f   Engine:Engine.dll
 0001:0001caea       ?WhyDisconnected@CNetworkLibrary@@QAEABVCTString@@XZ 1001daea f   Engine:Engine.dll
 0001:0001caf0       ?IsDisconnected@CNetworkLibrary@@QAEHXZ 1001daf0 f   Engine:Engine.dll
 0001:0001caf6       ?GetPredictor@CEntity@@QAEPAV1@XZ 1001daf6 f   Engine:Engine.dll
 0001:0001cafc       ?GetPlayerEntity@CEntity@@SAPAV1@J@Z 1001dafc f   Engine:Engine.dll
 0001:0001cb02       ??1CTSingleLock@@QAE@XZ    1001db02 f   Engine:Engine.dll
 0001:0001cb08       ?GetLocalPlayerEntity@CNetworkLibrary@@QAEPAVCEntity@@PAVCPlayerSource@@@Z 1001db08 f   Engine:Engine.dll
 0001:0001cb0e       ??0CTSingleLock@@QAE@PAVCTCriticalSection@@H@Z 1001db0e f   Engine:Engine.dll
 0001:0001cb14       ?SE_PretouchIfNeeded@@YAXXZ 1001db14 f   Engine:Engine.dll
 0001:0001cb1a       ??1CImageInfo@@QAE@XZ      1001db1a f   Engine:Engine.dll
 0001:0001cb20       ??1CTextureData@@UAE@XZ    1001db20 f   Engine:Engine.dll
 0001:0001cb26       ?Write_t@CTextureData@@UAEXPAVCTStream@@@Z 1001db26 f   Engine:Engine.dll
 0001:0001cb2c       ?Create_t@CTextureData@@QAEXPBVCImageInfo@@JJH@Z 1001db2c f   Engine:Engine.dll
 0001:0001cb32       ?GrabScreen@CDrawPort@@QBEXAAVCImageInfo@@J@Z 1001db32 f   Engine:Engine.dll
 0001:0001cb38       ??0CTextureData@@QAE@XZ    1001db38 f   Engine:Engine.dll
 0001:0001cb3e       ??0CImageInfo@@QAE@XZ      1001db3e f   Engine:Engine.dll
 0001:0001cb44       ?FileExistsForWriting@@YAHABVCTFileName@@@Z 1001db44 f   Engine:Engine.dll
 0001:0001cb4a       ?FileName@CTFileName@@QBE?AV1@XZ 1001db4a f   Engine:Engine.dll
 0001:0001cb50       ?Fill@CDrawPort@@QBEXJJJJKKKK@Z 1001db50 f   Engine:Engine.dll
 0001:0001cb56       ?STAT_Reset@@YAXXZ         1001db56 f   Engine:Engine.dll
 0001:0001cb5c       ?STAT_Report@@YAXAAVCTString@@@Z 1001db5c f   Engine:Engine.dll
 0001:0001cb62       ?DrawBorder@CDrawPort@@QBEXJJJJKK@Z 1001db62 f   Engine:Engine.dll
 0001:0001cb68       ?PutTextC@CDrawPort@@QBEXABVCTString@@JJK@Z 1001db68 f   Engine:Engine.dll
 0001:0001cb6e       ?DepthString@CDisplayMode@@QBE?AVCTString@@XZ 1001db6e f   Engine:Engine.dll
 0001:0001cb74       ??4CDrawPort@@QAEAAV0@ABV0@@Z 1001db74 f   Engine:Engine.dll
 0001:0001cb7a       ?TranslateConst@@YAPBDPBDJ@Z 1001db7a f   Engine:Engine.dll
 0001:0001cb80       ?GetName@CWorld@@QAEABVCTString@@XZ 1001db80 f   Engine:Engine.dll
 0001:0001cb86       ??4CTString@@QAEAAV0@PBD@Z 1001db86 f   Engine:Engine.dll
 0001:0001cb8c       ?RemoveFile@@YAHABVCTFileName@@@Z 1001db8c f   Engine:Engine.dll
 0001:0001cb92       ?Count@CListHead@@QBEJXZ   1001db92 f   Engine:Engine.dll
 0001:0001cb98       ?Sort@CListHead@@QAEXP6AHPBX0@ZH@Z 1001db98 f   Engine:Engine.dll
 0001:0001cb9e       ??0CTFileName@@QAE@XZ      1001db9e f   Engine:Engine.dll
 0001:0001cba4       ?MakeDirList@@YAXAAV?$CDynamicStackArray@VCTFileName@@@@ABVCTFileName@@ABVCTString@@K@Z 1001dba4 f   Engine:Engine.dll
 0001:0001cbaa       ??1CNetworkSession@@QAE@XZ 1001dbaa f   Engine:Engine.dll
 0001:0001cbb0       ?Report@CProfileForm@@QAEXAAVCTString@@@Z 1001dbb0 f   Engine:Engine.dll
 0001:0001cbb6       ?Reset@CProfileForm@@QAEXXZ 1001dbb6 f   Engine:Engine.dll
 0001:0001cbbc       ??0CNetworkSession@@QAE@ABVCTString@@@Z 1001dbbc f   Engine:Engine.dll
 0001:0001cbc2       ?MainLoop@CNetworkLibrary@@QAEXXZ 1001dbc2 f   Engine:Engine.dll
 0001:0001cbc8       ?SaveStringVar@@YAXABVCTFileName@@AAVCTString@@@Z 1001dbc8 f   Engine:Engine.dll
 0001:0001cbce       ?PutTexture@CDrawPort@@QBEXPAVCTextureObject@@ABV?$AABBox@J$01@@1K@Z 1001dbce f   Engine:Engine.dll
 0001:0001cbd4       ?SetData@CAnimObject@@QAEXPAVCAnimData@@@Z 1001dbd4 f   Engine:Engine.dll
 0001:0001cbda       ?MulColors@@YAKKK@Z        1001dbda f   Engine:Engine.dll
 0001:0001cbe0       ?SetProgressHook@@YAXP6AXPAVCProgressHookInfo@@@Z@Z 1001dbe0 f   Engine:Engine.dll
 0001:0001cbe6       ?SwapBuffers@CViewPort@@QAEXXZ 1001dbe6 f   Engine:Engine.dll
 0001:0001cbec       ??0CTString@@QAA@JPBDZZ    1001dbec f   Engine:Engine.dll
 0001:0001cbf2       ?EnableInput@CInput@@QAEXPAVCViewPort@@@Z 1001dbf2 f   Engine:Engine.dll
 0001:0001cbf8       ?DisableInput@CInput@@QAEXXZ 1001dbf8 f   Engine:Engine.dll
 0001:0001cbfe       ?SetLocalPause@CNetworkLibrary@@QAEXH@Z 1001dbfe f   Engine:Engine.dll
 0001:0001cc04       ?TogglePause@CNetworkLibrary@@QAEXXZ 1001dc04 f   Engine:Engine.dll
 0001:0001cc0a       __onexit                   1001dc0a f   MSVCRT:atonexit.obj
 0001:0001cc36       _atexit                    1001dc36 f   MSVCRT:atonexit.obj
 0001:0001cc48       ___CxxFrameHandler         1001dc48 f   MSVCRT:MSVCRT.dll
 0001:0001cc50       ??0type_info@@AAE@ABV0@@Z  1001dc50 f   MSVCRT:ti_inst.obj
 0001:0001cc5b       ??_Etype_info@@UAEPAXI@Z   1001dc5b f i MSVCRT:ti_inst.obj
 0001:0001cc5b       ??_Gtype_info@@UAEPAXI@Z   1001dc5b f i MSVCRT:ti_inst.obj
 0001:0001cc77       ??4type_info@@AAEAAV0@ABV0@@Z 1001dc77 f   MSVCRT:ti_inst.obj
 0001:0001cc7c       __CxxThrowException@8      1001dc7c f   MSVCRT:MSVCRT.dll
 0001:0001cc82       _strncmp                   1001dc82 f   MSVCRT:MSVCRT.dll
 0001:0001cc88       _strchr                    1001dc88 f   MSVCRT:MSVCRT.dll
 0001:0001cc8e       __ftol                     1001dc8e f   MSVCRT:MSVCRT.dll
 0001:0001cc94       ??3@YAXPAX@Z               1001dc94 f   MSVCRT:MSVCRT.dll
 0001:0001cc9a       ??_M@YGXPAXIHP6EX0@Z@Z     1001dc9a f   MSVCRT:ehvecdtr.obj
 0001:0001cd1a       ?__ArrayUnwind@@YGXPAXIHP6EX0@Z@Z 1001dd1a f   MSVCRT:ehvecdtr.obj
 0001:0001cd8e       _floor                     1001dd8e f   MSVCRT:MSVCRT.dll
 0001:0001cd94       ??_L@YGXPAXIHP6EX0@Z1@Z    1001dd94 f   MSVCRT:ehvecctr.obj
 0001:0001ce16       ??2@YAPAXI@Z               1001de16 f   MSVCRT:MSVCRT.dll
 0001:0001ce1c       _strncpy                   1001de1c f   MSVCRT:MSVCRT.dll
 0001:0001ce22       _isalnum                   1001de22 f   MSVCRT:MSVCRT.dll
 0001:0001ce28       _isprint                   1001de28 f   MSVCRT:MSVCRT.dll
 0001:0001ce2e       __CIpow                    1001de2e f   MSVCRT:MSVCRT.dll
 0001:0001ce34       _sscanf                    1001de34 f   MSVCRT:MSVCRT.dll
 0001:0001ce40       __alloca_probe             1001de40 f   MSVCRT:chkstk.obj
 0001:0001ce40       __chkstk                   1001de40 f   MSVCRT:chkstk.obj
 0001:0001ce70       __purecall                 1001de70 f   MSVCRT:MSVCRT.dll
 0001:0001ce76       __mkdir                    1001de76 f   MSVCRT:MSVCRT.dll
 0001:0001ce7c       _localtime                 1001de7c f   MSVCRT:MSVCRT.dll
 0001:0001ce82       _time                      1001de82 f   MSVCRT:MSVCRT.dll
 0001:0001ce88       _strftime                  1001de88 f   MSVCRT:MSVCRT.dll
 0001:0001ce8e       _setlocale                 1001de8e f   MSVCRT:MSVCRT.dll
 0001:0001ce94       _fgets                     1001de94 f   MSVCRT:MSVCRT.dll
 0001:0001ce9a       _fopen                     1001de9a f   MSVCRT:MSVCRT.dll
 0001:0001cea0       _getenv                    1001dea0 f   MSVCRT:MSVCRT.dll
 0001:0001cea6       __CRT_INIT@12              1001dea6 f   MSVCRT:crtdll.obj
 0001:0001cf51       __DllMainCRTStartup@12     1001df51 f   MSVCRT:crtdll.obj
 0001:0001cfee       ___dllonexit               1001dfee f   MSVCRT:MSVCRT.dll
 0001:0001cff4       ??1type_info@@UAE@XZ       1001dff4 f   MSVCRT:MSVCRT.dll
 0001:0001cffa       __except_handler3          1001dffa f   MSVCRT:MSVCRT.dll
 0001:0001d000       ?terminate@@YAXXZ          1001e000 f   MSVCRT:MSVCRT.dll
 0001:0001d006       _free                      1001e006 f   MSVCRT:MSVCRT.dll
 0001:0001d00c       __initterm                 1001e00c f   MSVCRT:MSVCRT.dll
 0001:0001d012       _malloc                    1001e012 f   MSVCRT:MSVCRT.dll
 0001:0001d018       _DllMain@12                1001e018 f   MSVCRT:dllmain.obj
 0001:0001d040       _DisableThreadLibraryCalls@4 1001e040 f   kernel32:KERNEL32.dll
 0001:0001d046       __strnicmp                 1001e046 f   MSVCRT:MSVCRT.dll
 0001:0001d04c       __stricmp                  1001e04c f   MSVCRT:MSVCRT.dll
 0001:0001d052       __strupr                   1001e052 f   MSVCRT:MSVCRT.dll
 0002:00000000       __imp_??0CNetworkProvider@@QAE@XZ 10021000     Engine:Engine.dll
 0002:00000004       __imp_?TogglePause@CNetworkLibrary@@QAEXXZ 10021004     Engine:Engine.dll
 0002:00000008       __imp_?_wrpWorldRenderPrefs@@3VCWorldRenderPrefs@@A 10021008     Engine:Engine.dll
 0002:0000000c       __imp_?SetLocalPause@CNetworkLibrary@@QAEXH@Z 1002100c     Engine:Engine.dll
 0002:00000010       __imp_?DisableInput@CInput@@QAEXXZ 10021010     Engine:Engine.dll
 0002:00000014       __imp_?EnableInput@CInput@@QAEXPAVCViewPort@@@Z 10021014     Engine:Engine.dll
 0002:00000018       __imp_??0CTString@@QAA@JPBDZZ 10021018     Engine:Engine.dll
 0002:0000001c       __imp_?SwapBuffers@CViewPort@@QAEXXZ 1002101c     Engine:Engine.dll
 0002:00000020       __imp_?SetProgressHook@@YAXP6AXPAVCProgressHookInfo@@@Z@Z 10021020     Engine:Engine.dll
 0002:00000024       __imp_?MulColors@@YAKKK@Z  10021024     Engine:Engine.dll
 0002:00000028       __imp_?SetData@CAnimObject@@QAEXPAVCAnimData@@@Z 10021028     Engine:Engine.dll
 0002:0000002c       __imp_?PutTexture@CDrawPort@@QBEXPAVCTextureObject@@ABV?$AABBox@J$01@@1K@Z 1002102c     Engine:Engine.dll
 0002:00000030       __imp_?SaveStringVar@@YAXABVCTFileName@@AAVCTString@@@Z 10021030     Engine:Engine.dll
 0002:00000034       __imp_?MainLoop@CNetworkLibrary@@QAEXXZ 10021034     Engine:Engine.dll
 0002:00000038       __imp_??0CNetworkSession@@QAE@ABVCTString@@@Z 10021038     Engine:Engine.dll
 0002:0000003c       __imp_?_pfRenderProfile@@3AAVCProfileForm@@A 1002103c     Engine:Engine.dll
 0002:00000040       __imp_?Reset@CProfileForm@@QAEXXZ 10021040     Engine:Engine.dll
 0002:00000044       __imp_?_pfGfxProfile@@3AAVCProfileForm@@A 10021044     Engine:Engine.dll
 0002:00000048       __imp_?_pfModelProfile@@3AAVCProfileForm@@A 10021048     Engine:Engine.dll
 0002:0000004c       __imp_?_pfSoundProfile@@3AAVCProfileForm@@A 1002104c     Engine:Engine.dll
 0002:00000050       __imp_?_pfNetworkProfile@@3AAVCProfileForm@@A 10021050     Engine:Engine.dll
 0002:00000054       __imp_?_pfPhysicsProfile@@3AAVCProfileForm@@A 10021054     Engine:Engine.dll
 0002:00000058       __imp_?Report@CProfileForm@@QAEXAAVCTString@@@Z 10021058     Engine:Engine.dll
 0002:0000005c       __imp_??0CTFileStream@@QAE@XZ 1002105c     Engine:Engine.dll
 0002:00000060       __imp_??1CTFileStream@@UAE@XZ 10021060     Engine:Engine.dll
 0002:00000064       __imp_??1CTString@@QAE@XZ  10021064     Engine:Engine.dll
 0002:00000068       __imp_?FreeMemory@@YAXPAX@Z 10021068     Engine:Engine.dll
 0002:0000006c       __imp_?DeclareSymbol@CShell@@QAEXABVCTString@@PAX@Z 1002106c     Engine:Engine.dll
 0002:00000070       __imp_?_pShell@@3PAVCShell@@A 10021070     Engine:Engine.dll
 0002:00000074       __imp_?StringDuplicate@@YAPADPBD@Z 10021074     Engine:Engine.dll
 0002:00000078       __imp_?CPrintF@@YAXPBDZZ   10021078     Engine:Engine.dll
 0002:0000007c       __imp_?ScanF@CTString@@QAAJPBDZZ 1002107c     Engine:Engine.dll
 0002:00000080       __imp_?GetLine_t@CTStream@@QAEXAAVCTString@@D@Z 10021080     Engine:Engine.dll
 0002:00000084       __imp_?PutLine_t@CTStream@@QAEXPBD@Z 10021084     Engine:Engine.dll
 0002:00000088       __imp_?PrintF@CTString@@QAAJPBDZZ 10021088     Engine:Engine.dll
 0002:0000008c       __imp_?GetLerpedCurrentTick@CTimer@@QBE?BMXZ 1002108c     Engine:Engine.dll
 0002:00000090       __imp_?_pTimer@@3PAVCTimer@@A 10021090     Engine:Engine.dll
 0002:00000094       __imp_?Execute@CShell@@QAEXABVCTString@@@Z 10021094     Engine:Engine.dll
 0002:00000098       __imp_??1CTFileName@@QAE@XZ 10021098     Engine:Engine.dll
 0002:0000009c       __imp_?Open_t@CTFileStream@@QAEXABVCTFileName@@W4OpenMode@CTStream@@@Z 1002109c     Engine:Engine.dll
 0002:000000a0       __imp_?Create_t@CTFileStream@@QAEXABVCTFileName@@W4CreateMode@CTStream@@@Z 100210a0     Engine:Engine.dll
 0002:000000a4       __imp_??HCTString@@QBE?AV0@ABV0@@Z 100210a4     Engine:Engine.dll
 0002:000000a8       __imp_?NoExt@CTFileName@@QBE?AV1@XZ 100210a8     Engine:Engine.dll
 0002:000000ac       __imp_?Close@CTFileStream@@QAEXXZ 100210ac     Engine:Engine.dll
 0002:000000b0       __imp_?RenderView@@YAXAAVCWorld@@AAVCEntity@@AAVCAnyProjection3D@@AAVCDrawPort@@@Z 100210b0     Engine:Engine.dll
 0002:000000b4       __imp_??4CProjection3D@@QAEAAV0@ABV0@@Z 100210b4     Engine:Engine.dll
 0002:000000b8       __imp_??_7CParallelProjection3D@@6B@ 100210b8     Engine:Engine.dll
 0002:000000bc       __imp_??_7CIsometricProjection3D@@6B@ 100210bc     Engine:Engine.dll
 0002:000000c0       __imp_??_7CSimpleProjection3D@@6B@ 100210c0     Engine:Engine.dll
 0002:000000c4       __imp_??0CProjection3D@@QAE@XZ 100210c4     Engine:Engine.dll
 0002:000000c8       __imp_??0CPerspectiveProjection3D@@QAE@XZ 100210c8     Engine:Engine.dll
 0002:000000cc       __imp_?_pInput@@3PAVCInput@@A 100210cc     Engine:Engine.dll
 0002:000000d0       __imp_?MakeRotationMatrixFast@@YAXAAV?$Matrix@M$02$02@@ABV?$Vector@M$02@@@Z 100210d0     Engine:Engine.dll
 0002:000000d4       __imp_?CurrentTick@CTimer@@QBE?BMXZ 100210d4     Engine:Engine.dll
 0002:000000d8       __imp_?Translate@@YAPADPADJ@Z 100210d8     Engine:Engine.dll
 0002:000000dc       __imp_?ReadUntilEOF_t@CTString@@QAEXAAVCTStream@@@Z 100210dc     Engine:Engine.dll
 0002:000000e0       __imp_?ReadFromText_t@CTString@@QAEXAAVCTStream@@ABV1@@Z 100210e0     Engine:Engine.dll
 0002:000000e4       __imp_?ReadFromText_t@CTFileName@@QAEXAAVCTStream@@ABVCTString@@@Z 100210e4     Engine:Engine.dll
 0002:000000e8       __imp_??8CTString@@QBEHPBD@Z 100210e8     Engine:Engine.dll
 0002:000000ec       __imp_?ExpectKeyword_t@CTStream@@QAEXABVCTString@@@Z 100210ec     Engine:Engine.dll
 0002:000000f0       __imp_?AllocMemory@@YAPAXJ@Z 100210f0     Engine:Engine.dll
 0002:000000f4       __imp_??0CModelObject@@QAE@XZ 100210f4     Engine:Engine.dll
 0002:000000f8       __imp_??1CModelObject@@QAE@XZ 100210f8     Engine:Engine.dll
 0002:000000fc       __imp_?SetData_t@CTextureObject@@QAEXABVCTFileName@@@Z 100210fc     Engine:Engine.dll
 0002:00000100       __imp_?PlayAnim@CAnimObject@@QAEXJK@Z 10021100     Engine:Engine.dll
 0002:00000104       __imp_?SetData_t@CModelObject@@QAEXABVCTFileName@@@Z 10021104     Engine:Engine.dll
 0002:00000108       __imp_?AddAttachmentModel@CModelObject@@QAEPAVCAttachmentModelObject@@J@Z 10021108     Engine:Engine.dll
 0002:0000010c       __imp_?ThrowF_t@@YAXPADZZ  1002110c     Engine:Engine.dll
 0002:00000110       __imp_?StretchModelRelative@CModelObject@@QAEXABV?$Vector@M$02@@@Z 10021110     Engine:Engine.dll
 0002:00000114       __imp_?GetAttachmentModel@CModelObject@@QAEPAVCAttachmentModelObject@@J@Z 10021114     Engine:Engine.dll
 0002:00000118       __imp_??0CPlacement3D@@QAE@ABV?$Vector@M$02@@0@Z 10021118     Engine:Engine.dll
 0002:0000011c       __imp_??0CTFileName@@QAE@PBDH@Z 1002111c     Engine:Engine.dll
 0002:00000120       __imp_?StretchModel@CModelObject@@QAEXABV?$Vector@M$02@@@Z 10021120     Engine:Engine.dll
 0002:00000124       __imp_??1CRenderModel@@QAE@XZ 10021124     Engine:Engine.dll
 0002:00000128       __imp_?EndModelRenderingView@@YAXH@Z 10021128     Engine:Engine.dll
 0002:0000012c       __imp_?Particle_EndSystem@@YAXH@Z 1002112c     Engine:Engine.dll
 0002:00000130       __imp_?Particle_PrepareEntity@@YAXMHHPAVCEntity@@@Z 10021130     Engine:Engine.dll
 0002:00000134       __imp_?Particle_PrepareSystem@@YAXPAVCDrawPort@@AAVCAnyProjection3D@@@Z 10021134     Engine:Engine.dll
 0002:00000138       __imp_?RenderShadow@CModelObject@@QAEXAAVCRenderModel@@ABVCPlacement3D@@MMMABV?$Plane@M$02@@@Z 10021138     Engine:Engine.dll
 0002:0000013c       __imp_?RenderModel@CModelObject@@QAEXAAVCRenderModel@@@Z 1002113c     Engine:Engine.dll
 0002:00000140       __imp_?SetupModelRendering@CModelObject@@QAEXAAVCRenderModel@@@Z 10021140     Engine:Engine.dll
 0002:00000144       __imp_?SetObjectPlacement@CRenderModel@@QAEXABVCPlacement3D@@@Z 10021144     Engine:Engine.dll
 0002:00000148       __imp_?BeginModelRenderingView@@YAXAAVCAnyProjection3D@@PAVCDrawPort@@@Z 10021148     Engine:Engine.dll
 0002:0000014c       __imp_??4CPerspectiveProjection3D@@QAEAAV0@ABV0@@Z 1002114c     Engine:Engine.dll
 0002:00000150       __imp_?FillZBuffer@CDrawPort@@QBEXM@Z 10021150     Engine:Engine.dll
 0002:00000154       __imp_?Stereo_AdjustProjection@@YAXAAVCProjection3D@@JM@Z 10021154     Engine:Engine.dll
 0002:00000158       __imp_?Stereo_SetBuffer@@YAXJ@Z 10021158     Engine:Engine.dll
 0002:0000015c       __imp_??0CRenderModel@@QAE@XZ 1002115c     Engine:Engine.dll
 0002:00000160       __imp_?Stereo_IsEnabled@@YAHXZ 10021160     Engine:Engine.dll
 0002:00000164       __imp_??9CTString@@QBEHABV0@@Z 10021164     Engine:Engine.dll
 0002:00000168       __imp_??0CTextureObject@@QAE@XZ 10021168     Engine:Engine.dll
 0002:0000016c       __imp_??1CTextureObject@@QAE@XZ 1002116c     Engine:Engine.dll
 0002:00000170       __imp_??1CDrawPort@@QAE@XZ 10021170     Engine:Engine.dll
 0002:00000174       __imp_?Remove@CListNode@@QAEXXZ 10021174     Engine:Engine.dll
 0002:00000178       __imp_?Unlock@CDrawPort@@QAEXXZ 10021178     Engine:Engine.dll
 0002:0000017c       __imp_?PutTextR@CDrawPort@@QBEXABVCTString@@JJK@Z 1002117c     Engine:Engine.dll
 0002:00000180       __imp_?IsLinked@CListNode@@QBEHXZ 10021180     Engine:Engine.dll
 0002:00000184       __imp_?Lock@CDrawPort@@QAEHXZ 10021184     Engine:Engine.dll
 0002:00000188       __imp_??0CDrawPort@@QAE@PAV0@ABV?$AABBox@J$01@@@Z 10021188     Engine:Engine.dll
 0002:0000018c       __imp_?SetFont@CDrawPort@@QAEXPAVCFontData@@@Z 1002118c     Engine:Engine.dll
 0002:00000190       __imp_?_pfdDisplayFont@@3PAVCFontData@@A 10021190     Engine:Engine.dll
 0002:00000194       __imp_?PutText@CDrawPort@@QBEXABVCTString@@JJK@Z 10021194     Engine:Engine.dll
 0002:00000198       __imp_?GetPlayerName@CPlayerEntity@@QAE?AVCTString@@XZ 10021198     Engine:Engine.dll
 0002:0000019c       __imp_?Fill@CDrawPort@@QBEXJJJJK@Z 1002119c     Engine:Engine.dll
 0002:000001a0       __imp_?_pfdConsoleFont@@3PAVCFontData@@A 100211a0     Engine:Engine.dll
 0002:000001a4       __imp_?DrawLine@CDrawPort@@QBEXJJJJKK@Z 100211a4     Engine:Engine.dll
 0002:000001a8       __imp_?LerpColor@@YAKKKM@Z 100211a8     Engine:Engine.dll
 0002:000001ac       __imp_?GetTextWidth@CDrawPort@@QBEKABVCTString@@@Z 100211ac     Engine:Engine.dll
 0002:000001b0       __imp_??YCTString@@QAEAAV0@ABV0@@Z 100211b0     Engine:Engine.dll
 0002:000001b4       __imp_?PutTexture@CDrawPort@@QBEXPAVCTextureObject@@ABV?$AABBox@J$01@@K@Z 100211b4     Engine:Engine.dll
 0002:000001b8       __imp_?GetHeight@CTextureObject@@QBEJXZ 100211b8     Engine:Engine.dll
 0002:000001bc       __imp_?GetWidth@CTextureObject@@QBEJXZ 100211bc     Engine:Engine.dll
 0002:000001c0       __imp_?Force@CTextureData@@QAEXK@Z 100211c0     Engine:Engine.dll
 0002:000001c4       __imp_??1CAnimObject@@QAE@XZ 100211c4     Engine:Engine.dll
 0002:000001c8       __imp_?GetSessionProperties@CNetworkLibrary@@QAEPAXXZ 100211c8     Engine:Engine.dll
 0002:000001cc       __imp_?_pNetwork@@3PAVCNetworkLibrary@@A 100211cc     Engine:Engine.dll
 0002:000001d0       __imp_?ClearInput@CInput@@QAEXXZ 100211d0     Engine:Engine.dll
 0002:000001d4       __imp_?IsGameFinished@CNetworkLibrary@@QAEHXZ 100211d4     Engine:Engine.dll
 0002:000001d8       __imp_?Fill@CDrawPort@@QBEXK@Z 100211d8     Engine:Engine.dll
 0002:000001dc       __imp_?SetLerp@CTimer@@QAEXM@Z 100211dc     Engine:Engine.dll
 0002:000001e0       __imp_?SetCurrentTick@CTimer@@QAEXM@Z 100211e0     Engine:Engine.dll
 0002:000001e4       __imp_?TickQuantum@CTimer@@2MB 100211e4     Engine:Engine.dll
 0002:000001e8       __imp_?IsDualHead@CDisplayMode@@QAEHXZ 100211e8     Engine:Engine.dll
 0002:000001ec       __imp_?IsFullScreen@CDisplayMode@@QAEHXZ 100211ec     Engine:Engine.dll
 0002:000001f0       __imp_?_pGfx@@3PAVCGfxLibrary@@A 100211f0     Engine:Engine.dll
 0002:000001f4       __imp_??0CDisplayMode@@QAE@XZ 100211f4     Engine:Engine.dll
 0002:000001f8       __imp_??0CDrawPort@@QAE@PAV0@H@Z 100211f8     Engine:Engine.dll
 0002:000001fc       __imp_?IsDualHead@CDrawPort@@QAEHXZ 100211fc     Engine:Engine.dll
 0002:00000200       __imp_?IsPlayerLocal@CNetworkLibrary@@QAEHPAVCEntity@@@Z 10021200     Engine:Engine.dll
 0002:00000204       __imp_?IsPlayingDemo@CNetworkLibrary@@QAEHXZ 10021204     Engine:Engine.dll
 0002:00000208       __imp_??4CTString@@QAEAAV0@ABV0@@Z 10021208     Engine:Engine.dll
 0002:0000020c       __imp_?CON_GetLastLine@@YA?AVCTString@@J@Z 1002120c     Engine:Engine.dll
 0002:00000210       __imp_?GetRealTimeTick@CTimer@@QBEMXZ 10021210     Engine:Engine.dll
 0002:00000214       __imp_??0CDrawPort@@QAE@PAV0@NNNN@Z 10021214     Engine:Engine.dll
 0002:00000218       __imp_?CON_DiscardLastLineTimes@@YAXXZ 10021218     Engine:Engine.dll
 0002:0000021c       __imp_?IsNetworkEnabled@CNetworkLibrary@@QAEHXZ 1002121c     Engine:Engine.dll
 0002:00000220       __imp_?CON_NumberOfLinesAfter@@YAJM@Z 10021220     Engine:Engine.dll
 0002:00000224       __imp_?SetINDEX@CShell@@QAEXABVCTString@@J@Z 10021224     Engine:Engine.dll
 0002:00000228       __imp_?GetINDEX@CShell@@QAEJABVCTString@@@Z 10021228     Engine:Engine.dll
 0002:0000022c       __imp_?TrimLeft@CTString@@QAEJJ@Z 1002122c     Engine:Engine.dll
 0002:00000230       __imp_?DeleteChar@CTString@@QAEXJ@Z 10021230     Engine:Engine.dll
 0002:00000234       __imp_?TrimRight@CTString@@QAEJJ@Z 10021234     Engine:Engine.dll
 0002:00000238       __imp_??9CTString@@QBEHPBD@Z 10021238     Engine:Engine.dll
 0002:0000023c       __imp_?SendChat@CNetworkLibrary@@QAEXKKABVCTString@@@Z 1002123c     Engine:Engine.dll
 0002:00000240       __imp_?RemovePrefix@CTString@@QAEHABV1@@Z 10021240     Engine:Engine.dll
 0002:00000244       __imp_?HasPrefix@CTString@@QBEHABV1@@Z 10021244     Engine:Engine.dll
 0002:00000248       __imp_?TrimSpacesRight@CTString@@QAEJXZ 10021248     Engine:Engine.dll
 0002:0000024c       __imp_?TrimSpacesLeft@CTString@@QAEJXZ 1002124c     Engine:Engine.dll
 0002:00000250       __imp_?GetCompletionString@CShellSymbol@@QBE?AVCTString@@XZ 10021250     Engine:Engine.dll
 0002:00000254       __imp_?InsertChar@CTString@@QAEXJD@Z 10021254     Engine:Engine.dll
 0002:00000258       __imp_?Clear@CListHead@@QAEXXZ 10021258     Engine:Engine.dll
 0002:0000025c       __imp_??1CListNode@@QAE@XZ 1002125c     Engine:Engine.dll
 0002:00000260       __imp_??0CTString@@QAE@PBD@Z 10021260     Engine:Engine.dll
 0002:00000264       __imp_??8CTString@@QBEHABV0@@Z 10021264     Engine:Engine.dll
 0002:00000268       __imp_?AtEOF@CTStream@@QAEHXZ 10021268     Engine:Engine.dll
 0002:0000026c       __imp_?GetLine_t@CTStream@@QAEXPADJD@Z 1002126c     Engine:Engine.dll
 0002:00000270       __imp_?FPrintF_t@CTStream@@QAAXPBDZZ 10021270     Engine:Engine.dll
 0002:00000274       __imp_??1CNetworkSession@@QAE@XZ 10021274     Engine:Engine.dll
 0002:00000278       __imp_??0CPlayerCharacter@@QAE@XZ 10021278     Engine:Engine.dll
 0002:0000027c       __imp_??1CPlayerCharacter@@QAE@XZ 1002127c     Engine:Engine.dll
 0002:00000280       __imp_??0CTString@@QAE@XZ  10021280     Engine:Engine.dll
 0002:00000284       __imp_??5@YAAAVCTStream@@AAV0@AAVCTString@@@Z 10021284     Engine:Engine.dll
 0002:00000288       __imp_??6@YAAAVCTStream@@AAV0@ABVCTString@@@Z 10021288     Engine:Engine.dll
 0002:0000028c       __imp_?AddTail@CListHead@@QAEXAAVCListNode@@@Z 1002128c     Engine:Engine.dll
 0002:00000290       __imp_??H@YA?AVCTString@@PBDABV0@@Z 10021290     Engine:Engine.dll
 0002:00000294       __imp_?SetAction@CPlayerSource@@QAEXABVCPlayerAction@@@Z 10021294     Engine:Engine.dll
 0002:00000298       __imp_??0CPlayerAction@@QAE@XZ 10021298     Engine:Engine.dll
 0002:0000029c       __imp_?GetLocalPause@CNetworkLibrary@@QAEHXZ 1002129c     Engine:Engine.dll
 0002:000002a0       __imp_?IsPaused@CNetworkLibrary@@QAEHXZ 100212a0     Engine:Engine.dll
 0002:000002a4       __imp_?GetInput@CInput@@QAEXH@Z 100212a4     Engine:Engine.dll
 0002:000002a8       __imp_?SetJoyPolling@CInput@@QAEXH@Z 100212a8     Engine:Engine.dll
 0002:000002ac       __imp_?_strModURL@@3VCTString@@A 100212ac     Engine:Engine.dll
 0002:000002b0       __imp_?LoadKeepCRLF_t@CTString@@QAEXABVCTFileName@@@Z 100212b0     Engine:Engine.dll
 0002:000002b4       __imp_?FatalError@@YAXPBDZZ 100212b4     Engine:Engine.dll
 0002:000002b8       __imp_?_bDedicatedServer@@3HA 100212b8     Engine:Engine.dll
 0002:000002bc       __imp_?AddHandler@CTimer@@QAEXPAVCTimerHandler@@@Z 100212bc     Engine:Engine.dll
 0002:000002c0       __imp_?Play_t@CSoundObject@@QAEXABVCTFileName@@J@Z 100212c0     Engine:Engine.dll
 0002:000002c4       __imp_??0CSoundObject@@QAE@XZ 100212c4     Engine:Engine.dll
 0002:000002c8       __imp_?Stop@CSoundObject@@QAEXXZ 100212c8     Engine:Engine.dll
 0002:000002cc       __imp_?CPutString@@YAXPBD@Z 100212cc     Engine:Engine.dll
 0002:000002d0       __imp_?WarningMessage@@YAXPBDZZ 100212d0     Engine:Engine.dll
 0002:000002d4       __imp_?SaveKeepCRLF_t@CTString@@QAEXABVCTFileName@@@Z 100212d4     Engine:Engine.dll
 0002:000002d8       __imp_??1CSoundObject@@QAE@XZ 100212d8     Engine:Engine.dll
 0002:000002dc       __imp_?StorePersistentSymbols@CShell@@QAEXABVCTFileName@@@Z 100212dc     Engine:Engine.dll
 0002:000002e0       __imp_?RemHandler@CTimer@@QAEXPAVCTimerHandler@@@Z 100212e0     Engine:Engine.dll
 0002:000002e4       __imp_?StopProvider@CMessageDispatcher@@QAEXXZ 100212e4     Engine:Engine.dll
 0002:000002e8       __imp_?StopGame@CNetworkLibrary@@QAEXXZ 100212e8     Engine:Engine.dll
 0002:000002ec       __imp_?StartPeerToPeer_t@CNetworkLibrary@@QAEXABVCTString@@ABVCTFileName@@KJHPAX@Z 100212ec     Engine:Engine.dll
 0002:000002f0       __imp_?StartDemoPlay_t@CNetworkLibrary@@QAEXABVCTFileName@@@Z 100212f0     Engine:Engine.dll
 0002:000002f4       __imp_?JoinSession_t@CNetworkLibrary@@QAEXABVCNetworkSession@@J@Z 100212f4     Engine:Engine.dll
 0002:000002f8       __imp_?Matches@CTString@@QBEHPBD@Z 100212f8     Engine:Engine.dll
 0002:000002fc       __imp_?Load_t@CNetworkLibrary@@QAEXABVCTFileName@@@Z 100212fc     Engine:Engine.dll
 0002:00000300       __imp_?FileExists@@YAHABVCTFileName@@@Z 10021300     Engine:Engine.dll
 0002:00000304       __imp_?StartDemoRec_t@CNetworkLibrary@@QAEXABVCTFileName@@@Z 10021304     Engine:Engine.dll
 0002:00000308       __imp_?StopDemoRec@CNetworkLibrary@@QAEXXZ 10021308     Engine:Engine.dll
 0002:0000030c       __imp_?Save_t@CNetworkLibrary@@QAEXABVCTFileName@@@Z 1002130c     Engine:Engine.dll
 0002:00000310       __imp_?StartProvider_t@CMessageDispatcher@@QAEXABVCNetworkProvider@@@Z 10021310     Engine:Engine.dll
 0002:00000314       __imp_??4CListNode@@QAEAAV0@ABV0@@Z 10021314     Engine:Engine.dll
 0002:00000318       __imp_?GetDescription@CNetworkProvider@@QBEABVCTString@@XZ 10021318     Engine:Engine.dll
 0002:0000031c       __imp_?EnumNetworkProviders@CMessageDispatcher@@QAEXAAVCListHead@@@Z 1002131c     Engine:Engine.dll
 0002:00000320       __imp_?GetID_t@CTStream@@QAE?AVCChunkID@@XZ 10021320     Engine:Engine.dll
 0002:00000324       __imp_?ExpectID_t@CTStream@@QAEXABVCChunkID@@@Z 10021324     Engine:Engine.dll
 0002:00000328       __imp_?WriteID_t@CTStream@@QAEXABVCChunkID@@@Z 10021328     Engine:Engine.dll
 0002:0000032c       __imp_??4CPlayerCharacter@@QAEAAV0@ABV0@@Z 1002132c     Engine:Engine.dll
 0002:00000330       __imp_??0CPlayerCharacter@@QAE@ABVCTString@@@Z 10021330     Engine:Engine.dll
 0002:00000334       __imp_?OnlyFirstLine@CTString@@QAEXXZ 10021334     Engine:Engine.dll
 0002:00000338       __imp_?LoadStringVar@@YAXABVCTFileName@@AAVCTString@@@Z 10021338     Engine:Engine.dll
 0002:0000033c       __imp_?Load_t@CPlayerCharacter@@QAEXABVCTFileName@@@Z 1002133c     Engine:Engine.dll
 0002:00000340       __imp_?ChangeCharacter@CPlayerSource@@QAEXAAVCPlayerCharacter@@@Z 10021340     Engine:Engine.dll
 0002:00000344       __imp_?Save_t@CPlayerCharacter@@QAEXABVCTFileName@@@Z 10021344     Engine:Engine.dll
 0002:00000348       __imp_?AddPlayer_t@CNetworkLibrary@@QAEPAVCPlayerSource@@AAVCPlayerCharacter@@@Z 10021348     Engine:Engine.dll
 0002:0000034c       __imp_??_FCDrawPort@@QAEXXZ 1002134c     Engine:Engine.dll
 0002:00000350       __imp_?SaveTGA_t@CImageInfo@@QBEXABVCTFileName@@@Z 10021350     Engine:Engine.dll
 0002:00000354       __imp_?ExpandFilePath@@YAJKABVCTFileName@@AAV1@@Z 10021354     Engine:Engine.dll
 0002:00000358       __imp_?UpdateSounds@CSoundLibrary@@QAEXXZ 10021358     Engine:Engine.dll
 0002:0000035c       __imp_?_pSound@@3PAVCSoundLibrary@@A 1002135c     Engine:Engine.dll
 0002:00000360       __imp_?IsDemoPlayFinished@CNetworkLibrary@@QAEHXZ 10021360     Engine:Engine.dll
 0002:00000364       __imp_?IsRecordingDemo@CNetworkLibrary@@QAEHXZ 10021364     Engine:Engine.dll
 0002:00000368       __imp_?PutTextCXY@CDrawPort@@QBEXABVCTString@@JJK@Z 10021368     Engine:Engine.dll
 0002:0000036c       __imp_?IsConnectionStable@CNetworkLibrary@@QAEHXZ 1002136c     Engine:Engine.dll
 0002:00000370       __imp_?IsWaitingForServer@CNetworkLibrary@@QAEHXZ 10021370     Engine:Engine.dll
 0002:00000374       __imp_?IsWaitingForPlayers@CNetworkLibrary@@QAEHXZ 10021374     Engine:Engine.dll
 0002:00000378       __imp_?WhyDisconnected@CNetworkLibrary@@QAEABVCTString@@XZ 10021378     Engine:Engine.dll
 0002:0000037c       __imp_?IsDisconnected@CNetworkLibrary@@QAEHXZ 1002137c     Engine:Engine.dll
 0002:00000380       __imp_?GetPredictor@CEntity@@QAEPAV1@XZ 10021380     Engine:Engine.dll
 0002:00000384       __imp_?GetPlayerEntity@CEntity@@SAPAV1@J@Z 10021384     Engine:Engine.dll
 0002:00000388       __imp_??1CTSingleLock@@QAE@XZ 10021388     Engine:Engine.dll
 0002:0000038c       __imp_?GetLocalPlayerEntity@CNetworkLibrary@@QAEPAVCEntity@@PAVCPlayerSource@@@Z 1002138c     Engine:Engine.dll
 0002:00000390       __imp_??0CTSingleLock@@QAE@PAVCTCriticalSection@@H@Z 10021390     Engine:Engine.dll
 0002:00000394       __imp_?SE_PretouchIfNeeded@@YAXXZ 10021394     Engine:Engine.dll
 0002:00000398       __imp_??1CImageInfo@@QAE@XZ 10021398     Engine:Engine.dll
 0002:0000039c       __imp_??1CTextureData@@UAE@XZ 1002139c     Engine:Engine.dll
 0002:000003a0       __imp_?Write_t@CTextureData@@UAEXPAVCTStream@@@Z 100213a0     Engine:Engine.dll
 0002:000003a4       __imp_?Create_t@CTextureData@@QAEXPBVCImageInfo@@JJH@Z 100213a4     Engine:Engine.dll
 0002:000003a8       __imp_?GrabScreen@CDrawPort@@QBEXAAVCImageInfo@@J@Z 100213a8     Engine:Engine.dll
 0002:000003ac       __imp_??0CTextureData@@QAE@XZ 100213ac     Engine:Engine.dll
 0002:000003b0       __imp_??0CImageInfo@@QAE@XZ 100213b0     Engine:Engine.dll
 0002:000003b4       __imp_?FileExistsForWriting@@YAHABVCTFileName@@@Z 100213b4     Engine:Engine.dll
 0002:000003b8       __imp_?FileName@CTFileName@@QBE?AV1@XZ 100213b8     Engine:Engine.dll
 0002:000003bc       __imp_?Fill@CDrawPort@@QBEXJJJJKKKK@Z 100213bc     Engine:Engine.dll
 0002:000003c0       __imp_?STAT_Reset@@YAXXZ   100213c0     Engine:Engine.dll
 0002:000003c4       __imp_?STAT_Report@@YAXAAVCTString@@@Z 100213c4     Engine:Engine.dll
 0002:000003c8       __imp_?DrawBorder@CDrawPort@@QBEXJJJJKK@Z 100213c8     Engine:Engine.dll
 0002:000003cc       __imp_?PutTextC@CDrawPort@@QBEXABVCTString@@JJK@Z 100213cc     Engine:Engine.dll
 0002:000003d0       __imp_?DepthString@CDisplayMode@@QBE?AVCTString@@XZ 100213d0     Engine:Engine.dll
 0002:000003d4       __imp_??4CDrawPort@@QAEAAV0@ABV0@@Z 100213d4     Engine:Engine.dll
 0002:000003d8       __imp_?TranslateConst@@YAPBDPBDJ@Z 100213d8     Engine:Engine.dll
 0002:000003dc       __imp_?GetName@CWorld@@QAEABVCTString@@XZ 100213dc     Engine:Engine.dll
 0002:000003e0       __imp_??4CTString@@QAEAAV0@PBD@Z 100213e0     Engine:Engine.dll
 0002:000003e4       __imp_?RemoveFile@@YAHABVCTFileName@@@Z 100213e4     Engine:Engine.dll
 0002:000003e8       __imp_?Count@CListHead@@QBEJXZ 100213e8     Engine:Engine.dll
 0002:000003ec       __imp_?Sort@CListHead@@QAEXP6AHPBX0@ZH@Z 100213ec     Engine:Engine.dll
 0002:000003f0       __imp_??0CTFileName@@QAE@XZ 100213f0     Engine:Engine.dll
 0002:000003f4       __imp_?MakeDirList@@YAXAAV?$CDynamicStackArray@VCTFileName@@@@ABVCTFileName@@ABVCTString@@K@Z 100213f4     Engine:Engine.dll
 0002:000003f8       \177Engine_NULL_THUNK_DATA 100213f8     Engine:Engine.dll
 0002:000003fc       __imp_?plr_iHiScore@@3JA   100213fc     EntitiesMP:EntitiesMP.dll
 0002:00000400       __imp_?ctl_slPlayerControlsSize@@3JB 10021400     EntitiesMP:EntitiesMP.dll
 0002:00000404       __imp_?ctl_pvPlayerControls@@3PAXA 10021404     EntitiesMP:EntitiesMP.dll
 0002:00000408       __imp_?ctl_ComposeActionPacket@@YAXABVCPlayerCharacter@@AAVCPlayerAction@@H@Z 10021408     EntitiesMP:EntitiesMP.dll
 0002:0000040c       __imp_?cmp_bInitialStart@@3HA 1002140c     EntitiesMP:EntitiesMP.dll
 0002:00000410       __imp_?cmp_bUpdateInBackground@@3HA 10021410     EntitiesMP:EntitiesMP.dll
 0002:00000414       __imp_?cmp_ppenPlayer@@3PAVCPlayer@@A 10021414     EntitiesMP:EntitiesMP.dll
 0002:00000418       __imp_?cmp_ppenDHPlayer@@3PAVCPlayer@@A 10021418     EntitiesMP:EntitiesMP.dll
 0002:0000041c       __imp_?GetStats@CPlayer@@QAEXAAVCTString@@W4CompStatType@@J@Z 1002141c     EntitiesMP:EntitiesMP.dll
 0002:00000420       __imp_?Particles_Burning_Comp@@YAXPAVCModelObject@@MVCPlacement3D@@@Z 10021420     EntitiesMP:EntitiesMP.dll
 0002:00000424       __imp_?Particles_AirElemental_Comp@@YAXPAVCModelObject@@MMVCPlacement3D@@@Z 10021424     EntitiesMP:EntitiesMP.dll
 0002:00000428       \177EntitiesMP_NULL_THUNK_DATA 10021428     EntitiesMP:EntitiesMP.dll
 0002:0000042c       __imp__DisableThreadLibraryCalls@4 1002142c     kernel32:KERNEL32.dll
 0002:00000430       \177KERNEL32_NULL_THUNK_DATA 10021430     kernel32:KERNEL32.dll
 0002:00000434       __imp__malloc              10021434     MSVCRT:MSVCRT.dll
 0002:00000438       __imp___adjust_fdiv        10021438     MSVCRT:MSVCRT.dll
 0002:0000043c       __imp___initterm           1002143c     MSVCRT:MSVCRT.dll
 0002:00000440       __imp__free                10021440     MSVCRT:MSVCRT.dll
 0002:00000444       __imp_?terminate@@YAXXZ    10021444     MSVCRT:MSVCRT.dll
 0002:00000448       __imp___strnicmp           10021448     MSVCRT:MSVCRT.dll
 0002:00000448       __imp__strnicmp            10021448     MSVCRT:MSVCRT.dll
 0002:0000044c       __imp___stricmp            1002144c     MSVCRT:MSVCRT.dll
 0002:0000044c       __imp__stricmp             1002144c     MSVCRT:MSVCRT.dll
 0002:00000450       __imp___strupr             10021450     MSVCRT:MSVCRT.dll
 0002:00000450       __imp__strupr              10021450     MSVCRT:MSVCRT.dll
 0002:00000454       __imp____CxxFrameHandler   10021454     MSVCRT:MSVCRT.dll
 0002:00000458       __imp___CxxThrowException@8 10021458     MSVCRT:MSVCRT.dll
 0002:0000045c       __imp__strncmp             1002145c     MSVCRT:MSVCRT.dll
 0002:00000460       __imp__strchr              10021460     MSVCRT:MSVCRT.dll
 0002:00000464       __imp___ftol               10021464     MSVCRT:MSVCRT.dll
 0002:00000468       __imp_??3@YAXPAX@Z         10021468     MSVCRT:MSVCRT.dll
 0002:0000046c       __imp__floor               1002146c     MSVCRT:MSVCRT.dll
 0002:00000470       __imp_??2@YAPAXI@Z         10021470     MSVCRT:MSVCRT.dll
 0002:00000474       __imp__strncpy             10021474     MSVCRT:MSVCRT.dll
 0002:00000478       __imp__isalnum             10021478     MSVCRT:MSVCRT.dll
 0002:0000047c       __imp__isprint             1002147c     MSVCRT:MSVCRT.dll
 0002:00000480       __imp___CIpow              10021480     MSVCRT:MSVCRT.dll
 0002:00000484       __imp__sscanf              10021484     MSVCRT:MSVCRT.dll
 0002:00000488       __imp___purecall           10021488     MSVCRT:MSVCRT.dll
 0002:0000048c       __imp___mkdir              1002148c     MSVCRT:MSVCRT.dll
 0002:00000490       __imp__localtime           10021490     MSVCRT:MSVCRT.dll
 0002:00000494       __imp__time                10021494     MSVCRT:MSVCRT.dll
 0002:00000498       __imp__strftime            10021498     MSVCRT:MSVCRT.dll
 0002:0000049c       __imp__setlocale           1002149c     MSVCRT:MSVCRT.dll
 0002:000004a0       __imp__fgets               100214a0     MSVCRT:MSVCRT.dll
 0002:000004a4       __imp__fopen               100214a4     MSVCRT:MSVCRT.dll
 0002:000004a8       __imp__getenv              100214a8     MSVCRT:MSVCRT.dll
 0002:000004ac       __imp____dllonexit         100214ac     MSVCRT:MSVCRT.dll
 0002:000004b0       __imp___onexit             100214b0     MSVCRT:MSVCRT.dll
 0002:000004b4       __imp_??1type_info@@UAE@XZ 100214b4     MSVCRT:MSVCRT.dll
 0002:000004b8       __imp___except_handler3    100214b8     MSVCRT:MSVCRT.dll
 0002:000004bc       \177MSVCRT_NULL_THUNK_DATA 100214bc     MSVCRT:MSVCRT.dll
 0002:000004c0       __imp__RegisterWindowMessageA@4 100214c0     user32:USER32.dll
 0002:000004c4       __imp__PeekMessageA@20     100214c4     user32:USER32.dll
 0002:000004c8       __imp__TranslateMessage@4  100214c8     user32:USER32.dll
 0002:000004cc       __imp__DispatchMessageA@4  100214cc     user32:USER32.dll
 0002:000004d0       __imp__MapVirtualKeyA@8    100214d0     user32:USER32.dll
 0002:000004d4       __imp__GetCursorPos@4      100214d4     user32:USER32.dll
 0002:000004d8       __imp__ScreenToClient@8    100214d8     user32:USER32.dll
 0002:000004dc       __imp__GetAsyncKeyState@4  100214dc     user32:USER32.dll
 0002:000004e0       __imp__ShowCursor@4        100214e0     user32:USER32.dll
 0002:000004e4       __imp__GetKeyState@4       100214e4     user32:USER32.dll
 0002:000004e8       \177USER32_NULL_THUNK_DATA 100214e8     user32:USER32.dll
 0002:0000050c       __real@4@00000000000000000000 1002150c     Camera.obj
 0002:00000510       __real@4@3fff8000000000000000 10021510     Camera.obj
 0002:00000514       __real@4@4002a000000000000000 10021514     Camera.obj
 0002:00000518       __real@4@3ffe8000000000000000 10021518     Camera.obj
 0002:0000051c       __real@4@3ffdaaaaaaaaaaaaa800 1002151c     CompModels.obj
 0002:00000520       __real@4@4001a000000000000000 10021520     CompModels.obj
 0002:00000528       __real@8@4002a000000000000000 10021528     CompModels.obj
 0002:00000530       __real@8@3ffefd7720f353a4c000 10021530     CompModels.obj
 0002:00000538       __real@8@3fff8000000000000000 10021538     CompModels.obj
 0002:00000540       __real@8@3ff8a3d70a3d70a3d800 10021540     CompModels.obj
 0002:0000054c       __real@4@4003a000000000000000 1002154c     Computer.obj
 0002:00000550       __real@4@3ffefd70a40000000000 10021550     Computer.obj
 0002:00000554       __real@4@3ff68888888888888800 10021554     Computer.obj
 0002:0000055c       __real@4@bfffaa9fbe0000000000 1002155c     Console.obj
 0002:00000560       __real@4@3ff8a3d70a0000000000 10021560     Console.obj
 0002:00000564       __real@4@3fffcccccd0000000000 10021564     Console.obj
 0002:00000568       __real@4@3ffbcccccd0000000000 10021568     Console.obj
 0002:0000056c       ??_7CControls@@6B@         1002156c     Controls.obj
 0002:000005a0       __real@8@40008000000000000000 100215a0     Controls.obj
 0002:000005a8       __real@8@3ffcccccccccccccd000 100215a8     Controls.obj
 0002:000005b0       __real@8@4004c800000000000000 100215b0     Controls.obj
 0002:000005b8       __real@8@3fff9999999999999800 100215b8     Controls.obj
 0002:000005c0       ??_7CGame@@6B@             100215c0     Game.obj
 0002:00000690       ??_7CGameTimerHandler@@6B@ 10021690     Game.obj
 0002:00000698       ??_7CTimerHandler@@6B@     10021698     Game.obj
 0002:000006a0       ??_7CButtonAction@@6B@     100216a0     Game.obj
 0002:000006ac       __real@4@3ff8a3d70a3d70a3d800 100216ac     Game.obj
 0002:000006b0       __real@8@00000000000000000000 100216b0     Game.obj
 0002:000006b8       __real@4@3ff58000000000000000 100216b8     Game.obj
 0002:000006bc       __real@4@3ffd8000000000000000 100216bc     Game.obj
 0002:000006c0       __real@4@40018000000000000000 100216c0     Game.obj
 0002:000006c4       __real@4@3ffdcccccd0000000000 100216c4     Game.obj
 0002:000006c8       __real@8@4000c000000000000000 100216c8     Game.obj
 0002:000006d0       __real@4@4008fa00000000000000 100216d0     Game.obj
 0002:000006d4       __real@4@3ffec000000000000000 100216d4     Game.obj
 0002:000006d8       __real@4@3ff7a3d70a0000000000 100216d8     Game.obj
 0002:000006dc       __real@4@4003f000000000000000 100216dc     Game.obj
 0002:000006e0       __real@8@3fffc000000000000000 100216e0     Game.obj
 0002:000006e8       __real@4@4004f000000000000000 100216e8     Game.obj
 0002:000006ec       __real@4@4007c800000000000000 100216ec     Game.obj
 0002:000006f0       __real@4@3ffdaaa64c0000000000 100216f0     Game.obj
 0002:000006f4       __real@4@40008000000000000000 100216f4     Game.obj
 0002:000006f8       __real@4@3ffee666660000000000 100216f8     Game.obj
 0002:000006fc       __real@4@4006c000000000000000 100216fc     Game.obj
 0002:00000700       __real@4@3ffeb333330000000000 10021700     Game.obj
 0002:00000704       __real@4@3ffaf5c28f0000000000 10021704     Game.obj
 0002:00000708       __real@4@3ffc99999a0000000000 10021708     Game.obj
 0002:0000070c       __real@4@3ff5ccccccccccccd000 1002170c     Game.obj
 0002:00000710       __real@4@3ff58f5c28ccccccd000 10021710     Game.obj
 0002:00000718       __real@8@4003c800000000000000 10021718     Game.obj
 0002:00000720       __real@4@3ffecccccd0000000000 10021720     Game.obj
 0002:00000728       __real@8@40048000000000000000 10021728     Game.obj
 0002:00000730       __real@4@3ffe99999a0000000000 10021730     Game.obj
 0002:00000734       __real@4@3ff5f5c2900000000000 10021734     Game.obj
 0002:00000738       __real@8@4003a800000000000000 10021738     Game.obj
 0002:00000740       __real@8@40048c00000000000000 10021740     Game.obj
 0002:00000748       __real@4@4007d200000000000000 10021748     Game.obj
 0002:0000074c       __real@4@4006aa00000000000000 1002174c     Game.obj
 0002:00000750       __real@4@3ff68779a66666666800 10021750     Game.obj
 0002:00000758       __real@8@4003f800000000000000 10021758     Game.obj
 0002:00000760       __real@4@3ff6be0decccccccd000 10021760     Game.obj
 0002:00000768       __real@8@4008a000000000000000 10021768     Game.obj
 0002:00000770       __real@4@3ff5a3d70a6666666800 10021770     LCDDrawing.obj
 0002:00000774       __real@4@3ffef333330000000000 10021774     LCDDrawing.obj
 0002:00000778       __real@4@3ff6851eb80000000000 10021778     LCDDrawing.obj
 0002:00000780       __real@8@4004a000000000000000 10021780     LCDDrawing.obj
 0002:00000788       __real@4@3ff4ccccccccccccd000 10021788     LCDDrawing.obj
 0002:0000078c       __real@4@3ff6ae147b3333333800 1002178c     LCDDrawing.obj
 0002:00000790       __real@8@3ffe8000000000000000 10021790     LCDDrawing.obj
 0002:00000798       __real@4@4005c800000000000000 10021798     LoadingHook.obj
 0002:000007a0       __real@8@3ffccccccd0000000000 100217a0     LoadingHook.obj
 0002:000007b0       ??_7type_info@@6B@         100217b0     MSVCRT:ti_inst.obj
 0002:000007e8       ??_R1A@?0A@A@type_info@@8  100217e8     MSVCRT:ti_inst.obj
 0002:00000800       ??_R2type_info@@8          10021800     MSVCRT:ti_inst.obj
 0002:00000808       ??_R3type_info@@8          10021808     MSVCRT:ti_inst.obj
 0002:00000818       ??_R4type_info@@6B@        10021818     MSVCRT:ti_inst.obj
 0002:00000ba0       __CT??_R0PAX@84            10021ba0     CompMessage.obj
 0002:00000bc0       __CT??_R0PAD@84            10021bc0     CompMessage.obj
 0002:00000be0       __CTA2PAD                  10021be0     CompMessage.obj
 0002:00000bf0       __TI2PAD                   10021bf0     CompMessage.obj
 0002:00003650       __IMPORT_DESCRIPTOR_USER32 10024650     user32:USER32.dll
 0002:00003664       __IMPORT_DESCRIPTOR_EntitiesMP 10024664     EntitiesMP:EntitiesMP.dll
[...]

 entry point at        0001:0001cf51

 Static symbols

 0001:0001b7f0       ?SetGameModeParameters@@YAXAAVCSessionProperties@@@Z 1001c7f0 f   SessionProperties.obj
 0001:0001b850       ?SetDifficultyParameters@@YAXAAVCSessionProperties@@@Z 1001c850 f   SessionProperties.obj
 0001:0001af90       _$E17                      1001bf90 f   Map.obj
 0001:0001afa0       _$E14                      1001bfa0 f   Map.obj
 0001:0001afc0       _$E16                      1001bfc0 f   Map.obj
 0001:0001afd0       _$E15                      1001bfd0 f   Map.obj
 0001:0001aff0       _$E22                      1001bff0 f   Map.obj
 0001:0001b000       _$E19                      1001c000 f   Map.obj
 0001:0001b010       _$E21                      1001c010 f   Map.obj
 0001:0001b020       _$E20                      1001c020 f   Map.obj
 0001:0001b030       _$E27                      1001c030 f   Map.obj
 0001:0001b040       _$E24                      1001c040 f   Map.obj
 0001:0001b050       _$E26                      1001c050 f   Map.obj
 0001:0001b060       _$E25                      1001c060 f   Map.obj
 0001:0001b070       _$E32                      1001c070 f   Map.obj
 0001:0001b080       _$E29                      1001c080 f   Map.obj
 0001:0001b090       _$E31                      1001c090 f   Map.obj
 0001:0001b0a0       _$E30                      1001c0a0 f   Map.obj
 0001:0001b0b0       _$E37                      1001c0b0 f   Map.obj
 0001:0001b0c0       _$E34                      1001c0c0 f   Map.obj
 0001:0001b0d0       _$E36                      1001c0d0 f   Map.obj
 0001:0001b0e0       _$E35                      1001c0e0 f   Map.obj
 0001:0001b0f0       _$E42                      1001c0f0 f   Map.obj
 0001:0001b100       _$E39                      1001c100 f   Map.obj
 0001:0001b110       _$E41                      1001c110 f   Map.obj
 0001:0001b120       _$E40                      1001c120 f   Map.obj
 0001:0001a9f0       ?LoadingHook_t@@YAXPAVCProgressHookInfo@@@Z 1001b9f0 f   LoadingHook.obj
 0001:0001af60       _$E15                      1001bf60 f   LoadingHook.obj
 0001:00019f20       _$E17                      1001af20 f   LCDDrawing.obj
 0001:00019f30       _$E14                      1001af30 f   LCDDrawing.obj
 0001:00019f40       _$E16                      1001af40 f   LCDDrawing.obj
 0001:00019f50       _$E15                      1001af50 f   LCDDrawing.obj
 0001:00019f60       _$E22                      1001af60 f   LCDDrawing.obj
 0001:00019f70       _$E19                      1001af70 f   LCDDrawing.obj
 0001:00019f80       _$E21                      1001af80 f   LCDDrawing.obj
 0001:00019f90       _$E20                      1001af90 f   LCDDrawing.obj
 0001:00019fa0       _$E27                      1001afa0 f   LCDDrawing.obj
 0001:00019fb0       _$E24                      1001afb0 f   LCDDrawing.obj
 0001:00019fc0       _$E26                      1001afc0 f   LCDDrawing.obj
 0001:00019fd0       _$E25                      1001afd0 f   LCDDrawing.obj
 0001:00019fe0       _$E30                      1001afe0 f   LCDDrawing.obj
 0001:00019ff0       _$E29                      1001aff0 f   LCDDrawing.obj
 0001:0000ed50       _$E15                      1000fd50 f   Game.obj
 0001:0000ed60       _$E14                      1000fd60 f   Game.obj
 0001:0000ed70       _$E20                      1000fd70 f   Game.obj
 0001:0000ed80       _$E17                      1000fd80 f   Game.obj
 0001:0000edf0       _$E19                      1000fdf0 f   Game.obj
 0001:0000ee00       _$E18                      1000fe00 f   Game.obj
 0001:0000ee10       _$E25                      1000fe10 f   Game.obj
 0001:0000ee20       _$E22                      1000fe20 f   Game.obj
 0001:0000ee90       _$E24                      1000fe90 f   Game.obj
 0001:0000eea0       _$E23                      1000fea0 f   Game.obj
 0001:0000eeb0       _$E30                      1000feb0 f   Game.obj
 0001:0000eec0       _$E27                      1000fec0 f   Game.obj
 0001:0000ef30       _$E29                      1000ff30 f   Game.obj
 0001:0000ef40       _$E28                      1000ff40 f   Game.obj
 0001:0000ef50       _$E35                      1000ff50 f   Game.obj
 0001:0000ef60       _$E32                      1000ff60 f   Game.obj
 0001:0000efd0       _$E34                      1000ffd0 f   Game.obj
 0001:0000efe0       _$E33                      1000ffe0 f   Game.obj
 0001:0000eff0       _$E40                      1000fff0 f   Game.obj
 0001:0000f000       _$E37                      10010000 f   Game.obj
 0001:0000f020       _$E39                      10010020 f   Game.obj
 0001:0000f030       _$E38                      10010030 f   Game.obj
 0001:0000f040       _$E45                      10010040 f   Game.obj
 0001:0000f050       _$E42                      10010050 f   Game.obj
 0001:0000f060       _$E44                      10010060 f   Game.obj
 0001:0000f070       _$E43                      10010070 f   Game.obj
 0001:0000f080       _$E50                      10010080 f   Game.obj
 0001:0000f090       _$E47                      10010090 f   Game.obj
 0001:0000f0a0       _$E49                      100100a0 f   Game.obj
 0001:0000f0b0       _$E48                      100100b0 f   Game.obj
 0001:0000f0c0       _$E55                      100100c0 f   Game.obj
 0001:0000f0d0       _$E52                      100100d0 f   Game.obj
 0001:0000f0e0       _$E54                      100100e0 f   Game.obj
 0001:0000f0f0       _$E53                      100100f0 f   Game.obj
 0001:0000f270       _$E58                      10010270 f   Game.obj
 0001:0000f280       _$E57                      10010280 f   Game.obj
 0001:0000f290       _$E61                      10010290 f   Game.obj
 0001:0000f2a0       _$E60                      100102a0 f   Game.obj
 0001:0000f2b0       _$E66                      100102b0 f   Game.obj
 0001:0000f2c0       _$E63                      100102c0 f   Game.obj
 0001:0000f2e0       _$E65                      100102e0 f   Game.obj
 0001:0000f2f0       _$E64                      100102f0 f   Game.obj
 0001:0000f300       _$E71                      10010300 f   Game.obj
 0001:0000f310       _$E68                      10010310 f   Game.obj
 0001:0000f330       _$E70                      10010330 f   Game.obj
 0001:0000f340       _$E69                      10010340 f   Game.obj
 0001:0000f350       _$E76                      10010350 f   Game.obj
 0001:0000f360       _$E73                      10010360 f   Game.obj
 0001:0000f380       _$E75                      10010380 f   Game.obj
 0001:0000f390       _$E74                      10010390 f   Game.obj
 0001:0000fc40       ?CalcDemoProfile@@YAXJAAJAAN1AAM22222222222222@Z 10010c40 f   Game.obj
 0001:00011c70       ?DumpDemoProfile@@YAXXZ    10012c70 f   Game.obj
 0001:00011e60       ?ReportDemoProfile@@YAXXZ  10012e60 f   Game.obj
 0001:00011f70       ?PlayScriptSound@@YAXJABVCTString@@MMH@Z 10012f70 f   Game.obj
 0001:00012080       ?StopScriptSound@@YAXJ@Z   10013080 f   Game.obj
 0001:000120b0       ?IsScriptSoundPlaying@@YAJJ@Z 100130b0 f   Game.obj
 0001:000120e0       ?DumpProfileToFile@@YAXXZ  100130e0 f   Game.obj
 0001:000120f0       ?DumpProfileToConsole@@YAXXZ 100130f0 f   Game.obj
 0001:00012100       ?RecordProfile@@YAXXZ      10013100 f   Game.obj
 0001:00012110       ?SaveScreenShot@@YAXXZ     10013110 f   Game.obj
 0001:00012120       ?Say@@YAXABVCTString@@@Z   10013120 f   Game.obj
 0001:00012140       ?SayFromTo@@YAXJJABVCTString@@@Z 10013140 f   Game.obj
 0001:00013f80       _$E81                      10014f80 f   Game.obj
 0001:00013f90       _$E78                      10014f90 f   Game.obj
 0001:00014000       _$E80                      10015000 f   Game.obj
 0001:00014010       _$E79                      10015010 f   Game.obj
 0001:00014060       _$E84                      10015060 f   Game.obj
 0001:00014070       _$E83                      10015070 f   Game.obj
 0001:00014080       _$E87                      10015080 f   Game.obj
 0001:00014090       _$E86                      10015090 f   Game.obj
 0001:000140a0       _$E92                      100150a0 f   Game.obj
 0001:000140b0       _$E89                      100150b0 f   Game.obj
 0001:000140d0       _$E91                      100150d0 f   Game.obj
 0001:000140e0       _$E90                      100150e0 f   Game.obj
 0001:00015240       ?MakeScreenShotName@@YA?AVCTFileName@@XZ 10016240 f   Game.obj
 0001:00015470       ?PrintStats@@YAXPAVCDrawPort@@@Z 10016470 f   Game.obj
 0001:00015c10       ?MakeSplitDrawports@@YAXW4SplitScreenCfg@CGame@@JPAVCDrawPort@@@Z 10016c10 f   Game.obj
 0001:00017760       _$E96                      10018760 f   Game.obj
 0001:00017770       _$E95                      10018770 f   Game.obj
 0001:000187f0       _$E100                     100197f0 f   Game.obj
 0001:00018800       _$E97                      10019800 f   Game.obj
 0001:00018810       _$E99                      10019810 f   Game.obj
 0001:00018820       _$E98                      10019820 f   Game.obj
 0001:00018830       _$E105                     10019830 f   Game.obj
 0001:00018840       _$E102                     10019840 f   Game.obj
 0001:00018850       _$E104                     10019850 f   Game.obj
 0001:00018860       _$E103                     10019860 f   Game.obj
 0001:00018870       _$E110                     10019870 f   Game.obj
 0001:00018880       _$E107                     10019880 f   Game.obj
 0001:00018890       _$E109                     10019890 f   Game.obj
 0001:000188a0       _$E108                     100198a0 f   Game.obj
 0001:000188b0       _$E115                     100198b0 f   Game.obj
 0001:000188c0       _$E112                     100198c0 f   Game.obj
 0001:000188d0       _$E114                     100198d0 f   Game.obj
 0001:000188e0       _$E113                     100198e0 f   Game.obj
 0001:000188f0       _$E120                     100198f0 f   Game.obj
 0001:00018900       _$E117                     10019900 f   Game.obj
 0001:00018910       _$E119                     10019910 f   Game.obj
 0001:00018920       _$E118                     10019920 f   Game.obj
 0001:00018930       _$E125                     10019930 f   Game.obj
 0001:00018940       _$E122                     10019940 f   Game.obj
 0001:00018950       _$E124                     10019950 f   Game.obj
 0001:00018960       _$E123                     10019960 f   Game.obj
 0001:00018970       _$E130                     10019970 f   Game.obj
 0001:00018980       _$E127                     10019980 f   Game.obj
 0001:00018990       _$E129                     10019990 f   Game.obj
 0001:000189a0       _$E128                     100199a0 f   Game.obj
 0001:000189b0       _$E135                     100199b0 f   Game.obj
 0001:000189c0       _$E132                     100199c0 f   Game.obj
 0001:000189d0       _$E134                     100199d0 f   Game.obj
 0001:000189e0       _$E133                     100199e0 f   Game.obj
 0001:000189f0       _$E138                     100199f0 f   Game.obj
 0001:00018a00       _$E137                     10019a00 f   Game.obj
 0001:0000c230       _$E15                      1000d230 f   Console.obj
 0001:0000c240       _$E14                      1000d240 f   Console.obj
 0001:0000c250       _$E20                      1000d250 f   Console.obj
 0001:0000c260       _$E17                      1000d260 f   Console.obj
 0001:0000c280       _$E19                      1000d280 f   Console.obj
 0001:0000c290       _$E18                      1000d290 f   Console.obj
 0001:0000c2a0       _$E25                      1000d2a0 f   Console.obj
 0001:0000c2b0       _$E22                      1000d2b0 f   Console.obj
 0001:0000c2d0       _$E24                      1000d2d0 f   Console.obj
 0001:0000c2e0       _$E23                      1000d2e0 f   Console.obj
 0001:0000c2f0       _$E30                      1000d2f0 f   Console.obj
 0001:0000c300       _$E27                      1000d300 f   Console.obj
 0001:0000c320       _$E29                      1000d320 f   Console.obj
 0001:0000c330       _$E28                      1000d330 f   Console.obj
 0001:0000c340       _$E35                      1000d340 f   Console.obj
 0001:0000c350       _$E32                      1000d350 f   Console.obj
 0001:0000c370       _$E34                      1000d370 f   Console.obj
 0001:0000c380       _$E33                      1000d380 f   Console.obj
 0001:0000c390       _$E40                      1000d390 f   Console.obj
 0001:0000c3a0       _$E37                      1000d3a0 f   Console.obj
 0001:0000c3c0       _$E39                      1000d3c0 f   Console.obj
 0001:0000c3d0       _$E38                      1000d3d0 f   Console.obj
 0001:0000c3e0       _$E45                      1000d3e0 f   Console.obj
 0001:0000c3f0       _$E42                      1000d3f0 f   Console.obj
 0001:0000c410       _$E44                      1000d410 f   Console.obj
 0001:0000c420       _$E43                      1000d420 f   Console.obj
 0001:0000cdb0       ?Key_Backspace@@YAXHH@Z    1000ddb0 f   Console.obj
 0001:0000ce30       ?Key_ArrowUp@@YAXXZ        1000de30 f   Console.obj
 0001:0000d050       ?Key_ArrowDown@@YAXXZ      1000e050 f   Console.obj
 0001:0000d240       ?Key_Return@@YAXXZ         1000e240 f   Console.obj
 0001:0000d7d0       ?Key_Tab@@YAXH@Z           1000e7d0 f   Console.obj
 0001:0000dc70       ?Key_PgUp@@YAXH@Z          1000ec70 f   Console.obj
 0001:0000dca0       ?Key_PgDn@@YAXH@Z          1000eca0 f   Console.obj
 0001:00008120       _$E15                      10009120 f   Computer.obj
 0001:00008130       _$E14                      10009130 f   Computer.obj
 0001:00008140       _$E18                      10009140 f   Computer.obj
 0001:00008150       _$E17                      10009150 f   Computer.obj
 0001:00008160       _$E23                      10009160 f   Computer.obj
 0001:00008170       _$E20                      10009170 f   Computer.obj
 0001:00008190       _$E22                      10009190 f   Computer.obj
 0001:000081a0       _$E21                      100091a0 f   Computer.obj
 0001:000081b0       _$E26                      100091b0 f   Computer.obj
 0001:000081c0       _$E25                      100091c0 f   Computer.obj
 0001:000081d0       _$E29                      100091d0 f   Computer.obj
 0001:000081e0       _$E28                      100091e0 f   Computer.obj
 0001:000081f0       _$E32                      100091f0 f   Computer.obj
 0001:00008200       _$E31                      10009200 f   Computer.obj
 0001:00008230       _$E35                      10009230 f   Computer.obj
 0001:00008240       _$E34                      10009240 f   Computer.obj
 0001:00008270       _$E38                      10009270 f   Computer.obj
 0001:00008280       _$E37                      10009280 f   Computer.obj
 0001:000082b0       _$E41                      100092b0 f   Computer.obj
 0001:000082c0       _$E40                      100092c0 f   Computer.obj
 0001:000082f0       _$E44                      100092f0 f   Computer.obj
 0001:00008300       _$E43                      10009300 f   Computer.obj
 0001:00008330       _$E47                      10009330 f   Computer.obj
 0001:00008340       _$E46                      10009340 f   Computer.obj
 0001:00008370       _$E52                      10009370 f   Computer.obj
 0001:00008380       _$E49                      10009380 f   Computer.obj
 0001:00008390       _$E51                      10009390 f   Computer.obj
 0001:000083a0       _$E50                      100093a0 f   Computer.obj
 0001:000083b0       _$E57                      100093b0 f   Computer.obj
 0001:000083c0       _$E54                      100093c0 f   Computer.obj
 0001:000083d0       _$E56                      100093d0 f   Computer.obj
 0001:000083e0       _$E55                      100093e0 f   Computer.obj
 0001:000088d0       ?SetFont2@@YAXPAVCDrawPort@@@Z 100098d0 f   Computer.obj
 0001:00008900       ?MouseOverColor@@YAKABV?$AABBox@J$01@@KKK@Z 10009900 f   Computer.obj
 0001:00008e20       ?SetFont1@@YAXPAVCDrawPort@@@Z 10009e20 f   Computer.obj
 0001:00008e50       ?GetMsgListBox@@YA?AV?$AABBox@J$01@@J@Z 10009e50 f   Computer.obj
 0001:00008ef0       ?GetMsgSliderSpace@@YA?AV?$AABBox@J$01@@XZ 10009ef0 f   Computer.obj
 0001:00008fc0       ?GetMsgSliderBox@@YA?AV?$AABBox@J$01@@XZ 10009fc0 f   Computer.obj
 0001:00009090       ?GetSliderBox@@YA?AV?$AABBox@J$01@@JJJV1@@Z 1000a090 f   Computer.obj
 0001:00009730       ?GetTextSliderSpace@@YA?AV?$AABBox@J$01@@XZ 1000a730 f   Computer.obj
 0001:00009810       ?GetTextSliderBox@@YA?AV?$AABBox@J$01@@XZ 1000a810 f   Computer.obj
 0001:0000a0c0       ?SliderPixToIndex@@YAJJJJV?$AABBox@J$01@@@Z 1000b0c0 f   Computer.obj
 0001:0000a6b0       ?NextUnreadMessage@@YAXXZ  1000b6b0 f   Computer.obj
 0001:0000a700       ?FindGroupWithUnread@@YAHXZ 1000b700 f   Computer.obj
 0001:0000a750       ?ExitRequested@@YAXXZ      1000b750 f   Computer.obj
 0001:0000a880       ?ComputerOff@@YAXXZ        1000b880 f   Computer.obj
 0001:0000b250       ?UpdateFirstOnScreen@@YAXXZ 1000c250 f   Computer.obj
 0001:0000b2d0       ?UpdateType@@YAXH@Z        1000c2d0 f   Computer.obj
 0001:0000b410       ?UpdateMessageAppearing@@YAXXZ 1000c410 f   Computer.obj
 0001:0000b580       ?UpdateSize@@YAXPAVCDrawPort@@@Z 1000c580 f   Computer.obj
 0001:0000bd00       ?ComputerOn@@YAXXZ         1000cd00 f   Computer.obj
 0001:00001780       _$E17                      10002780 f   CompModels.obj
 0001:00001790       _$E14                      10002790 f   CompModels.obj
 0001:000017a0       _$E16                      100027a0 f   CompModels.obj
 0001:000017b0       _$E15                      100027b0 f   CompModels.obj
 0001:000017c0       _$E22                      100027c0 f   CompModels.obj
 0001:000017d0       _$E19                      100027d0 f   CompModels.obj
 0001:000017e0       _$E21                      100027e0 f   CompModels.obj
 0001:000017f0       _$E20                      100027f0 f   CompModels.obj
 0001:00001800       _$E25                      10002800 f   CompModels.obj
 0001:00001810       _$E24                      10002810 f   CompModels.obj
 0001:00001820       _$E28                      10002820 f   CompModels.obj
 0001:00001830       _$E27                      10002830 f   CompModels.obj
 0001:00001840       _$E31                      10002840 f   CompModels.obj
 0001:00001850       _$E30                      10002850 f   CompModels.obj
 0001:00001890       _$E36                      10002890 f   CompModels.obj
 0001:000018a0       _$E33                      100028a0 f   CompModels.obj
 0001:000018c0       _$E35                      100028c0 f   CompModels.obj
 0001:000018d0       _$E34                      100028d0 f   CompModels.obj
 0001:00000000       _$E17                      10001000 f   Camera.obj
 0001:00000010       _$E14                      10001010 f   Camera.obj
 0001:00000020       _$E16                      10001020 f   Camera.obj
 0001:00000030       _$E15                      10001030 f   Camera.obj
 0001:00000040       _$E20                      10001040 f   Camera.obj
 0001:00000050       _$E19                      10001050 f   Camera.obj
 0001:00000060       _$E23                      10001060 f   Camera.obj
 0001:00000070       _$E22                      10001070 f   Camera.obj
 0001:00000080       _$E26                      10001080 f   Camera.obj
 0001:00000090       _$E25                      10001090 f   Camera.obj
 0001:0001cd78       ?ArrayUnwindFilter@@YAHPAU_EXCEPTION_POINTERS@@@Z 1001dd78 f   MSVCRT:ehvecdtr.obj
