 GameMP

 Timestamp is 6807fa25 (Wed Apr 23 01:20:53 2025)

 Preferred load address is 10000000

 Start         Length     Name                   Class
 0001:00000000 0001ce48H .text                   CODE
 0001:0001ce50 0000233cH .text$x                 CODE
 0002:00000000 000004e8H .idata$5                DATA
 0002:000004e8 000002fcH .rdata                  DATA
 0002:000007e8 00000044H .rdata$r                DATA
 0002:00000830 00002da8H .xdata$x                DATA
 0002:000035d8 00000064H .idata$2                DATA
 0002:0000363c 00000014H .idata$3                DATA
 0002:00003650 000004e8H .idata$4                DATA
 0002:00003b38 00002c18H .idata$6                DATA
 0002:00006750 00000049H .edata                  DATA
 0003:00000000 00000004H .CRT$XCA                DATA
 0003:00000004 0000010cH .CRT$XCU                DATA
 0003:00000110 00000004H .CRT$XCZ                DATA
 0003:00000114 00000004H .CRT$XIA                DATA
 0003:00000118 00000004H .CRT$XIZ                DATA
 0003:00000120 000068b0H .data                   DATA
 0003:000069d0 0000156cH .bss                    DATA

  Address         Publics by Value              Rva+Base     Lib:Object

 0001:000000a0       ?CAM_Init@@YAXXZ           100010a0 f   Camera.obj
 0001:000003f0       ?CAM_IsOn@@YAHXZ           100013f0 f   Camera.obj
 0001:00000400       ?ReadPos@@YAXAAVCCameraPos@@@Z 10001400 f   Camera.obj
 0001:000004c0       ?WritePos@@YAXAAVCCameraPos@@@Z 100014c0 f   Camera.obj
 0001:000005c0       ?SetSpeed@@YAXM@Z          100015c0 f   Camera.obj
 0001:00000640       ?CAM_Start@@YAXABVCTFileName@@@Z 10001640 f   Camera.obj
 0001:000007e0       ?CAM_Stop@@YAXXZ           100017e0 f   Camera.obj
 0001:00000800       ?CAM_Render@@YAXPAVCEntity@@PAVCDrawPort@@@Z 10001800 f   Camera.obj
 0001:000010a0       ??_H@YGXPAXIHP6EX0@Z@Z     100020a0 f i Camera.obj
 0001:000010d0       ??0CCompMessage@@QAE@XZ    100020d0 f   CompMessage.obj
 0001:00001180       ?Clear@CCompMessage@@QAEXXZ 10002180 f   CompMessage.obj
 0001:000011b0       ?SetMessage@CCompMessage@@QAEXPAVCCompMessageID@@@Z 100021b0 f   CompMessage.obj
 0001:000011f0       ?Load_t@CCompMessage@@QAEXXZ 100021f0 f   CompMessage.obj
 0001:00001440       ?Format@CCompMessage@@QAEXJ@Z 10002440 f   CompMessage.obj
 0001:00001580       ?PrepareMessage@CCompMessage@@QAEXJ@Z 10002580 f   CompMessage.obj
 0001:00001600       ?UnprepareMessage@CCompMessage@@QAEXXZ 10002600 f   CompMessage.obj
 0001:000016a0       ?MarkRead@CCompMessage@@QAEXXZ 100026a0 f   CompMessage.obj
 0001:000016b0       ?GetLine@CCompMessage@@QAE?AVCTString@@J@Z 100026b0 f   CompMessage.obj
 0001:000018e0       ?AddAttachment_t@@YAPAVCModelObject@@PAV1@JABVCTFileName@@J111@Z 100028e0 f   CompModels.obj
 0001:00001940       ?SetupCompModel_t@@YAXABVCTString@@@Z 10002940 f   CompModels.obj
 0001:00007960       ?RenderMessageModel@@YAXPAVCDrawPort@@ABVCTString@@@Z 10008960 f   CompModels.obj
 0001:000083f0       ?SyncScrollWithActive@@YAXXZ 100093f0 f   Computer.obj
 0001:00008420       ?LastUnreadMessage@@YAXXZ  10009420 f   Computer.obj
 0001:00008470       ?PrevMessage@@YAXXZ        10009470 f   Computer.obj
 0001:000084a0       ?NextMessage@@YAXXZ        100094a0 f   Computer.obj
 0001:000084d0       ?MessagesUpDn@@YAXJ@Z      100094d0 f   Computer.obj
 0001:00008530       ?SelectMessage@@YAXJ@Z     10009530 f   Computer.obj
 0001:00008570       ?MessageTextUp@@YAXJ@Z     10009570 f   Computer.obj
 0001:000085a0       ?MessageTextDn@@YAXJ@Z     100095a0 f   Computer.obj
 0001:00008610       ?MessageTextUpDn@@YAXJ@Z   10009610 f   Computer.obj
 0001:00008640       ?MarkCurrentRead@@YAXXZ    10009640 f   Computer.obj
 0001:000086b0       ?PrintButton@@YAXPAVCDrawPort@@J@Z 100096b0 f   Computer.obj
 0001:00008980       ?PrintTitle@@YAXPAVCDrawPort@@@Z 10009980 f   Computer.obj
 0001:00008a60       ?PrintExit@@YAXPAVCDrawPort@@@Z 10009a60 f   Computer.obj
 0001:00008b50       ?PrintMessageList@@YAXPAVCDrawPort@@@Z 10009b50 f   Computer.obj
 0001:00009190       ?PrintMessageText@@YAXPAVCDrawPort@@@Z 1000a190 f   Computer.obj
 0001:00009930       ?RenderMessagePicture@@YAXPAVCDrawPort@@@Z 1000a930 f   Computer.obj
 0001:00009c00       ?RenderMessageStats@@YAXPAVCDrawPort@@@Z 1000ac00 f   Computer.obj
 0001:00009c90       ?RenderMessageImage@@YAXPAVCDrawPort@@@Z 1000ac90 f   Computer.obj
 0001:00009d70       ?ComputerMouseMove@CGame@@UAEXJJ@Z 1000ad70 f   Computer.obj
 0001:00009f40       ?ComputerKeyDown@CGame@@UAEXUtagMSG@@@Z 1000af40 f   Computer.obj
 0001:0000a730       ?ComputerRender@CGame@@UAEXPAVCDrawPort@@@Z 1000b730 f   Computer.obj
 0001:0000bc00       ?ComputerForceOff@CGame@@UAEXXZ 1000cc00 f   Computer.obj
 0001:0000bc30       ??0?$CStaticStackArray@VCCompMessage@@@@QAE@XZ 1000cc30 f i Computer.obj
 0001:0000bc50       ??1?$CStaticStackArray@VCCompMessage@@@@QAE@XZ 1000cc50 f i Computer.obj
 0001:0000bc90       ?SetToNormalizedEmpty@?$AABBox@J$01@@QAEXXZ 1000cc90 f i Computer.obj
 0001:0000bcb0       ??N?$AABBox@J$01@@QBEHABV0@@Z 1000ccb0 f i Computer.obj
 0001:0000bd00       ?Expand@?$CStaticArray@VCCompMessage@@@@QAEXJ@Z 1000cd00 f i Computer.obj
 0001:0000bf40       ??_ECCompMessage@@QAEPAXI@Z 1000cf40 f i Computer.obj
 0001:0000bfa0       ??1CCompMessage@@QAE@XZ    1000cfa0 f i Computer.obj
 0001:0000c220       ?GetLineCountBackward@@YAHPBD0JAAVCTString@@@Z 1000d220 f   Console.obj
 0001:0000c2c0       ?ConsoleRender@CGame@@UAEXPAVCDrawPort@@@Z 1000d2c0 f   Console.obj
 0001:0000c840       ?ConsolePrintLastLines@CGame@@UAEXPAVCDrawPort@@@Z 1000d840 f   Console.obj
 0001:0000c980       ?DoCheat@@YAXABVCTString@@0@Z 1000d980 f   Console.obj
 0001:0000c9e0       ?strrnonsym@@YAPADPBD@Z    1000d9e0 f   Console.obj
 0001:0000ca30       ?ConsoleKeyDown@CGame@@UAEXUtagMSG@@@Z 1000da30 f   Console.obj
 0001:0000dad0       ?ConsoleChar@CGame@@UAEXUtagMSG@@@Z 1000ead0 f   Console.obj
 0001:0000db60       ??1?$CDynamicArrayIterator@VCShellSymbol@@@@QAE@XZ 1000eb60 f i Console.obj
 0001:0000db70       ??0CControls@@QAE@XZ       1000eb70 f   Controls.obj
 0001:0000db90       ??1CControls@@UAE@XZ       1000eb90 f   Controls.obj
 0001:0000dbd0       ??4CControls@@UAEAAV0@AAV0@@Z 1000ebd0 f   Controls.obj
 0001:0000dc80       ?SwitchAxesToDefaults@CControls@@UAEXXZ 1000ec80 f   Controls.obj
 0001:0000dd00       ?SwitchToDefaults@CControls@@UAEXXZ 1000ed00 f   Controls.obj
 0001:0000ddc0       ?CalculateInfluencesForAllAxis@CControls@@UAEXXZ 1000edc0 f   Controls.obj
 0001:0000de50       ?DIKForName@@YAJVCTString@@@Z 1000ee50 f   Controls.obj
 0001:0000df10       ?ReadTextLine@@YA?AVCTString@@AAVCTStream@@ABV1@H@Z 1000ef10 f   Controls.obj
 0001:0000e020       ?Load_t@CControls@@UAEXVCTFileName@@@Z 1000f020 f   Controls.obj
 0001:0000e6d0       ?Save_t@CControls@@UAEXVCTFileName@@@Z 1000f6d0 f   Controls.obj
 0001:0000ea50       ?UsesJoystick@CControls@@UAEHXZ 1000fa50 f   Controls.obj
 0001:0000ea90       ??_GCControls@@UAEPAXI@Z   1000fa90 f i Controls.obj
 0001:0000ea90       ??_ECControls@@UAEPAXI@Z   1000fa90 f i Controls.obj
 0001:0000eac0       ??1CButtonAction@@QAE@XZ   1000fac0 f i Controls.obj
 0001:0000eef0       _GAME_Create               1000fef0 f   Game.obj
 0001:0000f190       ?MaybeDiscardLastLines@@YAXXZ 10010190 f   Game.obj
 0001:0000f1b0       ??0CEnableUserBreak@@QAE@XZ 100101b0 f   Game.obj
 0001:0000f1d0       ??1CEnableUserBreak@@QAE@XZ 100101d0 f   Game.obj
 0001:0000f1e0       ??0CButtonAction@@QAE@XZ   100101e0 f   Game.obj
 0001:0000f260       ??4CButtonAction@@UAEAAV0@AAV0@@Z 10010260 f   Game.obj
 0001:0000f2e0       ?Read_t@CButtonAction@@UAEXAAVCTStream@@@Z 100102e0 f   Game.obj
 0001:0000f340       ?Write_t@CButtonAction@@UAEXAAVCTStream@@@Z 10010340 f   Game.obj
 0001:0000f3a0       ?DoButtonActions@CControls@@UAEXXZ 100103a0 f   Game.obj
 0001:0000f460       ?GetAxisValue@CControls@@UAEMJ@Z 10010460 f   Game.obj
 0001:0000f540       ?CreateAction@CControls@@UAEXABVCPlayerCharacter@@AAVCPlayerAction@@H@Z 10010540 f   Game.obj
 0001:0000f5e0       ?AddButtonAction@CControls@@UAEAAVCButtonAction@@XZ 100105e0 f   Game.obj
 0001:0000f650       ?RemoveButtonAction@CControls@@UAEXAAVCButtonAction@@@Z 10010650 f   Game.obj
 0001:0000f680       ?DemoReportFragmentsProfile@CGame@@UAE?AVCTString@@J@Z 10010680 f   Game.obj
 0001:0000fcc0       ?DemoReportAnalyzedProfile@CGame@@UAE?AVCTString@@XZ 10010cc0 f   Game.obj
 0001:00010240       ?HandleTimer@CGameTimerHandler@@UAEXXZ 10011240 f   Game.obj
 0001:00010250       ?GameHandleTimer@CGame@@QAEXXZ 10011250 f   Game.obj
 0001:000104b0       ?InitInternal@CGame@@QAEXXZ 100114b0 f   Game.obj
 0001:00011f50       ?EndInternal@CGame@@QAEXXZ 10012f50 f   Game.obj
 0001:000120a0       ?NewGame@CGame@@UAEHABVCTString@@ABVCTFileName@@AAVCSessionProperties@@@Z 100130a0 f   Game.obj
 0001:00012340       ?JoinGame@CGame@@UAEHAAVCNetworkSession@@@Z 10013340 f   Game.obj
 0001:00012470       ?LoadGame@CGame@@UAEHABVCTFileName@@@Z 10013470 f   Game.obj
 0001:000125f0       ?StartDemoPlay@CGame@@UAEHABVCTFileName@@@Z 100135f0 f   Game.obj
 0001:00012870       ?StartDemoRec@CGame@@UAEHABVCTFileName@@@Z 10013870 f   Game.obj
 0001:000129c0       ?StopDemoRec@CGame@@UAEXXZ 100139c0 f   Game.obj
 0001:000129f0       ?SaveGame@CGame@@UAEHABVCTFileName@@@Z 100139f0 f   Game.obj
 0001:00012b60       ?StopGame@CGame@@UAEXXZ    10013b60 f   Game.obj
 0001:00012be0       ?StartProviderFromName@CGame@@QAEHXZ 10013be0 f   Game.obj
 0001:00012d80       ??0CHighScoreEntry@@QAE@XZ 10013d80 f   Game.obj
 0001:00012e00       ?PackHighScoreTable@CGame@@QAEJXZ 10013e00 f   Game.obj
 0001:00012eb0       ?UnpackHighScoreTable@CGame@@QAEXJ@Z 10013eb0 f   Game.obj
 0001:000130b0       ?Load_t@CGame@@UAEXXZ      100140b0 f   Game.obj
 0001:00013240       ?Save_t@CGame@@UAEXXZ      10014240 f   Game.obj
 0001:000133b0       ?LoadControls@@YAXAAVCControls@@J@Z 100143b0 f   Game.obj
 0001:00013490       ?LoadPlayer@@YAXAAVCPlayerCharacter@@J@Z 10014490 f   Game.obj
 0001:00013600       ?LoadPlayersAndControls@CGame@@UAEXXZ 10014600 f   Game.obj
 0001:00013650       ?SavePlayersAndControls@CGame@@UAEXXZ 10014650 f   Game.obj
 0001:00013c30       ?SetupLocalPlayers@CGame@@QAEXXZ 10014c30 f   Game.obj
 0001:00013ca0       ?AddPlayers@CGame@@QAEHXZ  10014ca0 f   Game.obj
 0001:00013e10       ?SaveThumbnail@CGame@@QAEXABVCTFileName@@@Z 10014e10 f   Game.obj
 0001:00013ef0       ?GameRedrawView@CGame@@UAEXPAVCDrawPort@@K@Z 10014ef0 f   Game.obj
 0001:00017570       ?RecordHighScore@CGame@@QAEXXZ 10018570 f   Game.obj
 0001:00017730       ?GetLivePlayersCount@CGame@@UAEJXZ 10018730 f   Game.obj
 0001:00017760       ?GetPlayersCount@CGame@@UAEJXZ 10018760 f   Game.obj
 0001:00017790       ?GetDefaultGameDescription@CGame@@UAE?AVCTString@@H@Z 10018790 f   Game.obj
 0001:00017930       ?qsort_CompareQuickSaves_FileUp@@YAHPBX0@Z 10018930 f   Game.obj
 0001:00017980       ?FixQuicksaveDir@@YAJABVCTFileName@@J@Z 10018980 f   Game.obj
 0001:00017d30       ?GetQuickSaveName@CGame@@QAE?AVCTFileName@@H@Z 10018d30 f   Game.obj
 0001:00017ef0       ?GameMainLoop@CGame@@UAEXXZ 10018ef0 f   Game.obj
 0001:00018820       ?TiledTextureSE@@YAXAAV?$AABBox@J$01@@MAAV?$Vector@J$01@@0@Z 10019820 f   Game.obj
 0001:00018920       ?LCDInit@CGame@@UAEXXZ     10019920 f   Game.obj
 0001:00018b60       ?LCDEnd@CGame@@UAEXXZ      10019b60 f   Game.obj
 0001:00018b70       ?LCDPrepare@CGame@@UAEXM@Z 10019b70 f   Game.obj
 0001:00018bc0       ?LCDSetDrawport@CGame@@UAEXPAVCDrawPort@@@Z 10019bc0 f   Game.obj
 0001:00018c80       ?LCDDrawBox@CGame@@UAEXJJAAV?$AABBox@J$01@@K@Z 10019c80 f   Game.obj
 0001:00018ca0       ?LCDScreenBox@CGame@@UAEXK@Z 10019ca0 f   Game.obj
 0001:00018cb0       ?LCDScreenBoxOpenLeft@CGame@@UAEXK@Z 10019cb0 f   Game.obj
 0001:00018cc0       ?LCDScreenBoxOpenRight@CGame@@UAEXK@Z 10019cc0 f   Game.obj
 0001:00018cd0       ?LCDRenderClouds1@CGame@@UAEXXZ 10019cd0 f   Game.obj
 0001:000193a0       ?LCDRenderCloudsForComp@CGame@@QAEXXZ 1001a3a0 f   Game.obj
 0001:000194e0       ?LCDRenderClouds2@CGame@@UAEXXZ 1001a4e0 f   Game.obj
 0001:000194f0       ?LCDRenderGrid@CGame@@UAEXXZ 1001a4f0 f   Game.obj
 0001:00019500       ?LCDRenderCompGrid@CGame@@QAEXXZ 1001a500 f   Game.obj
 0001:00019590       ?LCDDrawPointer@CGame@@UAEXJJ@Z 1001a590 f   Game.obj
 0001:000196a0       ?LCDGetColor@CGame@@UAEKKPBD@Z 1001a6a0 f   Game.obj
 0001:00019a20       ?LCDFadedColor@CGame@@UAEKK@Z 1001aa20 f   Game.obj
 0001:00019a40       ?LCDBlinkingColor@CGame@@UAEKKK@Z 1001aa40 f   Game.obj
 0001:00019a60       ?MenuPreRenderMenu@CGame@@UAEXPBD@Z 1001aa60 f   Game.obj
 0001:00019a70       ?MenuPostRenderMenu@CGame@@UAEXPBD@Z 1001aa70 f   Game.obj
 0001:00019a80       ??1CHighScoreEntry@@QAE@XZ 1001aa80 f i Game.obj
 0001:00019a90       ??_ECGameTimerHandler@@UAEPAXI@Z 1001aa90 f i Game.obj
 0001:00019a90       ??_GCGameTimerHandler@@UAEPAXI@Z 1001aa90 f i Game.obj
 0001:00019ac0       ??1CGameTimerHandler@@UAE@XZ 1001aac0 f i Game.obj
 0001:00019ae0       ??_GCTimerHandler@@UAEPAXI@Z 1001aae0 f i Game.obj
 0001:00019ae0       ??_ECTimerHandler@@UAEPAXI@Z 1001aae0 f i Game.obj
 0001:00019b10       ??1CTimerHandler@@UAE@XZ   1001ab10 f i Game.obj
 0001:00019b30       ??1?$CDynamicStackArray@VCTFileName@@@@QAE@XZ 1001ab30 f i Game.obj
 0001:00019bf0       ??0?$CStaticStackArray@J@@QAE@XZ 1001abf0 f i Game.obj
 0001:00019c10       ??1?$CStaticStackArray@J@@QAE@XZ 1001ac10 f i Game.obj
 0001:00019c40       ??0?$CStaticStackArray@M@@QAE@XZ 1001ac40 f i Game.obj
 0001:00019c60       ??1?$CStaticStackArray@M@@QAE@XZ 1001ac60 f i Game.obj
 0001:00019c90       ??0?$CDynamicArray@VCTFileName@@@@QAE@XZ 1001ac90 f i Game.obj
 0001:00019cb0       ?New@?$CStaticArray@J@@QAEXJ@Z 1001acb0 f i Game.obj
 0001:00019ce0       ?New@?$CStaticArray@M@@QAEXJ@Z 1001ace0 f i Game.obj
 0001:00019e10       ?LCDInit@@YAXXZ            1001ae10 f   LCDDrawing.obj
 0001:00019f00       ?LCDEnd@@YAXXZ             1001af00 f   LCDDrawing.obj
 0001:00019f30       ?LCDPrepare@@YAXM@Z        1001af30 f   LCDDrawing.obj
 0001:00019f70       ?LCDSetDrawport@@YAXPAVCDrawPort@@@Z 1001af70 f   LCDDrawing.obj
 0001:00019ff0       ?TiledTexture@@YAXAAV?$AABBox@J$01@@MAAV?$Vector@J$01@@0@Z 1001aff0 f   LCDDrawing.obj
 0001:0001a0f0       ?LCDDrawBox@@YAXJJAAV?$AABBox@J$01@@K@Z 1001b0f0 f   LCDDrawing.obj
 0001:0001a1a0       ?LCDScreenBoxOpenLeft@@YAXK@Z 1001b1a0 f   LCDDrawing.obj
 0001:0001a220       ?LCDScreenBoxOpenRight@@YAXK@Z 1001b220 f   LCDDrawing.obj
 0001:0001a2a0       ?LCDScreenBox@@YAXK@Z      1001b2a0 f   LCDDrawing.obj
 0001:0001a2c0       ?LCDRenderClouds1@@YAXXZ   1001b2c0 f   LCDDrawing.obj
 0001:0001a400       ?LCDRenderClouds2@@YAXXZ   1001b400 f   LCDDrawing.obj
 0001:0001a480       ?LCDRenderClouds2Light@@YAXXZ 1001b480 f   LCDDrawing.obj
 0001:0001a500       ?LCDRenderGrid@@YAXXZ      1001b500 f   LCDDrawing.obj
 0001:0001a570       ?LCDGetColor@@YAKKPBD@Z    1001b570 f   LCDDrawing.obj
 0001:0001a580       ?LCDFadedColor@@YAKK@Z     1001b580 f   LCDDrawing.obj
 0001:0001a5a0       ?LCDBlinkingColor@@YAKKK@Z 1001b5a0 f   LCDDrawing.obj
 0001:0001a5e0       ?LCDDrawPointer@@YAXJJ@Z   1001b5e0 f   LCDDrawing.obj
 0001:0001a6e0       ?RemapLevelNames@@YAXAAJ@Z 1001b6e0 f   LoadingHook.obj
 0001:0001a7c0       ?EnableLoadingHook@CGame@@UAEXPAVCDrawPort@@@Z 1001b7c0 f   LoadingHook.obj
 0001:0001ad60       ?DisableLoadingHook@CGame@@UAEXXZ 1001bd60 f   LoadingHook.obj
 0001:0001af20       ?ObtainMapData@@YAHXZ      1001bf20 f   Map.obj
 0001:0001b3a0       ?ReleaseMapData@@YAXXZ     1001c3a0 f   Map.obj
 0001:0001b450       ?RenderMap@@YAXPAVCDrawPort@@K@Z 1001c450 f   Map.obj
 0001:0001b4f0       ?SetSinglePlayerSession@CGame@@UAEXAAVCSessionProperties@@@Z 1001c4f0 f   SessionProperties.obj
 0001:0001b780       ?SetQuickStartSession@CGame@@UAEXAAVCSessionProperties@@@Z 1001c780 f   SessionProperties.obj
 0001:0001b7d0       ?SetMultiPlayerSession@CGame@@UAEXAAVCSessionProperties@@@Z 1001c7d0 f   SessionProperties.obj
 0001:0001b970       ?IsMenuEnabled@@YAHABVCTString@@@Z 1001c970 f   SessionProperties.obj
 0001:0001b9e0       ?GetGameTypeName@@YA?AVCTString@@J@Z 1001c9e0 f   SessionProperties.obj
 0001:0001ba70       ?GetCurrentGameTypeName@@YA?AVCTString@@XZ 1001ca70 f   SessionProperties.obj
 0001:0001baa0       ?GetGameSpyRulesInfo@@YA?AVCTString@@XZ 1001caa0 f   SessionProperties.obj
 0001:0001bde0       ?GetSpawnFlagsForGameType@@YAKJ@Z 1001cde0 f   SessionProperties.obj
 0001:0001be00       ?Initialize@CGame@@UAEXABVCTFileName@@@Z 1001ce00 f   WEDInterface.obj
 0001:0001be40       ?End@CGame@@UAEXXZ         1001ce40 f   WEDInterface.obj
 0001:0001be50       ?UpdateInputEnabledState@@YAXPAVCViewPort@@@Z 1001ce50 f   WEDInterface.obj
 0001:0001beb0       ?UpdatePauseState@@YAXXZ   1001ceb0 f   WEDInterface.obj
 0001:0001bf00       ?QuickTest@CGame@@UAEXABVCTFileName@@PAVCDrawPort@@PAVCViewPort@@@Z 1001cf00 f   WEDInterface.obj
 0001:0001c430       _GetKeyState@4             1001d430 f   user32:USER32.dll
 0001:0001c436       _ShowCursor@4              1001d436 f   user32:USER32.dll
 0001:0001c43c       _GetAsyncKeyState@4        1001d43c f   user32:USER32.dll
 0001:0001c442       _ScreenToClient@8          1001d442 f   user32:USER32.dll
 0001:0001c448       _GetCursorPos@4            1001d448 f   user32:USER32.dll
 0001:0001c44e       _MapVirtualKeyA@8          1001d44e f   user32:USER32.dll
 0001:0001c454       _DispatchMessageA@4        1001d454 f   user32:USER32.dll
 0001:0001c45a       _TranslateMessage@4        1001d45a f   user32:USER32.dll
 0001:0001c460       _PeekMessageA@20           1001d460 f   user32:USER32.dll
 0001:0001c466       _RegisterWindowMessageA@4  1001d466 f   user32:USER32.dll
 0001:0001c46c       ?Particles_AirElemental_Comp@@YAXPAVCModelObject@@MMVCPlacement3D@@@Z 1001d46c f   EntitiesMP:EntitiesMP.dll
 0001:0001c472       ?Particles_Burning_Comp@@YAXPAVCModelObject@@MVCPlacement3D@@@Z 1001d472 f   EntitiesMP:EntitiesMP.dll
 0001:0001c478       ?GetStats@CPlayer@@QAEXAAVCTString@@W4CompStatType@@J@Z 1001d478 f   EntitiesMP:EntitiesMP.dll
 0001:0001c47e       ?ctl_ComposeActionPacket@@YAXABVCPlayerCharacter@@AAVCPlayerAction@@H@Z 1001d47e f   EntitiesMP:EntitiesMP.dll
 0001:0001c484       ??0CTFileStream@@QAE@XZ    1001d484 f   Engine:Engine.dll
 0001:0001c48a       ??1CTFileStream@@UAE@XZ    1001d48a f   Engine:Engine.dll
 0001:0001c490       ??1CTString@@QAE@XZ        1001d490 f   Engine:Engine.dll
 0001:0001c496       ?FreeMemory@@YAXPAX@Z      1001d496 f   Engine:Engine.dll
 0001:0001c49c       ?DeclareSymbol@CShell@@QAEXABVCTString@@PAX@Z 1001d49c f   Engine:Engine.dll
 0001:0001c4a2       ?StringDuplicate@@YAPADPBD@Z 1001d4a2 f   Engine:Engine.dll
 0001:0001c4a8       ?CPrintF@@YAXPBDZZ         1001d4a8 f   Engine:Engine.dll
 0001:0001c4ae       ?ScanF@CTString@@QAAJPBDZZ 1001d4ae f   Engine:Engine.dll
 0001:0001c4b4       ?GetLine_t@CTStream@@QAEXAAVCTString@@D@Z 1001d4b4 f   Engine:Engine.dll
 0001:0001c4ba       ?PutLine_t@CTStream@@QAEXPBD@Z 1001d4ba f   Engine:Engine.dll
 0001:0001c4c0       ?PrintF@CTString@@QAAJPBDZZ 1001d4c0 f   Engine:Engine.dll
 0001:0001c4c6       ?GetLerpedCurrentTick@CTimer@@QBE?BMXZ 1001d4c6 f   Engine:Engine.dll
 0001:0001c4cc       ?Execute@CShell@@QAEXABVCTString@@@Z 1001d4cc f   Engine:Engine.dll
 0001:0001c4d2       ??1CTFileName@@QAE@XZ      1001d4d2 f   Engine:Engine.dll
 0001:0001c4d8       ?Open_t@CTFileStream@@QAEXABVCTFileName@@W4OpenMode@CTStream@@@Z 1001d4d8 f   Engine:Engine.dll
 0001:0001c4de       ?Create_t@CTFileStream@@QAEXABVCTFileName@@W4CreateMode@CTStream@@@Z 1001d4de f   Engine:Engine.dll
 0001:0001c4e4       ??HCTString@@QBE?AV0@ABV0@@Z 1001d4e4 f   Engine:Engine.dll
 0001:0001c4ea       ?NoExt@CTFileName@@QBE?AV1@XZ 1001d4ea f   Engine:Engine.dll
 0001:0001c4f0       ?Close@CTFileStream@@QAEXXZ 1001d4f0 f   Engine:Engine.dll
 0001:0001c4f6       ?RenderView@@YAXAAVCWorld@@AAVCEntity@@AAVCAnyProjection3D@@AAVCDrawPort@@@Z 1001d4f6 f   Engine:Engine.dll
 0001:0001c4fc       ??4CProjection3D@@QAEAAV0@ABV0@@Z 1001d4fc f   Engine:Engine.dll
 0001:0001c502       ??0CProjection3D@@QAE@XZ   1001d502 f   Engine:Engine.dll
 0001:0001c508       ??0CPerspectiveProjection3D@@QAE@XZ 1001d508 f   Engine:Engine.dll
 0001:0001c50e       ?MakeRotationMatrixFast@@YAXAAV?$Matrix@M$02$02@@ABV?$Vector@M$02@@@Z 1001d50e f   Engine:Engine.dll
 0001:0001c514       ?CurrentTick@CTimer@@QBE?BMXZ 1001d514 f   Engine:Engine.dll
 0001:0001c51a       ?Translate@@YAPADPADJ@Z    1001d51a f   Engine:Engine.dll
 0001:0001c520       ?ReadUntilEOF_t@CTString@@QAEXAAVCTStream@@@Z 1001d520 f   Engine:Engine.dll
 0001:0001c526       ?ReadFromText_t@CTString@@QAEXAAVCTStream@@ABV1@@Z 1001d526 f   Engine:Engine.dll
 0001:0001c52c       ?ReadFromText_t@CTFileName@@QAEXAAVCTStream@@ABVCTString@@@Z 1001d52c f   Engine:Engine.dll
 0001:0001c532       ??8CTString@@QBEHPBD@Z     1001d532 f   Engine:Engine.dll
 0001:0001c538       ?ExpectKeyword_t@CTStream@@QAEXABVCTString@@@Z 1001d538 f   Engine:Engine.dll
 0001:0001c53e       ?AllocMemory@@YAPAXJ@Z     1001d53e f   Engine:Engine.dll
 0001:0001c544       ??0CModelObject@@QAE@XZ    1001d544 f   Engine:Engine.dll
 0001:0001c54a       ??1CModelObject@@QAE@XZ    1001d54a f   Engine:Engine.dll
 0001:0001c550       ?SetData_t@CTextureObject@@QAEXABVCTFileName@@@Z 1001d550 f   Engine:Engine.dll
 0001:0001c556       ?PlayAnim@CAnimObject@@QAEXJK@Z 1001d556 f   Engine:Engine.dll
 0001:0001c55c       ?SetData_t@CModelObject@@QAEXABVCTFileName@@@Z 1001d55c f   Engine:Engine.dll
 0001:0001c562       ?AddAttachmentModel@CModelObject@@QAEPAVCAttachmentModelObject@@J@Z 1001d562 f   Engine:Engine.dll
 0001:0001c568       ?ThrowF_t@@YAXPADZZ        1001d568 f   Engine:Engine.dll
 0001:0001c56e       ?StretchModelRelative@CModelObject@@QAEXABV?$Vector@M$02@@@Z 1001d56e f   Engine:Engine.dll
 0001:0001c574       ?GetAttachmentModel@CModelObject@@QAEPAVCAttachmentModelObject@@J@Z 1001d574 f   Engine:Engine.dll
 0001:0001c57a       ??0CPlacement3D@@QAE@ABV?$Vector@M$02@@0@Z 1001d57a f   Engine:Engine.dll
 0001:0001c580       ??0CTFileName@@QAE@PBDH@Z  1001d580 f   Engine:Engine.dll
 0001:0001c586       ?StretchModel@CModelObject@@QAEXABV?$Vector@M$02@@@Z 1001d586 f   Engine:Engine.dll
 0001:0001c58c       ??1CRenderModel@@QAE@XZ    1001d58c f   Engine:Engine.dll
 0001:0001c592       ?EndModelRenderingView@@YAXH@Z 1001d592 f   Engine:Engine.dll
 0001:0001c598       ?Particle_EndSystem@@YAXH@Z 1001d598 f   Engine:Engine.dll
 0001:0001c59e       ?Particle_PrepareEntity@@YAXMHHPAVCEntity@@@Z 1001d59e f   Engine:Engine.dll
 0001:0001c5a4       ?Particle_PrepareSystem@@YAXPAVCDrawPort@@AAVCAnyProjection3D@@@Z 1001d5a4 f   Engine:Engine.dll
 0001:0001c5aa       ?RenderShadow@CModelObject@@QAEXAAVCRenderModel@@ABVCPlacement3D@@MMMABV?$Plane@M$02@@@Z 1001d5aa f   Engine:Engine.dll
 0001:0001c5b0       ?RenderModel@CModelObject@@QAEXAAVCRenderModel@@@Z 1001d5b0 f   Engine:Engine.dll
 0001:0001c5b6       ?SetupModelRendering@CModelObject@@QAEXAAVCRenderModel@@@Z 1001d5b6 f   Engine:Engine.dll
 0001:0001c5bc       ?SetObjectPlacement@CRenderModel@@QAEXABVCPlacement3D@@@Z 1001d5bc f   Engine:Engine.dll
 0001:0001c5c2       ?BeginModelRenderingView@@YAXAAVCAnyProjection3D@@PAVCDrawPort@@@Z 1001d5c2 f   Engine:Engine.dll
 0001:0001c5c8       ??4CPerspectiveProjection3D@@QAEAAV0@ABV0@@Z 1001d5c8 f   Engine:Engine.dll
 0001:0001c5ce       ?FillZBuffer@CDrawPort@@QBEXM@Z 1001d5ce f   Engine:Engine.dll
 0001:0001c5d4       ?Stereo_AdjustProjection@@YAXAAVCProjection3D@@JM@Z 1001d5d4 f   Engine:Engine.dll
 0001:0001c5da       ?Stereo_SetBuffer@@YAXJ@Z  1001d5da f   Engine:Engine.dll
 0001:0001c5e0       ??0CRenderModel@@QAE@XZ    1001d5e0 f   Engine:Engine.dll
 0001:0001c5e6       ?Stereo_IsEnabled@@YAHXZ   1001d5e6 f   Engine:Engine.dll
 0001:0001c5ec       ??9CTString@@QBEHABV0@@Z   1001d5ec f   Engine:Engine.dll
 0001:0001c5f2       ??0CTextureObject@@QAE@XZ  1001d5f2 f   Engine:Engine.dll
 0001:0001c5f8       ??1CTextureObject@@QAE@XZ  1001d5f8 f   Engine:Engine.dll
 0001:0001c5fe       ??1CDrawPort@@QAE@XZ       1001d5fe f   Engine:Engine.dll
 0001:0001c604       ?Remove@CListNode@@QAEXXZ  1001d604 f   Engine:Engine.dll
 0001:0001c60a       ?Unlock@CDrawPort@@QAEXXZ  1001d60a f   Engine:Engine.dll
 0001:0001c610       ?PutTextR@CDrawPort@@QBEXABVCTString@@JJK@Z 1001d610 f   Engine:Engine.dll
 0001:0001c616       ?IsLinked@CListNode@@QBEHXZ 1001d616 f   Engine:Engine.dll
 0001:0001c61c       ?Lock@CDrawPort@@QAEHXZ    1001d61c f   Engine:Engine.dll
 0001:0001c622       ??0CDrawPort@@QAE@PAV0@ABV?$AABBox@J$01@@@Z 1001d622 f   Engine:Engine.dll
 0001:0001c628       ?SetFont@CDrawPort@@QAEXPAVCFontData@@@Z 1001d628 f   Engine:Engine.dll
 0001:0001c62e       ?PutText@CDrawPort@@QBEXABVCTString@@JJK@Z 1001d62e f   Engine:Engine.dll
 0001:0001c634       ?GetPlayerName@CPlayerEntity@@QAE?AVCTString@@XZ 1001d634 f   Engine:Engine.dll
 0001:0001c63a       ?Fill@CDrawPort@@QBEXJJJJK@Z 1001d63a f   Engine:Engine.dll
 0001:0001c640       ?DrawLine@CDrawPort@@QBEXJJJJKK@Z 1001d640 f   Engine:Engine.dll
 0001:0001c646       ?LerpColor@@YAKKKM@Z       1001d646 f   Engine:Engine.dll
 0001:0001c64c       ?GetTextWidth@CDrawPort@@QBEKABVCTString@@@Z 1001d64c f   Engine:Engine.dll
 0001:0001c652       ??YCTString@@QAEAAV0@ABV0@@Z 1001d652 f   Engine:Engine.dll
 0001:0001c658       ?PutTexture@CDrawPort@@QBEXPAVCTextureObject@@ABV?$AABBox@J$01@@K@Z 1001d658 f   Engine:Engine.dll
 0001:0001c65e       ?GetHeight@CTextureObject@@QBEJXZ 1001d65e f   Engine:Engine.dll
 0001:0001c664       ?GetWidth@CTextureObject@@QBEJXZ 1001d664 f   Engine:Engine.dll
 0001:0001c66a       ?Force@CTextureData@@QAEXK@Z 1001d66a f   Engine:Engine.dll
 0001:0001c670       ?GetSessionProperties@CNetworkLibrary@@QAEPAXXZ 1001d670 f   Engine:Engine.dll
 0001:0001c676       ?ClearInput@CInput@@QAEXXZ 1001d676 f   Engine:Engine.dll
 0001:0001c67c       ?IsGameFinished@CNetworkLibrary@@QAEHXZ 1001d67c f   Engine:Engine.dll
 0001:0001c682       ?Fill@CDrawPort@@QBEXK@Z   1001d682 f   Engine:Engine.dll
 0001:0001c688       ?SetLerp@CTimer@@QAEXM@Z   1001d688 f   Engine:Engine.dll
 0001:0001c68e       ?SetCurrentTick@CTimer@@QAEXM@Z 1001d68e f   Engine:Engine.dll
 0001:0001c694       ?IsDualHead@CDisplayMode@@QAEHXZ 1001d694 f   Engine:Engine.dll
 0001:0001c69a       ?IsFullScreen@CDisplayMode@@QAEHXZ 1001d69a f   Engine:Engine.dll
 0001:0001c6a0       ??0CDisplayMode@@QAE@XZ    1001d6a0 f   Engine:Engine.dll
 0001:0001c6a6       ??0CDrawPort@@QAE@PAV0@H@Z 1001d6a6 f   Engine:Engine.dll
 0001:0001c6ac       ?IsDualHead@CDrawPort@@QAEHXZ 1001d6ac f   Engine:Engine.dll
 0001:0001c6b2       ?IsPlayerLocal@CNetworkLibrary@@QAEHPAVCEntity@@@Z 1001d6b2 f   Engine:Engine.dll
 0001:0001c6b8       ?IsPlayingDemo@CNetworkLibrary@@QAEHXZ 1001d6b8 f   Engine:Engine.dll
 0001:0001c6be       ??4CTString@@QAEAAV0@ABV0@@Z 1001d6be f   Engine:Engine.dll
 0001:0001c6c4       ?CON_GetLastLine@@YA?AVCTString@@J@Z 1001d6c4 f   Engine:Engine.dll
 0001:0001c6ca       ?GetRealTimeTick@CTimer@@QBEMXZ 1001d6ca f   Engine:Engine.dll
 0001:0001c6d0       ??0CDrawPort@@QAE@PAV0@NNNN@Z 1001d6d0 f   Engine:Engine.dll
 0001:0001c6d6       ?CON_DiscardLastLineTimes@@YAXXZ 1001d6d6 f   Engine:Engine.dll
 0001:0001c6dc       ?IsNetworkEnabled@CNetworkLibrary@@QAEHXZ 1001d6dc f   Engine:Engine.dll
 0001:0001c6e2       ?CON_NumberOfLinesAfter@@YAJM@Z 1001d6e2 f   Engine:Engine.dll
 0001:0001c6e8       ?SetINDEX@CShell@@QAEXABVCTString@@J@Z 1001d6e8 f   Engine:Engine.dll
 0001:0001c6ee       ?GetINDEX@CShell@@QAEJABVCTString@@@Z 1001d6ee f   Engine:Engine.dll
 0001:0001c6f4       ?TrimLeft@CTString@@QAEJJ@Z 1001d6f4 f   Engine:Engine.dll
 0001:0001c6fa       ?DeleteChar@CTString@@QAEXJ@Z 1001d6fa f   Engine:Engine.dll
 0001:0001c700       ?TrimRight@CTString@@QAEJJ@Z 1001d700 f   Engine:Engine.dll
 0001:0001c706       ??9CTString@@QBEHPBD@Z     1001d706 f   Engine:Engine.dll
 0001:0001c70c       ?SendChat@CNetworkLibrary@@QAEXKKABVCTString@@@Z 1001d70c f   Engine:Engine.dll
 0001:0001c712       ?RemovePrefix@CTString@@QAEHABV1@@Z 1001d712 f   Engine:Engine.dll
 0001:0001c718       ?HasPrefix@CTString@@QBEHABV1@@Z 1001d718 f   Engine:Engine.dll
 0001:0001c71e       ?TrimSpacesRight@CTString@@QAEJXZ 1001d71e f   Engine:Engine.dll
 0001:0001c724       ?TrimSpacesLeft@CTString@@QAEJXZ 1001d724 f   Engine:Engine.dll
 0001:0001c72a       ?GetCompletionString@CShellSymbol@@QBE?AVCTString@@XZ 1001d72a f   Engine:Engine.dll
 0001:0001c730       ?InsertChar@CTString@@QAEXJD@Z 1001d730 f   Engine:Engine.dll
 0001:0001c736       ?Clear@CListHead@@QAEXXZ   1001d736 f   Engine:Engine.dll
 0001:0001c73c       ??1CListNode@@QAE@XZ       1001d73c f   Engine:Engine.dll
 0001:0001c742       ??0CTString@@QAE@PBD@Z     1001d742 f   Engine:Engine.dll
 0001:0001c748       ??8CTString@@QBEHABV0@@Z   1001d748 f   Engine:Engine.dll
 0001:0001c74e       ?AtEOF@CTStream@@QAEHXZ    1001d74e f   Engine:Engine.dll
 0001:0001c754       ?GetLine_t@CTStream@@QAEXPADJD@Z 1001d754 f   Engine:Engine.dll
 0001:0001c75a       ?FPrintF_t@CTStream@@QAAXPBDZZ 1001d75a f   Engine:Engine.dll
 0001:0001c760       ??0CNetworkProvider@@QAE@XZ 1001d760 f   Engine:Engine.dll
 0001:0001c766       ??0CPlayerCharacter@@QAE@XZ 1001d766 f   Engine:Engine.dll
 0001:0001c76c       ??1CPlayerCharacter@@QAE@XZ 1001d76c f   Engine:Engine.dll
 0001:0001c772       ??0CTString@@QAE@XZ        1001d772 f   Engine:Engine.dll
 0001:0001c778       ??5@YAAAVCTStream@@AAV0@AAVCTString@@@Z 1001d778 f   Engine:Engine.dll
 0001:0001c77e       ??6@YAAAVCTStream@@AAV0@ABVCTString@@@Z 1001d77e f   Engine:Engine.dll
 0001:0001c784       ?AddTail@CListHead@@QAEXAAVCListNode@@@Z 1001d784 f   Engine:Engine.dll
 0001:0001c78a       ??H@YA?AVCTString@@PBDABV0@@Z 1001d78a f   Engine:Engine.dll
 0001:0001c790       ?SetAction@CPlayerSource@@QAEXABVCPlayerAction@@@Z 1001d790 f   Engine:Engine.dll
 0001:0001c796       ??0CPlayerAction@@QAE@XZ   1001d796 f   Engine:Engine.dll
 0001:0001c79c       ?GetLocalPause@CNetworkLibrary@@QAEHXZ 1001d79c f   Engine:Engine.dll
 0001:0001c7a2       ?IsPaused@CNetworkLibrary@@QAEHXZ 1001d7a2 f   Engine:Engine.dll
 0001:0001c7a8       ?GetInput@CInput@@QAEXH@Z  1001d7a8 f   Engine:Engine.dll
 0001:0001c7ae       ?SetJoyPolling@CInput@@QAEXH@Z 1001d7ae f   Engine:Engine.dll
 0001:0001c7b4       ?LoadKeepCRLF_t@CTString@@QAEXABVCTFileName@@@Z 1001d7b4 f   Engine:Engine.dll
 0001:0001c7ba       ?FatalError@@YAXPBDZZ      1001d7ba f   Engine:Engine.dll
 0001:0001c7c0       ?AddHandler@CTimer@@QAEXPAVCTimerHandler@@@Z 1001d7c0 f   Engine:Engine.dll
 0001:0001c7c6       ?Play_t@CSoundObject@@QAEXABVCTFileName@@J@Z 1001d7c6 f   Engine:Engine.dll
 0001:0001c7cc       ??0CSoundObject@@QAE@XZ    1001d7cc f   Engine:Engine.dll
 0001:0001c7d2       ?Stop@CSoundObject@@QAEXXZ 1001d7d2 f   Engine:Engine.dll
 0001:0001c7d8       ?CPutString@@YAXPBD@Z      1001d7d8 f   Engine:Engine.dll
 0001:0001c7de       ?WarningMessage@@YAXPBDZZ  1001d7de f   Engine:Engine.dll
 0001:0001c7e4       ?SaveKeepCRLF_t@CTString@@QAEXABVCTFileName@@@Z 1001d7e4 f   Engine:Engine.dll
 0001:0001c7ea       ??1CSoundObject@@QAE@XZ    1001d7ea f   Engine:Engine.dll
 0001:0001c7f0       ?StorePersistentSymbols@CShell@@QAEXABVCTFileName@@@Z 1001d7f0 f   Engine:Engine.dll
 0001:0001c7f6       ?RemHandler@CTimer@@QAEXPAVCTimerHandler@@@Z 1001d7f6 f   Engine:Engine.dll
 0001:0001c7fc       ?StopProvider@CMessageDispatcher@@QAEXXZ 1001d7fc f   Engine:Engine.dll
 0001:0001c802       ?StopGame@CNetworkLibrary@@QAEXXZ 1001d802 f   Engine:Engine.dll
 0001:0001c808       ?StartPeerToPeer_t@CNetworkLibrary@@QAEXABVCTString@@ABVCTFileName@@KJHPAX@Z 1001d808 f   Engine:Engine.dll
 0001:0001c80e       ?StartDemoPlay_t@CNetworkLibrary@@QAEXABVCTFileName@@@Z 1001d80e f   Engine:Engine.dll
 0001:0001c814       ?JoinSession_t@CNetworkLibrary@@QAEXABVCNetworkSession@@J@Z 1001d814 f   Engine:Engine.dll
 0001:0001c81a       ?Matches@CTString@@QBEHPBD@Z 1001d81a f   Engine:Engine.dll
 0001:0001c820       ?Load_t@CNetworkLibrary@@QAEXABVCTFileName@@@Z 1001d820 f   Engine:Engine.dll
 0001:0001c826       ?FileExists@@YAHABVCTFileName@@@Z 1001d826 f   Engine:Engine.dll
 0001:0001c82c       ?StartDemoRec_t@CNetworkLibrary@@QAEXABVCTFileName@@@Z 1001d82c f   Engine:Engine.dll
 0001:0001c832       ?StopDemoRec@CNetworkLibrary@@QAEXXZ 1001d832 f   Engine:Engine.dll
 0001:0001c838       ?Save_t@CNetworkLibrary@@QAEXABVCTFileName@@@Z 1001d838 f   Engine:Engine.dll
 0001:0001c83e       ?StartProvider_t@CMessageDispatcher@@QAEXABVCNetworkProvider@@@Z 1001d83e f   Engine:Engine.dll
 0001:0001c844       ??4CListNode@@QAEAAV0@ABV0@@Z 1001d844 f   Engine:Engine.dll
 0001:0001c84a       ?GetDescription@CNetworkProvider@@QBEABVCTString@@XZ 1001d84a f   Engine:Engine.dll
 0001:0001c850       ?EnumNetworkProviders@CMessageDispatcher@@QAEXAAVCListHead@@@Z 1001d850 f   Engine:Engine.dll
 0001:0001c856       ?GetID_t@CTStream@@QAE?AVCChunkID@@XZ 1001d856 f   Engine:Engine.dll
 0001:0001c85c       ?ExpectID_t@CTStream@@QAEXABVCChunkID@@@Z 1001d85c f   Engine:Engine.dll
 0001:0001c862       ?WriteID_t@CTStream@@QAEXABVCChunkID@@@Z 1001d862 f   Engine:Engine.dll
 0001:0001c868       ??4CPlayerCharacter@@QAEAAV0@ABV0@@Z 1001d868 f   Engine:Engine.dll
 0001:0001c86e       ??0CPlayerCharacter@@QAE@ABVCTString@@@Z 1001d86e f   Engine:Engine.dll
 0001:0001c874       ?OnlyFirstLine@CTString@@QAEXXZ 1001d874 f   Engine:Engine.dll
 0001:0001c87a       ?LoadStringVar@@YAXABVCTFileName@@AAVCTString@@@Z 1001d87a f   Engine:Engine.dll
 0001:0001c880       ?Load_t@CPlayerCharacter@@QAEXABVCTFileName@@@Z 1001d880 f   Engine:Engine.dll
 0001:0001c886       ?ChangeCharacter@CPlayerSource@@QAEXAAVCPlayerCharacter@@@Z 1001d886 f   Engine:Engine.dll
 0001:0001c88c       ?Save_t@CPlayerCharacter@@QAEXABVCTFileName@@@Z 1001d88c f   Engine:Engine.dll
 0001:0001c892       ?AddPlayer_t@CNetworkLibrary@@QAEPAVCPlayerSource@@AAVCPlayerCharacter@@@Z 1001d892 f   Engine:Engine.dll
 0001:0001c898       ??_FCDrawPort@@QAEXXZ      1001d898 f   Engine:Engine.dll
 0001:0001c89e       ?SaveTGA_t@CImageInfo@@QBEXABVCTFileName@@@Z 1001d89e f   Engine:Engine.dll
 0001:0001c8a4       ?ExpandFilePath@@YAJKABVCTFileName@@AAV1@@Z 1001d8a4 f   Engine:Engine.dll
 0001:0001c8aa       ?UpdateSounds@CSoundLibrary@@QAEXXZ 1001d8aa f   Engine:Engine.dll
 0001:0001c8b0       ?IsDemoPlayFinished@CNetworkLibrary@@QAEHXZ 1001d8b0 f   Engine:Engine.dll
 0001:0001c8b6       ?IsRecordingDemo@CNetworkLibrary@@QAEHXZ 1001d8b6 f   Engine:Engine.dll
 0001:0001c8bc       ?PutTextCXY@CDrawPort@@QBEXABVCTString@@JJK@Z 1001d8bc f   Engine:Engine.dll
 0001:0001c8c2       ?IsConnectionStable@CNetworkLibrary@@QAEHXZ 1001d8c2 f   Engine:Engine.dll
 0001:0001c8c8       ?IsWaitingForServer@CNetworkLibrary@@QAEHXZ 1001d8c8 f   Engine:Engine.dll
 0001:0001c8ce       ?IsWaitingForPlayers@CNetworkLibrary@@QAEHXZ 1001d8ce f   Engine:Engine.dll
 0001:0001c8d4       ?WhyDisconnected@CNetworkLibrary@@QAEABVCTString@@XZ 1001d8d4 f   Engine:Engine.dll
 0001:0001c8da       ?IsDisconnected@CNetworkLibrary@@QAEHXZ 1001d8da f   Engine:Engine.dll
 0001:0001c8e0       ?GetPredictor@CEntity@@QAEPAV1@XZ 1001d8e0 f   Engine:Engine.dll
 0001:0001c8e6       ?GetPlayerEntity@CEntity@@SAPAV1@J@Z 1001d8e6 f   Engine:Engine.dll
 0001:0001c8ec       ??1CTSingleLock@@QAE@XZ    1001d8ec f   Engine:Engine.dll
 0001:0001c8f2       ?GetLocalPlayerEntity@CNetworkLibrary@@QAEPAVCEntity@@PAVCPlayerSource@@@Z 1001d8f2 f   Engine:Engine.dll
 0001:0001c8f8       ??0CTSingleLock@@QAE@PAVCTCriticalSection@@H@Z 1001d8f8 f   Engine:Engine.dll
 0001:0001c8fe       ?SE_PretouchIfNeeded@@YAXXZ 1001d8fe f   Engine:Engine.dll
 0001:0001c904       ??1CImageInfo@@QAE@XZ      1001d904 f   Engine:Engine.dll
 0001:0001c90a       ??1CTextureData@@UAE@XZ    1001d90a f   Engine:Engine.dll
 0001:0001c910       ?Write_t@CTextureData@@UAEXPAVCTStream@@@Z 1001d910 f   Engine:Engine.dll
 0001:0001c916       ?Create_t@CTextureData@@QAEXPBVCImageInfo@@JJH@Z 1001d916 f   Engine:Engine.dll
 0001:0001c91c       ?GrabScreen@CDrawPort@@QBEXAAVCImageInfo@@J@Z 1001d91c f   Engine:Engine.dll
 0001:0001c922       ??0CTextureData@@QAE@XZ    1001d922 f   Engine:Engine.dll
 0001:0001c928       ??0CImageInfo@@QAE@XZ      1001d928 f   Engine:Engine.dll
 0001:0001c92e       ?FileExistsForWriting@@YAHABVCTFileName@@@Z 1001d92e f   Engine:Engine.dll
 0001:0001c934       ?FileName@CTFileName@@QBE?AV1@XZ 1001d934 f   Engine:Engine.dll
 0001:0001c93a       ?Fill@CDrawPort@@QBEXJJJJKKKK@Z 1001d93a f   Engine:Engine.dll
 0001:0001c940       ?STAT_Reset@@YAXXZ         1001d940 f   Engine:Engine.dll
 0001:0001c946       ?STAT_Report@@YAXAAVCTString@@@Z 1001d946 f   Engine:Engine.dll
 0001:0001c94c       ?DrawBorder@CDrawPort@@QBEXJJJJKK@Z 1001d94c f   Engine:Engine.dll
 0001:0001c952       ?PutTextC@CDrawPort@@QBEXABVCTString@@JJK@Z 1001d952 f   Engine:Engine.dll
 0001:0001c958       ?DepthString@CDisplayMode@@QBE?AVCTString@@XZ 1001d958 f   Engine:Engine.dll
 0001:0001c95e       ??4CDrawPort@@QAEAAV0@ABV0@@Z 1001d95e f   Engine:Engine.dll
 0001:0001c964       ?TranslateConst@@YAPBDPBDJ@Z 1001d964 f   Engine:Engine.dll
 0001:0001c96a       ?GetName@CWorld@@QAEABVCTString@@XZ 1001d96a f   Engine:Engine.dll
 0001:0001c970       ??4CTString@@QAEAAV0@PBD@Z 1001d970 f   Engine:Engine.dll
 0001:0001c976       ?RemoveFile@@YAHABVCTFileName@@@Z 1001d976 f   Engine:Engine.dll
 0001:0001c97c       ?Count@CListHead@@QBEJXZ   1001d97c f   Engine:Engine.dll
 0001:0001c982       ?Sort@CListHead@@QAEXP6AHPBX0@ZH@Z 1001d982 f   Engine:Engine.dll
 0001:0001c988       ??0CTFileName@@QAE@XZ      1001d988 f   Engine:Engine.dll
 0001:0001c98e       ?MakeDirList@@YAXAAV?$CDynamicStackArray@VCTFileName@@@@ABVCTFileName@@ABVCTString@@K@Z 1001d98e f   Engine:Engine.dll
 0001:0001c994       ??1CNetworkSession@@QAE@XZ 1001d994 f   Engine:Engine.dll
 0001:0001c99a       ?Report@CProfileForm@@QAEXAAVCTString@@@Z 1001d99a f   Engine:Engine.dll
 0001:0001c9a0       ?Reset@CProfileForm@@QAEXXZ 1001d9a0 f   Engine:Engine.dll
 0001:0001c9a6       ??0CNetworkSession@@QAE@ABVCTString@@@Z 1001d9a6 f   Engine:Engine.dll
 0001:0001c9ac       ?MainLoop@CNetworkLibrary@@QAEXXZ 1001d9ac f   Engine:Engine.dll
 0001:0001c9b2       ?SaveStringVar@@YAXABVCTFileName@@AAVCTString@@@Z 1001d9b2 f   Engine:Engine.dll
 0001:0001c9b8       ?PutTexture@CDrawPort@@QBEXPAVCTextureObject@@ABV?$AABBox@J$01@@1K@Z 1001d9b8 f   Engine:Engine.dll
 0001:0001c9be       ?SetData@CAnimObject@@QAEXPAVCAnimData@@@Z 1001d9be f   Engine:Engine.dll
 0001:0001c9c4       ?MulColors@@YAKKK@Z        1001d9c4 f   Engine:Engine.dll
 0001:0001c9ca       ?SetProgressHook@@YAXP6AXPAVCProgressHookInfo@@@Z@Z 1001d9ca f   Engine:Engine.dll
 0001:0001c9d0       ?SwapBuffers@CViewPort@@QAEXXZ 1001d9d0 f   Engine:Engine.dll
 0001:0001c9d6       ??0CTString@@QAA@JPBDZZ    1001d9d6 f   Engine:Engine.dll
 0001:0001c9dc       ?EnableInput@CInput@@QAEXPAVCViewPort@@@Z 1001d9dc f   Engine:Engine.dll
 0001:0001c9e2       ?DisableInput@CInput@@QAEXXZ 1001d9e2 f   Engine:Engine.dll
 0001:0001c9e8       ?SetLocalPause@CNetworkLibrary@@QAEXH@Z 1001d9e8 f   Engine:Engine.dll
 0001:0001c9ee       ?TogglePause@CNetworkLibrary@@QAEXXZ 1001d9ee f   Engine:Engine.dll
 0001:0001c9f4       __onexit                   1001d9f4 f   MSVCRT:atonexit.obj
 0001:0001ca20       _atexit                    1001da20 f   MSVCRT:atonexit.obj
 0001:0001ca32       ___CxxFrameHandler         1001da32 f   MSVCRT:MSVCRT.dll
 0001:0001ca40       ??0type_info@@AAE@ABV0@@Z  1001da40 f   MSVCRT:ti_inst.obj
 0001:0001ca4b       ??_Etype_info@@UAEPAXI@Z   1001da4b f i MSVCRT:ti_inst.obj
 0001:0001ca4b       ??_Gtype_info@@UAEPAXI@Z   1001da4b f i MSVCRT:ti_inst.obj
 0001:0001ca67       ??4type_info@@AAEAAV0@ABV0@@Z 1001da67 f   MSVCRT:ti_inst.obj
 0001:0001ca6c       __CxxThrowException@8      1001da6c f   MSVCRT:MSVCRT.dll
 0001:0001ca72       _strncmp                   1001da72 f   MSVCRT:MSVCRT.dll
 0001:0001ca78       _strchr                    1001da78 f   MSVCRT:MSVCRT.dll
 0001:0001ca7e       __ftol                     1001da7e f   MSVCRT:MSVCRT.dll
 0001:0001ca84       ??3@YAXPAX@Z               1001da84 f   MSVCRT:MSVCRT.dll
 0001:0001ca8a       ??_M@YGXPAXIHP6EX0@Z@Z     1001da8a f   MSVCRT:ehvecdtr.obj
 0001:0001cb0a       ?__ArrayUnwind@@YGXPAXIHP6EX0@Z@Z 1001db0a f   MSVCRT:ehvecdtr.obj
 0001:0001cb7e       _floor                     1001db7e f   MSVCRT:MSVCRT.dll
 0001:0001cb84       ??_L@YGXPAXIHP6EX0@Z1@Z    1001db84 f   MSVCRT:ehvecctr.obj
 0001:0001cc06       ??2@YAPAXI@Z               1001dc06 f   MSVCRT:MSVCRT.dll
 0001:0001cc0c       _strncpy                   1001dc0c f   MSVCRT:MSVCRT.dll
 0001:0001cc12       _isalnum                   1001dc12 f   MSVCRT:MSVCRT.dll
 0001:0001cc18       _isprint                   1001dc18 f   MSVCRT:MSVCRT.dll
 0001:0001cc1e       __CIpow                    1001dc1e f   MSVCRT:MSVCRT.dll
 0001:0001cc24       _sscanf                    1001dc24 f   MSVCRT:MSVCRT.dll
 0001:0001cc30       __alloca_probe             1001dc30 f   MSVCRT:chkstk.obj
 0001:0001cc30       __chkstk                   1001dc30 f   MSVCRT:chkstk.obj
 0001:0001cc60       __purecall                 1001dc60 f   MSVCRT:MSVCRT.dll
 0001:0001cc66       __mkdir                    1001dc66 f   MSVCRT:MSVCRT.dll
 0001:0001cc6c       _localtime                 1001dc6c f   MSVCRT:MSVCRT.dll
 0001:0001cc72       _time                      1001dc72 f   MSVCRT:MSVCRT.dll
 0001:0001cc78       _strftime                  1001dc78 f   MSVCRT:MSVCRT.dll
 0001:0001cc7e       _setlocale                 1001dc7e f   MSVCRT:MSVCRT.dll
 0001:0001cc84       _fgets                     1001dc84 f   MSVCRT:MSVCRT.dll
 0001:0001cc8a       _fopen                     1001dc8a f   MSVCRT:MSVCRT.dll
 0001:0001cc90       _getenv                    1001dc90 f   MSVCRT:MSVCRT.dll
 0001:0001cc96       __CRT_INIT@12              1001dc96 f   MSVCRT:crtdll.obj
 0001:0001cd41       __DllMainCRTStartup@12     1001dd41 f   MSVCRT:crtdll.obj
 0001:0001cdde       ___dllonexit               1001ddde f   MSVCRT:MSVCRT.dll
 0001:0001cde4       ??1type_info@@UAE@XZ       1001dde4 f   MSVCRT:MSVCRT.dll
 0001:0001cdea       __except_handler3          1001ddea f   MSVCRT:MSVCRT.dll
 0001:0001cdf0       ?terminate@@YAXXZ          1001ddf0 f   MSVCRT:MSVCRT.dll
 0001:0001cdf6       _free                      1001ddf6 f   MSVCRT:MSVCRT.dll
 0001:0001cdfc       __initterm                 1001ddfc f   MSVCRT:MSVCRT.dll
 0001:0001ce02       _malloc                    1001de02 f   MSVCRT:MSVCRT.dll
 0001:0001ce08       _DllMain@12                1001de08 f   MSVCRT:dllmain.obj
 0001:0001ce30       _DisableThreadLibraryCalls@4 1001de30 f   kernel32:KERNEL32.dll
 0001:0001ce36       __strnicmp                 1001de36 f   MSVCRT:MSVCRT.dll
 0001:0001ce3c       __stricmp                  1001de3c f   MSVCRT:MSVCRT.dll
 0001:0001ce42       __strupr                   1001de42 f   MSVCRT:MSVCRT.dll
 0002:00000000       __imp_??0CPlayerCharacter@@QAE@XZ 10021000     Engine:Engine.dll
 0002:00000004       __imp_?TogglePause@CNetworkLibrary@@QAEXXZ 10021004     Engine:Engine.dll
 0002:00000008       __imp_?_wrpWorldRenderPrefs@@3VCWorldRenderPrefs@@A 10021008     Engine:Engine.dll
 0002:0000000c       __imp_?SetLocalPause@CNetworkLibrary@@QAEXH@Z 1002100c     Engine:Engine.dll
 0002:00000010       __imp_?DisableInput@CInput@@QAEXXZ 10021010     Engine:Engine.dll
 0002:00000014       __imp_?EnableInput@CInput@@QAEXPAVCViewPort@@@Z 10021014     Engine:Engine.dll
 0002:00000018       __imp_??0CTString@@QAA@JPBDZZ 10021018     Engine:Engine.dll
 0002:0000001c       __imp_?SwapBuffers@CViewPort@@QAEXXZ 1002101c     Engine:Engine.dll
 0002:00000020       __imp_?SetProgressHook@@YAXP6AXPAVCProgressHookInfo@@@Z@Z 10021020     Engine:Engine.dll
 0002:00000024       __imp_?MulColors@@YAKKK@Z  10021024     Engine:Engine.dll
 0002:00000028       __imp_?SetData@CAnimObject@@QAEXPAVCAnimData@@@Z 10021028     Engine:Engine.dll
 0002:0000002c       __imp_?PutTexture@CDrawPort@@QBEXPAVCTextureObject@@ABV?$AABBox@J$01@@1K@Z 1002102c     Engine:Engine.dll
 0002:00000030       __imp_?SaveStringVar@@YAXABVCTFileName@@AAVCTString@@@Z 10021030     Engine:Engine.dll
 0002:00000034       __imp_?MainLoop@CNetworkLibrary@@QAEXXZ 10021034     Engine:Engine.dll
 0002:00000038       __imp_??0CNetworkSession@@QAE@ABVCTString@@@Z 10021038     Engine:Engine.dll
 0002:0000003c       __imp_?_pfRenderProfile@@3AAVCProfileForm@@A 1002103c     Engine:Engine.dll
 0002:00000040       __imp_?Reset@CProfileForm@@QAEXXZ 10021040     Engine:Engine.dll
 0002:00000044       __imp_?_pfGfxProfile@@3AAVCProfileForm@@A 10021044     Engine:Engine.dll
 0002:00000048       __imp_?_pfModelProfile@@3AAVCProfileForm@@A 10021048     Engine:Engine.dll
 0002:0000004c       __imp_?_pfSoundProfile@@3AAVCProfileForm@@A 1002104c     Engine:Engine.dll
 0002:00000050       __imp_?_pfNetworkProfile@@3AAVCProfileForm@@A 10021050     Engine:Engine.dll
 0002:00000054       __imp_?_pfPhysicsProfile@@3AAVCProfileForm@@A 10021054     Engine:Engine.dll
 0002:00000058       __imp_?Report@CProfileForm@@QAEXAAVCTString@@@Z 10021058     Engine:Engine.dll
 0002:0000005c       __imp_??0CTFileStream@@QAE@XZ 1002105c     Engine:Engine.dll
 0002:00000060       __imp_??1CTFileStream@@UAE@XZ 10021060     Engine:Engine.dll
 0002:00000064       __imp_??1CTString@@QAE@XZ  10021064     Engine:Engine.dll
 0002:00000068       __imp_?FreeMemory@@YAXPAX@Z 10021068     Engine:Engine.dll
 0002:0000006c       __imp_?DeclareSymbol@CShell@@QAEXABVCTString@@PAX@Z 1002106c     Engine:Engine.dll
 0002:00000070       __imp_?_pShell@@3PAVCShell@@A 10021070     Engine:Engine.dll
 0002:00000074       __imp_?StringDuplicate@@YAPADPBD@Z 10021074     Engine:Engine.dll
 0002:00000078       __imp_?CPrintF@@YAXPBDZZ   10021078     Engine:Engine.dll
 0002:0000007c       __imp_?ScanF@CTString@@QAAJPBDZZ 1002107c     Engine:Engine.dll
 0002:00000080       __imp_?GetLine_t@CTStream@@QAEXAAVCTString@@D@Z 10021080     Engine:Engine.dll
 0002:00000084       __imp_?PutLine_t@CTStream@@QAEXPBD@Z 10021084     Engine:Engine.dll
 0002:00000088       __imp_?PrintF@CTString@@QAAJPBDZZ 10021088     Engine:Engine.dll
 0002:0000008c       __imp_?GetLerpedCurrentTick@CTimer@@QBE?BMXZ 1002108c     Engine:Engine.dll
 0002:00000090       __imp_?_pTimer@@3PAVCTimer@@A 10021090     Engine:Engine.dll
 0002:00000094       __imp_?Execute@CShell@@QAEXABVCTString@@@Z 10021094     Engine:Engine.dll
 0002:00000098       __imp_??1CTFileName@@QAE@XZ 10021098     Engine:Engine.dll
 0002:0000009c       __imp_?Open_t@CTFileStream@@QAEXABVCTFileName@@W4OpenMode@CTStream@@@Z 1002109c     Engine:Engine.dll
 0002:000000a0       __imp_?Create_t@CTFileStream@@QAEXABVCTFileName@@W4CreateMode@CTStream@@@Z 100210a0     Engine:Engine.dll
 0002:000000a4       __imp_??HCTString@@QBE?AV0@ABV0@@Z 100210a4     Engine:Engine.dll
 0002:000000a8       __imp_?NoExt@CTFileName@@QBE?AV1@XZ 100210a8     Engine:Engine.dll
 0002:000000ac       __imp_?Close@CTFileStream@@QAEXXZ 100210ac     Engine:Engine.dll
 0002:000000b0       __imp_?RenderView@@YAXAAVCWorld@@AAVCEntity@@AAVCAnyProjection3D@@AAVCDrawPort@@@Z 100210b0     Engine:Engine.dll
 0002:000000b4       __imp_??4CProjection3D@@QAEAAV0@ABV0@@Z 100210b4     Engine:Engine.dll
 0002:000000b8       __imp_??_7CParallelProjection3D@@6B@ 100210b8     Engine:Engine.dll
 0002:000000bc       __imp_??_7CIsometricProjection3D@@6B@ 100210bc     Engine:Engine.dll
 0002:000000c0       __imp_??_7CSimpleProjection3D@@6B@ 100210c0     Engine:Engine.dll
 0002:000000c4       __imp_??0CProjection3D@@QAE@XZ 100210c4     Engine:Engine.dll
 0002:000000c8       __imp_??0CPerspectiveProjection3D@@QAE@XZ 100210c8     Engine:Engine.dll
 0002:000000cc       __imp_?_pInput@@3PAVCInput@@A 100210cc     Engine:Engine.dll
 0002:000000d0       __imp_?MakeRotationMatrixFast@@YAXAAV?$Matrix@M$02$02@@ABV?$Vector@M$02@@@Z 100210d0     Engine:Engine.dll
 0002:000000d4       __imp_?CurrentTick@CTimer@@QBE?BMXZ 100210d4     Engine:Engine.dll
 0002:000000d8       __imp_?Translate@@YAPADPADJ@Z 100210d8     Engine:Engine.dll
 0002:000000dc       __imp_?ReadUntilEOF_t@CTString@@QAEXAAVCTStream@@@Z 100210dc     Engine:Engine.dll
 0002:000000e0       __imp_?ReadFromText_t@CTString@@QAEXAAVCTStream@@ABV1@@Z 100210e0     Engine:Engine.dll
 0002:000000e4       __imp_?ReadFromText_t@CTFileName@@QAEXAAVCTStream@@ABVCTString@@@Z 100210e4     Engine:Engine.dll
 0002:000000e8       __imp_??8CTString@@QBEHPBD@Z 100210e8     Engine:Engine.dll
 0002:000000ec       __imp_?ExpectKeyword_t@CTStream@@QAEXABVCTString@@@Z 100210ec     Engine:Engine.dll
 0002:000000f0       __imp_?AllocMemory@@YAPAXJ@Z 100210f0     Engine:Engine.dll
 0002:000000f4       __imp_??0CModelObject@@QAE@XZ 100210f4     Engine:Engine.dll
 0002:000000f8       __imp_??1CModelObject@@QAE@XZ 100210f8     Engine:Engine.dll
 0002:000000fc       __imp_?SetData_t@CTextureObject@@QAEXABVCTFileName@@@Z 100210fc     Engine:Engine.dll
 0002:00000100       __imp_?PlayAnim@CAnimObject@@QAEXJK@Z 10021100     Engine:Engine.dll
 0002:00000104       __imp_?SetData_t@CModelObject@@QAEXABVCTFileName@@@Z 10021104     Engine:Engine.dll
 0002:00000108       __imp_?AddAttachmentModel@CModelObject@@QAEPAVCAttachmentModelObject@@J@Z 10021108     Engine:Engine.dll
 0002:0000010c       __imp_?ThrowF_t@@YAXPADZZ  1002110c     Engine:Engine.dll
 0002:00000110       __imp_?StretchModelRelative@CModelObject@@QAEXABV?$Vector@M$02@@@Z 10021110     Engine:Engine.dll
 0002:00000114       __imp_?GetAttachmentModel@CModelObject@@QAEPAVCAttachmentModelObject@@J@Z 10021114     Engine:Engine.dll
 0002:00000118       __imp_??0CPlacement3D@@QAE@ABV?$Vector@M$02@@0@Z 10021118     Engine:Engine.dll
 0002:0000011c       __imp_??0CTFileName@@QAE@PBDH@Z 1002111c     Engine:Engine.dll
 0002:00000120       __imp_?StretchModel@CModelObject@@QAEXABV?$Vector@M$02@@@Z 10021120     Engine:Engine.dll
 0002:00000124       __imp_??1CRenderModel@@QAE@XZ 10021124     Engine:Engine.dll
 0002:00000128       __imp_?EndModelRenderingView@@YAXH@Z 10021128     Engine:Engine.dll
 0002:0000012c       __imp_?Particle_EndSystem@@YAXH@Z 1002112c     Engine:Engine.dll
 0002:00000130       __imp_?Particle_PrepareEntity@@YAXMHHPAVCEntity@@@Z 10021130     Engine:Engine.dll
 0002:00000134       __imp_?Particle_PrepareSystem@@YAXPAVCDrawPort@@AAVCAnyProjection3D@@@Z 10021134     Engine:Engine.dll
 0002:00000138       __imp_?RenderShadow@CModelObject@@QAEXAAVCRenderModel@@ABVCPlacement3D@@MMMABV?$Plane@M$02@@@Z 10021138     Engine:Engine.dll
 0002:0000013c       __imp_?RenderModel@CModelObject@@QAEXAAVCRenderModel@@@Z 1002113c     Engine:Engine.dll
 0002:00000140       __imp_?SetupModelRendering@CModelObject@@QAEXAAVCRenderModel@@@Z 10021140     Engine:Engine.dll
 0002:00000144       __imp_?SetObjectPlacement@CRenderModel@@QAEXABVCPlacement3D@@@Z 10021144     Engine:Engine.dll
 0002:00000148       __imp_?BeginModelRenderingView@@YAXAAVCAnyProjection3D@@PAVCDrawPort@@@Z 10021148     Engine:Engine.dll
 0002:0000014c       __imp_??4CPerspectiveProjection3D@@QAEAAV0@ABV0@@Z 1002114c     Engine:Engine.dll
 0002:00000150       __imp_?FillZBuffer@CDrawPort@@QBEXM@Z 10021150     Engine:Engine.dll
 0002:00000154       __imp_?Stereo_AdjustProjection@@YAXAAVCProjection3D@@JM@Z 10021154     Engine:Engine.dll
 0002:00000158       __imp_?Stereo_SetBuffer@@YAXJ@Z 10021158     Engine:Engine.dll
 0002:0000015c       __imp_??0CRenderModel@@QAE@XZ 1002115c     Engine:Engine.dll
 0002:00000160       __imp_?Stereo_IsEnabled@@YAHXZ 10021160     Engine:Engine.dll
 0002:00000164       __imp_??9CTString@@QBEHABV0@@Z 10021164     Engine:Engine.dll
 0002:00000168       __imp_??0CTextureObject@@QAE@XZ 10021168     Engine:Engine.dll
 0002:0000016c       __imp_??1CTextureObject@@QAE@XZ 1002116c     Engine:Engine.dll
 0002:00000170       __imp_??1CDrawPort@@QAE@XZ 10021170     Engine:Engine.dll
 0002:00000174       __imp_?Remove@CListNode@@QAEXXZ 10021174     Engine:Engine.dll
 0002:00000178       __imp_?Unlock@CDrawPort@@QAEXXZ 10021178     Engine:Engine.dll
 0002:0000017c       __imp_?PutTextR@CDrawPort@@QBEXABVCTString@@JJK@Z 1002117c     Engine:Engine.dll
 0002:00000180       __imp_?IsLinked@CListNode@@QBEHXZ 10021180     Engine:Engine.dll
 0002:00000184       __imp_?Lock@CDrawPort@@QAEHXZ 10021184     Engine:Engine.dll
 0002:00000188       __imp_??0CDrawPort@@QAE@PAV0@ABV?$AABBox@J$01@@@Z 10021188     Engine:Engine.dll
 0002:0000018c       __imp_?SetFont@CDrawPort@@QAEXPAVCFontData@@@Z 1002118c     Engine:Engine.dll
 0002:00000190       __imp_?_pfdDisplayFont@@3PAVCFontData@@A 10021190     Engine:Engine.dll
 0002:00000194       __imp_?PutText@CDrawPort@@QBEXABVCTString@@JJK@Z 10021194     Engine:Engine.dll
 0002:00000198       __imp_?GetPlayerName@CPlayerEntity@@QAE?AVCTString@@XZ 10021198     Engine:Engine.dll
 0002:0000019c       __imp_?Fill@CDrawPort@@QBEXJJJJK@Z 1002119c     Engine:Engine.dll
 0002:000001a0       __imp_?_pfdConsoleFont@@3PAVCFontData@@A 100211a0     Engine:Engine.dll
 0002:000001a4       __imp_?DrawLine@CDrawPort@@QBEXJJJJKK@Z 100211a4     Engine:Engine.dll
 0002:000001a8       __imp_?LerpColor@@YAKKKM@Z 100211a8     Engine:Engine.dll
 0002:000001ac       __imp_?GetTextWidth@CDrawPort@@QBEKABVCTString@@@Z 100211ac     Engine:Engine.dll
 0002:000001b0       __imp_??YCTString@@QAEAAV0@ABV0@@Z 100211b0     Engine:Engine.dll
 0002:000001b4       __imp_?PutTexture@CDrawPort@@QBEXPAVCTextureObject@@ABV?$AABBox@J$01@@K@Z 100211b4     Engine:Engine.dll
 0002:000001b8       __imp_?GetHeight@CTextureObject@@QBEJXZ 100211b8     Engine:Engine.dll
 0002:000001bc       __imp_?GetWidth@CTextureObject@@QBEJXZ 100211bc     Engine:Engine.dll
 0002:000001c0       __imp_?Force@CTextureData@@QAEXK@Z 100211c0     Engine:Engine.dll
 0002:000001c4       __imp_?GetSessionProperties@CNetworkLibrary@@QAEPAXXZ 100211c4     Engine:Engine.dll
 0002:000001c8       __imp_?_pNetwork@@3PAVCNetworkLibrary@@A 100211c8     Engine:Engine.dll
 0002:000001cc       __imp_?ClearInput@CInput@@QAEXXZ 100211cc     Engine:Engine.dll
 0002:000001d0       __imp_?IsGameFinished@CNetworkLibrary@@QAEHXZ 100211d0     Engine:Engine.dll
 0002:000001d4       __imp_?Fill@CDrawPort@@QBEXK@Z 100211d4     Engine:Engine.dll
 0002:000001d8       __imp_?SetLerp@CTimer@@QAEXM@Z 100211d8     Engine:Engine.dll
 0002:000001dc       __imp_?SetCurrentTick@CTimer@@QAEXM@Z 100211dc     Engine:Engine.dll
 0002:000001e0       __imp_?TickQuantum@CTimer@@2MB 100211e0     Engine:Engine.dll
 0002:000001e4       __imp_?IsDualHead@CDisplayMode@@QAEHXZ 100211e4     Engine:Engine.dll
 0002:000001e8       __imp_?IsFullScreen@CDisplayMode@@QAEHXZ 100211e8     Engine:Engine.dll
 0002:000001ec       __imp_?_pGfx@@3PAVCGfxLibrary@@A 100211ec     Engine:Engine.dll
 0002:000001f0       __imp_??0CDisplayMode@@QAE@XZ 100211f0     Engine:Engine.dll
 0002:000001f4       __imp_??0CDrawPort@@QAE@PAV0@H@Z 100211f4     Engine:Engine.dll
 0002:000001f8       __imp_?IsDualHead@CDrawPort@@QAEHXZ 100211f8     Engine:Engine.dll
 0002:000001fc       __imp_?IsPlayerLocal@CNetworkLibrary@@QAEHPAVCEntity@@@Z 100211fc     Engine:Engine.dll
 0002:00000200       __imp_?IsPlayingDemo@CNetworkLibrary@@QAEHXZ 10021200     Engine:Engine.dll
 0002:00000204       __imp_??4CTString@@QAEAAV0@ABV0@@Z 10021204     Engine:Engine.dll
 0002:00000208       __imp_?CON_GetLastLine@@YA?AVCTString@@J@Z 10021208     Engine:Engine.dll
 0002:0000020c       __imp_?GetRealTimeTick@CTimer@@QBEMXZ 1002120c     Engine:Engine.dll
 0002:00000210       __imp_??0CDrawPort@@QAE@PAV0@NNNN@Z 10021210     Engine:Engine.dll
 0002:00000214       __imp_?CON_DiscardLastLineTimes@@YAXXZ 10021214     Engine:Engine.dll
 0002:00000218       __imp_?IsNetworkEnabled@CNetworkLibrary@@QAEHXZ 10021218     Engine:Engine.dll
 0002:0000021c       __imp_?CON_NumberOfLinesAfter@@YAJM@Z 1002121c     Engine:Engine.dll
 0002:00000220       __imp_?SetINDEX@CShell@@QAEXABVCTString@@J@Z 10021220     Engine:Engine.dll
 0002:00000224       __imp_?GetINDEX@CShell@@QAEJABVCTString@@@Z 10021224     Engine:Engine.dll
 0002:00000228       __imp_?TrimLeft@CTString@@QAEJJ@Z 10021228     Engine:Engine.dll
 0002:0000022c       __imp_?DeleteChar@CTString@@QAEXJ@Z 1002122c     Engine:Engine.dll
 0002:00000230       __imp_?TrimRight@CTString@@QAEJJ@Z 10021230     Engine:Engine.dll
 0002:00000234       __imp_??9CTString@@QBEHPBD@Z 10021234     Engine:Engine.dll
 0002:00000238       __imp_?SendChat@CNetworkLibrary@@QAEXKKABVCTString@@@Z 10021238     Engine:Engine.dll
 0002:0000023c       __imp_?RemovePrefix@CTString@@QAEHABV1@@Z 1002123c     Engine:Engine.dll
 0002:00000240       __imp_?HasPrefix@CTString@@QBEHABV1@@Z 10021240     Engine:Engine.dll
 0002:00000244       __imp_?TrimSpacesRight@CTString@@QAEJXZ 10021244     Engine:Engine.dll
 0002:00000248       __imp_?TrimSpacesLeft@CTString@@QAEJXZ 10021248     Engine:Engine.dll
 0002:0000024c       __imp_?GetCompletionString@CShellSymbol@@QBE?AVCTString@@XZ 1002124c     Engine:Engine.dll
 0002:00000250       __imp_?InsertChar@CTString@@QAEXJD@Z 10021250     Engine:Engine.dll
 0002:00000254       __imp_?Clear@CListHead@@QAEXXZ 10021254     Engine:Engine.dll
 0002:00000258       __imp_??1CListNode@@QAE@XZ 10021258     Engine:Engine.dll
 0002:0000025c       __imp_??0CTString@@QAE@PBD@Z 1002125c     Engine:Engine.dll
 0002:00000260       __imp_??8CTString@@QBEHABV0@@Z 10021260     Engine:Engine.dll
 0002:00000264       __imp_?AtEOF@CTStream@@QAEHXZ 10021264     Engine:Engine.dll
 0002:00000268       __imp_?GetLine_t@CTStream@@QAEXPADJD@Z 10021268     Engine:Engine.dll
 0002:0000026c       __imp_?FPrintF_t@CTStream@@QAAXPBDZZ 1002126c     Engine:Engine.dll
 0002:00000270       __imp_??0CNetworkProvider@@QAE@XZ 10021270     Engine:Engine.dll
 0002:00000274       __imp_??1CNetworkSession@@QAE@XZ 10021274     Engine:Engine.dll
 0002:00000278       __imp_??1CPlayerCharacter@@QAE@XZ 10021278     Engine:Engine.dll
 0002:0000027c       __imp_??0CTString@@QAE@XZ  1002127c     Engine:Engine.dll
 0002:00000280       __imp_??5@YAAAVCTStream@@AAV0@AAVCTString@@@Z 10021280     Engine:Engine.dll
 0002:00000284       __imp_??6@YAAAVCTStream@@AAV0@ABVCTString@@@Z 10021284     Engine:Engine.dll
 0002:00000288       __imp_?AddTail@CListHead@@QAEXAAVCListNode@@@Z 10021288     Engine:Engine.dll
 0002:0000028c       __imp_??H@YA?AVCTString@@PBDABV0@@Z 1002128c     Engine:Engine.dll
 0002:00000290       __imp_?SetAction@CPlayerSource@@QAEXABVCPlayerAction@@@Z 10021290     Engine:Engine.dll
 0002:00000294       __imp_??0CPlayerAction@@QAE@XZ 10021294     Engine:Engine.dll
 0002:00000298       __imp_?GetLocalPause@CNetworkLibrary@@QAEHXZ 10021298     Engine:Engine.dll
 0002:0000029c       __imp_?IsPaused@CNetworkLibrary@@QAEHXZ 1002129c     Engine:Engine.dll
 0002:000002a0       __imp_?GetInput@CInput@@QAEXH@Z 100212a0     Engine:Engine.dll
 0002:000002a4       __imp_?SetJoyPolling@CInput@@QAEXH@Z 100212a4     Engine:Engine.dll
 0002:000002a8       __imp_?_strModURL@@3VCTString@@A 100212a8     Engine:Engine.dll
 0002:000002ac       __imp_?LoadKeepCRLF_t@CTString@@QAEXABVCTFileName@@@Z 100212ac     Engine:Engine.dll
 0002:000002b0       __imp_?FatalError@@YAXPBDZZ 100212b0     Engine:Engine.dll
 0002:000002b4       __imp_?_bDedicatedServer@@3HA 100212b4     Engine:Engine.dll
 0002:000002b8       __imp_?AddHandler@CTimer@@QAEXPAVCTimerHandler@@@Z 100212b8     Engine:Engine.dll
 0002:000002bc       __imp_?Play_t@CSoundObject@@QAEXABVCTFileName@@J@Z 100212bc     Engine:Engine.dll
 0002:000002c0       __imp_??0CSoundObject@@QAE@XZ 100212c0     Engine:Engine.dll
 0002:000002c4       __imp_?Stop@CSoundObject@@QAEXXZ 100212c4     Engine:Engine.dll
 0002:000002c8       __imp_?CPutString@@YAXPBD@Z 100212c8     Engine:Engine.dll
 0002:000002cc       __imp_?WarningMessage@@YAXPBDZZ 100212cc     Engine:Engine.dll
 0002:000002d0       __imp_?SaveKeepCRLF_t@CTString@@QAEXABVCTFileName@@@Z 100212d0     Engine:Engine.dll
 0002:000002d4       __imp_??1CSoundObject@@QAE@XZ 100212d4     Engine:Engine.dll
 0002:000002d8       __imp_?StorePersistentSymbols@CShell@@QAEXABVCTFileName@@@Z 100212d8     Engine:Engine.dll
 0002:000002dc       __imp_?RemHandler@CTimer@@QAEXPAVCTimerHandler@@@Z 100212dc     Engine:Engine.dll
 0002:000002e0       __imp_?StopProvider@CMessageDispatcher@@QAEXXZ 100212e0     Engine:Engine.dll
 0002:000002e4       __imp_?StopGame@CNetworkLibrary@@QAEXXZ 100212e4     Engine:Engine.dll
 0002:000002e8       __imp_?StartPeerToPeer_t@CNetworkLibrary@@QAEXABVCTString@@ABVCTFileName@@KJHPAX@Z 100212e8     Engine:Engine.dll
 0002:000002ec       __imp_?StartDemoPlay_t@CNetworkLibrary@@QAEXABVCTFileName@@@Z 100212ec     Engine:Engine.dll
 0002:000002f0       __imp_?JoinSession_t@CNetworkLibrary@@QAEXABVCNetworkSession@@J@Z 100212f0     Engine:Engine.dll
 0002:000002f4       __imp_?Matches@CTString@@QBEHPBD@Z 100212f4     Engine:Engine.dll
 0002:000002f8       __imp_?Load_t@CNetworkLibrary@@QAEXABVCTFileName@@@Z 100212f8     Engine:Engine.dll
 0002:000002fc       __imp_?FileExists@@YAHABVCTFileName@@@Z 100212fc     Engine:Engine.dll
 0002:00000300       __imp_?StartDemoRec_t@CNetworkLibrary@@QAEXABVCTFileName@@@Z 10021300     Engine:Engine.dll
 0002:00000304       __imp_?StopDemoRec@CNetworkLibrary@@QAEXXZ 10021304     Engine:Engine.dll
 0002:00000308       __imp_?Save_t@CNetworkLibrary@@QAEXABVCTFileName@@@Z 10021308     Engine:Engine.dll
 0002:0000030c       __imp_?StartProvider_t@CMessageDispatcher@@QAEXABVCNetworkProvider@@@Z 1002130c     Engine:Engine.dll
 0002:00000310       __imp_??4CListNode@@QAEAAV0@ABV0@@Z 10021310     Engine:Engine.dll
 0002:00000314       __imp_?GetDescription@CNetworkProvider@@QBEABVCTString@@XZ 10021314     Engine:Engine.dll
 0002:00000318       __imp_?EnumNetworkProviders@CMessageDispatcher@@QAEXAAVCListHead@@@Z 10021318     Engine:Engine.dll
 0002:0000031c       __imp_?GetID_t@CTStream@@QAE?AVCChunkID@@XZ 1002131c     Engine:Engine.dll
 0002:00000320       __imp_?ExpectID_t@CTStream@@QAEXABVCChunkID@@@Z 10021320     Engine:Engine.dll
 0002:00000324       __imp_?WriteID_t@CTStream@@QAEXABVCChunkID@@@Z 10021324     Engine:Engine.dll
 0002:00000328       __imp_??4CPlayerCharacter@@QAEAAV0@ABV0@@Z 10021328     Engine:Engine.dll
 0002:0000032c       __imp_??0CPlayerCharacter@@QAE@ABVCTString@@@Z 1002132c     Engine:Engine.dll
 0002:00000330       __imp_?OnlyFirstLine@CTString@@QAEXXZ 10021330     Engine:Engine.dll
 0002:00000334       __imp_?LoadStringVar@@YAXABVCTFileName@@AAVCTString@@@Z 10021334     Engine:Engine.dll
 0002:00000338       __imp_?Load_t@CPlayerCharacter@@QAEXABVCTFileName@@@Z 10021338     Engine:Engine.dll
 0002:0000033c       __imp_?ChangeCharacter@CPlayerSource@@QAEXAAVCPlayerCharacter@@@Z 1002133c     Engine:Engine.dll
 0002:00000340       __imp_?Save_t@CPlayerCharacter@@QAEXABVCTFileName@@@Z 10021340     Engine:Engine.dll
 0002:00000344       __imp_?AddPlayer_t@CNetworkLibrary@@QAEPAVCPlayerSource@@AAVCPlayerCharacter@@@Z 10021344     Engine:Engine.dll
 0002:00000348       __imp_??_FCDrawPort@@QAEXXZ 10021348     Engine:Engine.dll
 0002:0000034c       __imp_?SaveTGA_t@CImageInfo@@QBEXABVCTFileName@@@Z 1002134c     Engine:Engine.dll
 0002:00000350       __imp_?ExpandFilePath@@YAJKABVCTFileName@@AAV1@@Z 10021350     Engine:Engine.dll
 0002:00000354       __imp_?UpdateSounds@CSoundLibrary@@QAEXXZ 10021354     Engine:Engine.dll
 0002:00000358       __imp_?_pSound@@3PAVCSoundLibrary@@A 10021358     Engine:Engine.dll
 0002:0000035c       __imp_?IsDemoPlayFinished@CNetworkLibrary@@QAEHXZ 1002135c     Engine:Engine.dll
 0002:00000360       __imp_?IsRecordingDemo@CNetworkLibrary@@QAEHXZ 10021360     Engine:Engine.dll
 0002:00000364       __imp_?PutTextCXY@CDrawPort@@QBEXABVCTString@@JJK@Z 10021364     Engine:Engine.dll
 0002:00000368       __imp_?IsConnectionStable@CNetworkLibrary@@QAEHXZ 10021368     Engine:Engine.dll
 0002:0000036c       __imp_?IsWaitingForServer@CNetworkLibrary@@QAEHXZ 1002136c     Engine:Engine.dll
 0002:00000370       __imp_?IsWaitingForPlayers@CNetworkLibrary@@QAEHXZ 10021370     Engine:Engine.dll
 0002:00000374       __imp_?WhyDisconnected@CNetworkLibrary@@QAEABVCTString@@XZ 10021374     Engine:Engine.dll
 0002:00000378       __imp_?IsDisconnected@CNetworkLibrary@@QAEHXZ 10021378     Engine:Engine.dll
 0002:0000037c       __imp_?GetPredictor@CEntity@@QAEPAV1@XZ 1002137c     Engine:Engine.dll
 0002:00000380       __imp_?GetPlayerEntity@CEntity@@SAPAV1@J@Z 10021380     Engine:Engine.dll
 0002:00000384       __imp_??1CTSingleLock@@QAE@XZ 10021384     Engine:Engine.dll
 0002:00000388       __imp_?GetLocalPlayerEntity@CNetworkLibrary@@QAEPAVCEntity@@PAVCPlayerSource@@@Z 10021388     Engine:Engine.dll
 0002:0000038c       __imp_??0CTSingleLock@@QAE@PAVCTCriticalSection@@H@Z 1002138c     Engine:Engine.dll
 0002:00000390       __imp_?SE_PretouchIfNeeded@@YAXXZ 10021390     Engine:Engine.dll
 0002:00000394       __imp_??1CImageInfo@@QAE@XZ 10021394     Engine:Engine.dll
 0002:00000398       __imp_??1CTextureData@@UAE@XZ 10021398     Engine:Engine.dll
 0002:0000039c       __imp_?Write_t@CTextureData@@UAEXPAVCTStream@@@Z 1002139c     Engine:Engine.dll
 0002:000003a0       __imp_?Create_t@CTextureData@@QAEXPBVCImageInfo@@JJH@Z 100213a0     Engine:Engine.dll
 0002:000003a4       __imp_?GrabScreen@CDrawPort@@QBEXAAVCImageInfo@@J@Z 100213a4     Engine:Engine.dll
 0002:000003a8       __imp_??0CTextureData@@QAE@XZ 100213a8     Engine:Engine.dll
 0002:000003ac       __imp_??0CImageInfo@@QAE@XZ 100213ac     Engine:Engine.dll
 0002:000003b0       __imp_?FileExistsForWriting@@YAHABVCTFileName@@@Z 100213b0     Engine:Engine.dll
 0002:000003b4       __imp_?FileName@CTFileName@@QBE?AV1@XZ 100213b4     Engine:Engine.dll
 0002:000003b8       __imp_?Fill@CDrawPort@@QBEXJJJJKKKK@Z 100213b8     Engine:Engine.dll
 0002:000003bc       __imp_?STAT_Reset@@YAXXZ   100213bc     Engine:Engine.dll
 0002:000003c0       __imp_?STAT_Report@@YAXAAVCTString@@@Z 100213c0     Engine:Engine.dll
 0002:000003c4       __imp_?DrawBorder@CDrawPort@@QBEXJJJJKK@Z 100213c4     Engine:Engine.dll
 0002:000003c8       __imp_?PutTextC@CDrawPort@@QBEXABVCTString@@JJK@Z 100213c8     Engine:Engine.dll
 0002:000003cc       __imp_?DepthString@CDisplayMode@@QBE?AVCTString@@XZ 100213cc     Engine:Engine.dll
 0002:000003d0       __imp_??4CDrawPort@@QAEAAV0@ABV0@@Z 100213d0     Engine:Engine.dll
 0002:000003d4       __imp_?TranslateConst@@YAPBDPBDJ@Z 100213d4     Engine:Engine.dll
 0002:000003d8       __imp_?GetName@CWorld@@QAEABVCTString@@XZ 100213d8     Engine:Engine.dll
 0002:000003dc       __imp_??4CTString@@QAEAAV0@PBD@Z 100213dc     Engine:Engine.dll
 0002:000003e0       __imp_?RemoveFile@@YAHABVCTFileName@@@Z 100213e0     Engine:Engine.dll
 0002:000003e4       __imp_?Count@CListHead@@QBEJXZ 100213e4     Engine:Engine.dll
 0002:000003e8       __imp_?Sort@CListHead@@QAEXP6AHPBX0@ZH@Z 100213e8     Engine:Engine.dll
 0002:000003ec       __imp_??0CTFileName@@QAE@XZ 100213ec     Engine:Engine.dll
 0002:000003f0       __imp_?MakeDirList@@YAXAAV?$CDynamicStackArray@VCTFileName@@@@ABVCTFileName@@ABVCTString@@K@Z 100213f0     Engine:Engine.dll
 0002:000003f4       \177Engine_NULL_THUNK_DATA 100213f4     Engine:Engine.dll
 0002:000003f8       __imp_?plr_iHiScore@@3JA   100213f8     EntitiesMP:EntitiesMP.dll
 0002:000003fc       __imp_?ctl_slPlayerControlsSize@@3JB 100213fc     EntitiesMP:EntitiesMP.dll
 0002:00000400       __imp_?ctl_pvPlayerControls@@3PAXA 10021400     EntitiesMP:EntitiesMP.dll
 0002:00000404       __imp_?ctl_ComposeActionPacket@@YAXABVCPlayerCharacter@@AAVCPlayerAction@@H@Z 10021404     EntitiesMP:EntitiesMP.dll
 0002:00000408       __imp_?cmp_bInitialStart@@3HA 10021408     EntitiesMP:EntitiesMP.dll
 0002:0000040c       __imp_?cmp_bUpdateInBackground@@3HA 1002140c     EntitiesMP:EntitiesMP.dll
 0002:00000410       __imp_?cmp_ppenPlayer@@3PAVCPlayer@@A 10021410     EntitiesMP:EntitiesMP.dll
 0002:00000414       __imp_?cmp_ppenDHPlayer@@3PAVCPlayer@@A 10021414     EntitiesMP:EntitiesMP.dll
 0002:00000418       __imp_?GetStats@CPlayer@@QAEXAAVCTString@@W4CompStatType@@J@Z 10021418     EntitiesMP:EntitiesMP.dll
 0002:0000041c       __imp_?Particles_Burning_Comp@@YAXPAVCModelObject@@MVCPlacement3D@@@Z 1002141c     EntitiesMP:EntitiesMP.dll
 0002:00000420       __imp_?Particles_AirElemental_Comp@@YAXPAVCModelObject@@MMVCPlacement3D@@@Z 10021420     EntitiesMP:EntitiesMP.dll
 0002:00000424       \177EntitiesMP_NULL_THUNK_DATA 10021424     EntitiesMP:EntitiesMP.dll
 0002:00000428       __imp__DisableThreadLibraryCalls@4 10021428     kernel32:KERNEL32.dll
 0002:0000042c       \177KERNEL32_NULL_THUNK_DATA 1002142c     kernel32:KERNEL32.dll
 0002:00000430       __imp__malloc              10021430     MSVCRT:MSVCRT.dll
 0002:00000434       __imp___adjust_fdiv        10021434     MSVCRT:MSVCRT.dll
 0002:00000438       __imp___initterm           10021438     MSVCRT:MSVCRT.dll
 0002:0000043c       __imp__free                1002143c     MSVCRT:MSVCRT.dll
 0002:00000440       __imp_?terminate@@YAXXZ    10021440     MSVCRT:MSVCRT.dll
 0002:00000444       __imp___strnicmp           10021444     MSVCRT:MSVCRT.dll
 0002:00000444       __imp__strnicmp            10021444     MSVCRT:MSVCRT.dll
 0002:00000448       __imp__stricmp             10021448     MSVCRT:MSVCRT.dll
 0002:00000448       __imp___stricmp            10021448     MSVCRT:MSVCRT.dll
 0002:0000044c       __imp___strupr             1002144c     MSVCRT:MSVCRT.dll
 0002:0000044c       __imp__strupr              1002144c     MSVCRT:MSVCRT.dll
 0002:00000450       __imp____CxxFrameHandler   10021450     MSVCRT:MSVCRT.dll
 0002:00000454       __imp___CxxThrowException@8 10021454     MSVCRT:MSVCRT.dll
 0002:00000458       __imp__strncmp             10021458     MSVCRT:MSVCRT.dll
 0002:0000045c       __imp__strchr              1002145c     MSVCRT:MSVCRT.dll
 0002:00000460       __imp___ftol               10021460     MSVCRT:MSVCRT.dll
 0002:00000464       __imp_??3@YAXPAX@Z         10021464     MSVCRT:MSVCRT.dll
 0002:00000468       __imp__floor               10021468     MSVCRT:MSVCRT.dll
 0002:0000046c       __imp_??2@YAPAXI@Z         1002146c     MSVCRT:MSVCRT.dll
 0002:00000470       __imp__strncpy             10021470     MSVCRT:MSVCRT.dll
 0002:00000474       __imp__isalnum             10021474     MSVCRT:MSVCRT.dll
 0002:00000478       __imp__isprint             10021478     MSVCRT:MSVCRT.dll
 0002:0000047c       __imp___CIpow              1002147c     MSVCRT:MSVCRT.dll
 0002:00000480       __imp__sscanf              10021480     MSVCRT:MSVCRT.dll
 0002:00000484       __imp___purecall           10021484     MSVCRT:MSVCRT.dll
 0002:00000488       __imp___mkdir              10021488     MSVCRT:MSVCRT.dll
 0002:0000048c       __imp__localtime           1002148c     MSVCRT:MSVCRT.dll
 0002:00000490       __imp__time                10021490     MSVCRT:MSVCRT.dll
 0002:00000494       __imp__strftime            10021494     MSVCRT:MSVCRT.dll
 0002:00000498       __imp__setlocale           10021498     MSVCRT:MSVCRT.dll
 0002:0000049c       __imp__fgets               1002149c     MSVCRT:MSVCRT.dll
 0002:000004a0       __imp__fopen               100214a0     MSVCRT:MSVCRT.dll
 0002:000004a4       __imp__getenv              100214a4     MSVCRT:MSVCRT.dll
 0002:000004a8       __imp____dllonexit         100214a8     MSVCRT:MSVCRT.dll
 0002:000004ac       __imp___onexit             100214ac     MSVCRT:MSVCRT.dll
 0002:000004b0       __imp_??1type_info@@UAE@XZ 100214b0     MSVCRT:MSVCRT.dll
 0002:000004b4       __imp___except_handler3    100214b4     MSVCRT:MSVCRT.dll
 0002:000004b8       \177MSVCRT_NULL_THUNK_DATA 100214b8     MSVCRT:MSVCRT.dll
 0002:000004bc       __imp__RegisterWindowMessageA@4 100214bc     user32:USER32.dll
 0002:000004c0       __imp__PeekMessageA@20     100214c0     user32:USER32.dll
 0002:000004c4       __imp__TranslateMessage@4  100214c4     user32:USER32.dll
 0002:000004c8       __imp__DispatchMessageA@4  100214c8     user32:USER32.dll
 0002:000004cc       __imp__MapVirtualKeyA@8    100214cc     user32:USER32.dll
 0002:000004d0       __imp__GetCursorPos@4      100214d0     user32:USER32.dll
 0002:000004d4       __imp__ScreenToClient@8    100214d4     user32:USER32.dll
 0002:000004d8       __imp__GetAsyncKeyState@4  100214d8     user32:USER32.dll
 0002:000004dc       __imp__ShowCursor@4        100214dc     user32:USER32.dll
 0002:000004e0       __imp__GetKeyState@4       100214e0     user32:USER32.dll
 0002:000004e4       \177USER32_NULL_THUNK_DATA 100214e4     user32:USER32.dll
 0002:0000050c       __real@4@00000000000000000000 1002150c     Camera.obj
 0002:00000510       __real@4@3fff8000000000000000 10021510     Camera.obj
 0002:00000514       __real@4@4002a000000000000000 10021514     Camera.obj
 0002:00000518       __real@4@3ffe8000000000000000 10021518     Camera.obj
 0002:0000051c       __real@4@3ffdaaaaaaaaaaaaa800 1002151c     CompModels.obj
 0002:00000520       __real@4@4001a000000000000000 10021520     CompModels.obj
 0002:00000528       __real@8@4002a000000000000000 10021528     CompModels.obj
 0002:00000530       __real@8@3ffefd7720f353a4c000 10021530     CompModels.obj
 0002:00000538       __real@8@3fff8000000000000000 10021538     CompModels.obj
 0002:00000540       __real@8@3ff8a3d70a3d70a3d800 10021540     CompModels.obj
 0002:0000054c       __real@4@4003a000000000000000 1002154c     Computer.obj
 0002:00000550       __real@4@3ffefd70a40000000000 10021550     Computer.obj
 0002:00000554       __real@4@3ff68888888888888800 10021554     Computer.obj
 0002:0000055c       __real@4@bfffaa9fbe0000000000 1002155c     Console.obj
 0002:00000560       __real@4@3ff8a3d70a0000000000 10021560     Console.obj
 0002:00000564       __real@4@3fffcccccd0000000000 10021564     Console.obj
 0002:00000568       __real@4@3ffbcccccd0000000000 10021568     Console.obj
 0002:0000056c       ??_7CControls@@6B@         1002156c     Controls.obj
 0002:000005a0       __real@8@40008000000000000000 100215a0     Controls.obj
 0002:000005a8       __real@8@3ffcccccccccccccd000 100215a8     Controls.obj
 0002:000005b0       __real@8@4004c800000000000000 100215b0     Controls.obj
 0002:000005b8       __real@8@3fff9999999999999800 100215b8     Controls.obj
 0002:000005c0       ??_7CGame@@6B@             100215c0     Game.obj
 0002:00000690       ??_7CGameTimerHandler@@6B@ 10021690     Game.obj
 0002:00000698       ??_7CTimerHandler@@6B@     10021698     Game.obj
 0002:000006a0       ??_7CButtonAction@@6B@     100216a0     Game.obj
 0002:000006ac       __real@4@3ff8a3d70a3d70a3d800 100216ac     Game.obj
 0002:000006b0       __real@8@00000000000000000000 100216b0     Game.obj
 0002:000006b8       __real@4@3ff58000000000000000 100216b8     Game.obj
 0002:000006bc       __real@4@3ffd8000000000000000 100216bc     Game.obj
 0002:000006c0       __real@4@40018000000000000000 100216c0     Game.obj
 0002:000006c4       __real@4@3ffdcccccd0000000000 100216c4     Game.obj
 0002:000006c8       __real@8@4000c000000000000000 100216c8     Game.obj
 0002:000006d0       __real@4@4008fa00000000000000 100216d0     Game.obj
 0002:000006d4       __real@4@3ffec000000000000000 100216d4     Game.obj
 0002:000006d8       __real@4@3ff7a3d70a0000000000 100216d8     Game.obj
 0002:000006dc       __real@4@4003f000000000000000 100216dc     Game.obj
 0002:000006e0       __real@8@3fffc000000000000000 100216e0     Game.obj
 0002:000006e8       __real@4@4004f000000000000000 100216e8     Game.obj
 0002:000006ec       __real@4@4007c800000000000000 100216ec     Game.obj
 0002:000006f0       __real@4@3ffdaaa64c0000000000 100216f0     Game.obj
 0002:000006f4       __real@4@40008000000000000000 100216f4     Game.obj
 0002:000006f8       __real@4@3ffee666660000000000 100216f8     Game.obj
 0002:000006fc       __real@4@4006c000000000000000 100216fc     Game.obj
 0002:00000700       __real@4@3ffeb333330000000000 10021700     Game.obj
 0002:00000704       __real@4@3ffaf5c28f0000000000 10021704     Game.obj
 0002:00000708       __real@4@3ffc99999a0000000000 10021708     Game.obj
 0002:0000070c       __real@4@3ff5ccccccccccccd000 1002170c     Game.obj
 0002:00000710       __real@4@3ff58f5c28ccccccd000 10021710     Game.obj
 0002:00000718       __real@8@4003c800000000000000 10021718     Game.obj
 0002:00000720       __real@4@3ffecccccd0000000000 10021720     Game.obj
 0002:00000728       __real@8@40048000000000000000 10021728     Game.obj
 0002:00000730       __real@4@3ffe99999a0000000000 10021730     Game.obj
 0002:00000734       __real@4@3ff5f5c2900000000000 10021734     Game.obj
 0002:00000738       __real@8@4003a800000000000000 10021738     Game.obj
 0002:00000740       __real@8@40048c00000000000000 10021740     Game.obj
 0002:00000748       __real@4@4007d200000000000000 10021748     Game.obj
 0002:0000074c       __real@4@4006aa00000000000000 1002174c     Game.obj
 0002:00000750       __real@4@3ff68779a66666666800 10021750     Game.obj
 0002:00000758       __real@8@4003f800000000000000 10021758     Game.obj
 0002:00000760       __real@4@3ff6be0decccccccd000 10021760     Game.obj
 0002:00000768       __real@8@4008a000000000000000 10021768     Game.obj
 0002:00000770       __real@4@3ff5a3d70a6666666800 10021770     LCDDrawing.obj
 0002:00000774       __real@4@3ffef333330000000000 10021774     LCDDrawing.obj
 0002:00000778       __real@4@3ff6851eb80000000000 10021778     LCDDrawing.obj
 0002:00000780       __real@8@4004a000000000000000 10021780     LCDDrawing.obj
 0002:00000788       __real@4@3ff4ccccccccccccd000 10021788     LCDDrawing.obj
 0002:0000078c       __real@4@3ff6ae147b3333333800 1002178c     LCDDrawing.obj
 0002:00000790       __real@8@3ffe8000000000000000 10021790     LCDDrawing.obj
 0002:00000798       __real@4@4005c800000000000000 10021798     LoadingHook.obj
 0002:000007a0       __real@8@3ffccccccd0000000000 100217a0     LoadingHook.obj
 0002:000007b0       ??_7type_info@@6B@         100217b0     MSVCRT:ti_inst.obj
 0002:000007e8       ??_R1A@?0A@A@type_info@@8  100217e8     MSVCRT:ti_inst.obj
 0002:00000800       ??_R2type_info@@8          10021800     MSVCRT:ti_inst.obj
 0002:00000808       ??_R3type_info@@8          10021808     MSVCRT:ti_inst.obj
 0002:00000818       ??_R4type_info@@6B@        10021818     MSVCRT:ti_inst.obj
 0002:00000ba0       __CT??_R0PAX@84            10021ba0     CompMessage.obj
 0002:00000bc0       __CT??_R0PAD@84            10021bc0     CompMessage.obj
 0002:00000be0       __CTA2PAD                  10021be0     CompMessage.obj
 0002:00000bf0       __TI2PAD                   10021bf0     CompMessage.obj
 0002:000035d8       __IMPORT_DESCRIPTOR_USER32 100245d8     user32:USER32.dll
 0002:000035ec       __IMPORT_DESCRIPTOR_EntitiesMP 100245ec     EntitiesMP:EntitiesMP.dll
 0002:00003600       __IMPORT_DESCRIPTOR_Engine 10024600     Engine:Engine.dll
 0002:00003614       __IMPORT_DESCRIPTOR_MSVCRT 10024614     MSVCRT:MSVCRT.dll
 0002:00003628       __IMPORT_DESCRIPTOR_KERNEL32 10024628     kernel32:KERNEL32.dll
[...]

 entry point at        0001:0001cd41

 Static symbols

 0001:0001b5e0       ?SetGameModeParameters@@YAXAAVCSessionProperties@@@Z 1001c5e0 f   SessionProperties.obj
 0001:0001b640       ?SetDifficultyParameters@@YAXAAVCSessionProperties@@@Z 1001c640 f   SessionProperties.obj
 0001:0001ad80       _$E17                      1001bd80 f   Map.obj
 0001:0001ad90       _$E14                      1001bd90 f   Map.obj
 0001:0001adb0       _$E16                      1001bdb0 f   Map.obj
 0001:0001adc0       _$E15                      1001bdc0 f   Map.obj
 0001:0001ade0       _$E22                      1001bde0 f   Map.obj
 0001:0001adf0       _$E19                      1001bdf0 f   Map.obj
 0001:0001ae00       _$E21                      1001be00 f   Map.obj
 0001:0001ae10       _$E20                      1001be10 f   Map.obj
 0001:0001ae20       _$E27                      1001be20 f   Map.obj
 0001:0001ae30       _$E24                      1001be30 f   Map.obj
 0001:0001ae40       _$E26                      1001be40 f   Map.obj
 0001:0001ae50       _$E25                      1001be50 f   Map.obj
 0001:0001ae60       _$E32                      1001be60 f   Map.obj
 0001:0001ae70       _$E29                      1001be70 f   Map.obj
 0001:0001ae80       _$E31                      1001be80 f   Map.obj
 0001:0001ae90       _$E30                      1001be90 f   Map.obj
 0001:0001aea0       _$E37                      1001bea0 f   Map.obj
 0001:0001aeb0       _$E34                      1001beb0 f   Map.obj
 0001:0001aec0       _$E36                      1001bec0 f   Map.obj
 0001:0001aed0       _$E35                      1001bed0 f   Map.obj
 0001:0001aee0       _$E42                      1001bee0 f   Map.obj
 0001:0001aef0       _$E39                      1001bef0 f   Map.obj
 0001:0001af00       _$E41                      1001bf00 f   Map.obj
 0001:0001af10       _$E40                      1001bf10 f   Map.obj
 0001:0001a7e0       ?LoadingHook_t@@YAXPAVCProgressHookInfo@@@Z 1001b7e0 f   LoadingHook.obj
 0001:0001ad50       _$E15                      1001bd50 f   LoadingHook.obj
 0001:00019d10       _$E17                      1001ad10 f   LCDDrawing.obj
 0001:00019d20       _$E14                      1001ad20 f   LCDDrawing.obj
 0001:00019d30       _$E16                      1001ad30 f   LCDDrawing.obj
 0001:00019d40       _$E15                      1001ad40 f   LCDDrawing.obj
 0001:00019d50       _$E22                      1001ad50 f   LCDDrawing.obj
 0001:00019d60       _$E19                      1001ad60 f   LCDDrawing.obj
 0001:00019d70       _$E21                      1001ad70 f   LCDDrawing.obj
 0001:00019d80       _$E20                      1001ad80 f   LCDDrawing.obj
 0001:00019d90       _$E27                      1001ad90 f   LCDDrawing.obj
 0001:00019da0       _$E24                      1001ada0 f   LCDDrawing.obj
 0001:00019db0       _$E26                      1001adb0 f   LCDDrawing.obj
 0001:00019dc0       _$E25                      1001adc0 f   LCDDrawing.obj
 0001:00019dd0       _$E30                      1001add0 f   LCDDrawing.obj
 0001:00019de0       _$E29                      1001ade0 f   LCDDrawing.obj
 0001:0000eb40       _$E15                      1000fb40 f   Game.obj
 0001:0000eb50       _$E14                      1000fb50 f   Game.obj
 0001:0000eb60       _$E20                      1000fb60 f   Game.obj
 0001:0000eb70       _$E17                      1000fb70 f   Game.obj
 0001:0000ebe0       _$E19                      1000fbe0 f   Game.obj
 0001:0000ebf0       _$E18                      1000fbf0 f   Game.obj
 0001:0000ec00       _$E25                      1000fc00 f   Game.obj
 0001:0000ec10       _$E22                      1000fc10 f   Game.obj
 0001:0000ec80       _$E24                      1000fc80 f   Game.obj
 0001:0000ec90       _$E23                      1000fc90 f   Game.obj
 0001:0000eca0       _$E30                      1000fca0 f   Game.obj
 0001:0000ecb0       _$E27                      1000fcb0 f   Game.obj
 0001:0000ed20       _$E29                      1000fd20 f   Game.obj
 0001:0000ed30       _$E28                      1000fd30 f   Game.obj
 0001:0000ed40       _$E35                      1000fd40 f   Game.obj
 0001:0000ed50       _$E32                      1000fd50 f   Game.obj
 0001:0000edc0       _$E34                      1000fdc0 f   Game.obj
 0001:0000edd0       _$E33                      1000fdd0 f   Game.obj
 0001:0000ede0       _$E40                      1000fde0 f   Game.obj
 0001:0000edf0       _$E37                      1000fdf0 f   Game.obj
 0001:0000ee10       _$E39                      1000fe10 f   Game.obj
 0001:0000ee20       _$E38                      1000fe20 f   Game.obj
 0001:0000ee30       _$E45                      1000fe30 f   Game.obj
 0001:0000ee40       _$E42                      1000fe40 f   Game.obj
 0001:0000ee50       _$E44                      1000fe50 f   Game.obj
 0001:0000ee60       _$E43                      1000fe60 f   Game.obj
 0001:0000ee70       _$E50                      1000fe70 f   Game.obj
 0001:0000ee80       _$E47                      1000fe80 f   Game.obj
 0001:0000ee90       _$E49                      1000fe90 f   Game.obj
 0001:0000eea0       _$E48                      1000fea0 f   Game.obj
 0001:0000eeb0       _$E55                      1000feb0 f   Game.obj
 0001:0000eec0       _$E52                      1000fec0 f   Game.obj
 0001:0000eed0       _$E54                      1000fed0 f   Game.obj
 0001:0000eee0       _$E53                      1000fee0 f   Game.obj
 0001:0000f060       _$E58                      10010060 f   Game.obj
 0001:0000f070       _$E57                      10010070 f   Game.obj
 0001:0000f080       _$E61                      10010080 f   Game.obj
 0001:0000f090       _$E60                      10010090 f   Game.obj
 0001:0000f0a0       _$E66                      100100a0 f   Game.obj
 0001:0000f0b0       _$E63                      100100b0 f   Game.obj
 0001:0000f0d0       _$E65                      100100d0 f   Game.obj
 0001:0000f0e0       _$E64                      100100e0 f   Game.obj
 0001:0000f0f0       _$E71                      100100f0 f   Game.obj
 0001:0000f100       _$E68                      10010100 f   Game.obj
 0001:0000f120       _$E70                      10010120 f   Game.obj
 0001:0000f130       _$E69                      10010130 f   Game.obj
 0001:0000f140       _$E76                      10010140 f   Game.obj
 0001:0000f150       _$E73                      10010150 f   Game.obj
 0001:0000f170       _$E75                      10010170 f   Game.obj
 0001:0000f180       _$E74                      10010180 f   Game.obj
 0001:0000fa30       ?CalcDemoProfile@@YAXJAAJAAN1AAM22222222222222@Z 10010a30 f   Game.obj
 0001:00011a60       ?DumpDemoProfile@@YAXXZ    10012a60 f   Game.obj
 0001:00011c50       ?ReportDemoProfile@@YAXXZ  10012c50 f   Game.obj
 0001:00011d60       ?PlayScriptSound@@YAXJABVCTString@@MMH@Z 10012d60 f   Game.obj
 0001:00011e70       ?StopScriptSound@@YAXJ@Z   10012e70 f   Game.obj
 0001:00011ea0       ?IsScriptSoundPlaying@@YAJJ@Z 10012ea0 f   Game.obj
 0001:00011ed0       ?DumpProfileToFile@@YAXXZ  10012ed0 f   Game.obj
 0001:00011ee0       ?DumpProfileToConsole@@YAXXZ 10012ee0 f   Game.obj
 0001:00011ef0       ?RecordProfile@@YAXXZ      10012ef0 f   Game.obj
 0001:00011f00       ?SaveScreenShot@@YAXXZ     10012f00 f   Game.obj
 0001:00011f10       ?Say@@YAXABVCTString@@@Z   10012f10 f   Game.obj
 0001:00011f30       ?SayFromTo@@YAXJJABVCTString@@@Z 10012f30 f   Game.obj
 0001:00013d70       _$E81                      10014d70 f   Game.obj
 0001:00013d80       _$E78                      10014d80 f   Game.obj
 0001:00013df0       _$E80                      10014df0 f   Game.obj
 0001:00013e00       _$E79                      10014e00 f   Game.obj
 0001:00013e50       _$E84                      10014e50 f   Game.obj
 0001:00013e60       _$E83                      10014e60 f   Game.obj
 0001:00013e70       _$E87                      10014e70 f   Game.obj
 0001:00013e80       _$E86                      10014e80 f   Game.obj
 0001:00013e90       _$E92                      10014e90 f   Game.obj
 0001:00013ea0       _$E89                      10014ea0 f   Game.obj
 0001:00013ec0       _$E91                      10014ec0 f   Game.obj
 0001:00013ed0       _$E90                      10014ed0 f   Game.obj
 0001:00015030       ?MakeScreenShotName@@YA?AVCTFileName@@XZ 10016030 f   Game.obj
 0001:00015260       ?PrintStats@@YAXPAVCDrawPort@@@Z 10016260 f   Game.obj
 0001:00015a00       ?MakeSplitDrawports@@YAXW4SplitScreenCfg@CGame@@JPAVCDrawPort@@@Z 10016a00 f   Game.obj
 0001:00017550       _$E96                      10018550 f   Game.obj
 0001:00017560       _$E95                      10018560 f   Game.obj
 0001:000185e0       _$E100                     100195e0 f   Game.obj
 0001:000185f0       _$E97                      100195f0 f   Game.obj
 0001:00018600       _$E99                      10019600 f   Game.obj
 0001:00018610       _$E98                      10019610 f   Game.obj
 0001:00018620       _$E105                     10019620 f   Game.obj
 0001:00018630       _$E102                     10019630 f   Game.obj
 0001:00018640       _$E104                     10019640 f   Game.obj
 0001:00018650       _$E103                     10019650 f   Game.obj
 0001:00018660       _$E110                     10019660 f   Game.obj
 0001:00018670       _$E107                     10019670 f   Game.obj
 0001:00018680       _$E109                     10019680 f   Game.obj
 0001:00018690       _$E108                     10019690 f   Game.obj
 0001:000186a0       _$E115                     100196a0 f   Game.obj
 0001:000186b0       _$E112                     100196b0 f   Game.obj
 0001:000186c0       _$E114                     100196c0 f   Game.obj
 0001:000186d0       _$E113                     100196d0 f   Game.obj
 0001:000186e0       _$E120                     100196e0 f   Game.obj
 0001:000186f0       _$E117                     100196f0 f   Game.obj
 0001:00018700       _$E119                     10019700 f   Game.obj
 0001:00018710       _$E118                     10019710 f   Game.obj
 0001:00018720       _$E125                     10019720 f   Game.obj
 0001:00018730       _$E122                     10019730 f   Game.obj
 0001:00018740       _$E124                     10019740 f   Game.obj
 0001:00018750       _$E123                     10019750 f   Game.obj
 0001:00018760       _$E130                     10019760 f   Game.obj
 0001:00018770       _$E127                     10019770 f   Game.obj
 0001:00018780       _$E129                     10019780 f   Game.obj
 0001:00018790       _$E128                     10019790 f   Game.obj
 0001:000187a0       _$E135                     100197a0 f   Game.obj
 0001:000187b0       _$E132                     100197b0 f   Game.obj
 0001:000187c0       _$E134                     100197c0 f   Game.obj
 0001:000187d0       _$E133                     100197d0 f   Game.obj
 0001:000187e0       _$E138                     100197e0 f   Game.obj
 0001:000187f0       _$E137                     100197f0 f   Game.obj
 0001:0000c020       _$E15                      1000d020 f   Console.obj
 0001:0000c030       _$E14                      1000d030 f   Console.obj
 0001:0000c040       _$E20                      1000d040 f   Console.obj
 0001:0000c050       _$E17                      1000d050 f   Console.obj
 0001:0000c070       _$E19                      1000d070 f   Console.obj
 0001:0000c080       _$E18                      1000d080 f   Console.obj
 0001:0000c090       _$E25                      1000d090 f   Console.obj
 0001:0000c0a0       _$E22                      1000d0a0 f   Console.obj
 0001:0000c0c0       _$E24                      1000d0c0 f   Console.obj
 0001:0000c0d0       _$E23                      1000d0d0 f   Console.obj
 0001:0000c0e0       _$E30                      1000d0e0 f   Console.obj
 0001:0000c0f0       _$E27                      1000d0f0 f   Console.obj
 0001:0000c110       _$E29                      1000d110 f   Console.obj
 0001:0000c120       _$E28                      1000d120 f   Console.obj
 0001:0000c130       _$E35                      1000d130 f   Console.obj
 0001:0000c140       _$E32                      1000d140 f   Console.obj
 0001:0000c160       _$E34                      1000d160 f   Console.obj
 0001:0000c170       _$E33                      1000d170 f   Console.obj
 0001:0000c180       _$E40                      1000d180 f   Console.obj
 0001:0000c190       _$E37                      1000d190 f   Console.obj
 0001:0000c1b0       _$E39                      1000d1b0 f   Console.obj
 0001:0000c1c0       _$E38                      1000d1c0 f   Console.obj
 0001:0000c1d0       _$E45                      1000d1d0 f   Console.obj
 0001:0000c1e0       _$E42                      1000d1e0 f   Console.obj
 0001:0000c200       _$E44                      1000d200 f   Console.obj
 0001:0000c210       _$E43                      1000d210 f   Console.obj
 0001:0000cba0       ?Key_Backspace@@YAXHH@Z    1000dba0 f   Console.obj
 0001:0000cc20       ?Key_ArrowUp@@YAXXZ        1000dc20 f   Console.obj
 0001:0000ce40       ?Key_ArrowDown@@YAXXZ      1000de40 f   Console.obj
 0001:0000d030       ?Key_Return@@YAXXZ         1000e030 f   Console.obj
 0001:0000d5c0       ?Key_Tab@@YAXH@Z           1000e5c0 f   Console.obj
 0001:0000da60       ?Key_PgUp@@YAXH@Z          1000ea60 f   Console.obj
 0001:0000da90       ?Key_PgDn@@YAXH@Z          1000ea90 f   Console.obj
 0001:00008120       _$E15                      10009120 f   Computer.obj
 0001:00008130       _$E14                      10009130 f   Computer.obj
 0001:00008140       _$E18                      10009140 f   Computer.obj
 0001:00008150       _$E17                      10009150 f   Computer.obj
 0001:00008160       _$E23                      10009160 f   Computer.obj
 0001:00008170       _$E20                      10009170 f   Computer.obj
 0001:00008190       _$E22                      10009190 f   Computer.obj
 0001:000081a0       _$E21                      100091a0 f   Computer.obj
 0001:000081b0       _$E26                      100091b0 f   Computer.obj
 0001:000081c0       _$E25                      100091c0 f   Computer.obj
 0001:000081d0       _$E29                      100091d0 f   Computer.obj
 0001:000081e0       _$E28                      100091e0 f   Computer.obj
 0001:000081f0       _$E32                      100091f0 f   Computer.obj
 0001:00008200       _$E31                      10009200 f   Computer.obj
 0001:00008230       _$E35                      10009230 f   Computer.obj
 0001:00008240       _$E34                      10009240 f   Computer.obj
 0001:00008270       _$E38                      10009270 f   Computer.obj
 0001:00008280       _$E37                      10009280 f   Computer.obj
 0001:000082b0       _$E41                      100092b0 f   Computer.obj
 0001:000082c0       _$E40                      100092c0 f   Computer.obj
 0001:000082f0       _$E44                      100092f0 f   Computer.obj
 0001:00008300       _$E43                      10009300 f   Computer.obj
 0001:00008330       _$E47                      10009330 f   Computer.obj
 0001:00008340       _$E46                      10009340 f   Computer.obj
 0001:00008370       _$E52                      10009370 f   Computer.obj
 0001:00008380       _$E49                      10009380 f   Computer.obj
 0001:00008390       _$E51                      10009390 f   Computer.obj
 0001:000083a0       _$E50                      100093a0 f   Computer.obj
 0001:000083b0       _$E57                      100093b0 f   Computer.obj
 0001:000083c0       _$E54                      100093c0 f   Computer.obj
 0001:000083d0       _$E56                      100093d0 f   Computer.obj
 0001:000083e0       _$E55                      100093e0 f   Computer.obj
 0001:000088d0       ?SetFont2@@YAXPAVCDrawPort@@@Z 100098d0 f   Computer.obj
 0001:00008900       ?MouseOverColor@@YAKABV?$AABBox@J$01@@KKK@Z 10009900 f   Computer.obj
 0001:00008e20       ?SetFont1@@YAXPAVCDrawPort@@@Z 10009e20 f   Computer.obj
 0001:00008e50       ?GetMsgListBox@@YA?AV?$AABBox@J$01@@J@Z 10009e50 f   Computer.obj
 0001:00008ef0       ?GetMsgSliderSpace@@YA?AV?$AABBox@J$01@@XZ 10009ef0 f   Computer.obj
 0001:00008fc0       ?GetMsgSliderBox@@YA?AV?$AABBox@J$01@@XZ 10009fc0 f   Computer.obj
 0001:00009090       ?GetSliderBox@@YA?AV?$AABBox@J$01@@JJJV1@@Z 1000a090 f   Computer.obj
 0001:00009730       ?GetTextSliderSpace@@YA?AV?$AABBox@J$01@@XZ 1000a730 f   Computer.obj
 0001:00009810       ?GetTextSliderBox@@YA?AV?$AABBox@J$01@@XZ 1000a810 f   Computer.obj
 0001:00009eb0       ?SliderPixToIndex@@YAJJJJV?$AABBox@J$01@@@Z 1000aeb0 f   Computer.obj
 0001:0000a4a0       ?NextUnreadMessage@@YAXXZ  1000b4a0 f   Computer.obj
 0001:0000a4f0       ?FindGroupWithUnread@@YAHXZ 1000b4f0 f   Computer.obj
 0001:0000a540       ?ExitRequested@@YAXXZ      1000b540 f   Computer.obj
 0001:0000a670       ?ComputerOff@@YAXXZ        1000b670 f   Computer.obj
 0001:0000b040       ?UpdateFirstOnScreen@@YAXXZ 1000c040 f   Computer.obj
 0001:0000b0c0       ?UpdateType@@YAXH@Z        1000c0c0 f   Computer.obj
 0001:0000b200       ?UpdateMessageAppearing@@YAXXZ 1000c200 f   Computer.obj
 0001:0000b370       ?UpdateSize@@YAXPAVCDrawPort@@@Z 1000c370 f   Computer.obj
 0001:0000baf0       ?ComputerOn@@YAXXZ         1000caf0 f   Computer.obj
 0001:00001780       _$E17                      10002780 f   CompModels.obj
 0001:00001790       _$E14                      10002790 f   CompModels.obj
 0001:000017a0       _$E16                      100027a0 f   CompModels.obj
 0001:000017b0       _$E15                      100027b0 f   CompModels.obj
 0001:000017c0       _$E22                      100027c0 f   CompModels.obj
 0001:000017d0       _$E19                      100027d0 f   CompModels.obj
 0001:000017e0       _$E21                      100027e0 f   CompModels.obj
 0001:000017f0       _$E20                      100027f0 f   CompModels.obj
 0001:00001800       _$E25                      10002800 f   CompModels.obj
 0001:00001810       _$E24                      10002810 f   CompModels.obj
 0001:00001820       _$E28                      10002820 f   CompModels.obj
 0001:00001830       _$E27                      10002830 f   CompModels.obj
 0001:00001840       _$E31                      10002840 f   CompModels.obj
 0001:00001850       _$E30                      10002850 f   CompModels.obj
 0001:00001890       _$E36                      10002890 f   CompModels.obj
 0001:000018a0       _$E33                      100028a0 f   CompModels.obj
 0001:000018c0       _$E35                      100028c0 f   CompModels.obj
 0001:000018d0       _$E34                      100028d0 f   CompModels.obj
 0001:00000000       _$E17                      10001000 f   Camera.obj
 0001:00000010       _$E14                      10001010 f   Camera.obj
 0001:00000020       _$E16                      10001020 f   Camera.obj
 0001:00000030       _$E15                      10001030 f   Camera.obj
 0001:00000040       _$E20                      10001040 f   Camera.obj
 0001:00000050       _$E19                      10001050 f   Camera.obj
 0001:00000060       _$E23                      10001060 f   Camera.obj
 0001:00000070       _$E22                      10001070 f   Camera.obj
 0001:00000080       _$E26                      10001080 f   Camera.obj
 0001:00000090       _$E25                      10001090 f   Camera.obj
 0001:0001cb68       ?ArrayUnwindFilter@@YAHPAU_EXCEPTION_POINTERS@@@Z 1001db68 f   MSVCRT:ehvecdtr.obj
